09-20 13:06:44.463 17694 17753 W CurrentTemp: 3714.2048
09-20 13:06:44.464 17694 17753 W CCT_dump: [1.013831, 0.0, 0.0, 0.0, 0.9990491, 0.0, 0.0, 0.0, 0.98711985]
09-20 13:06:44.653 17694 17753 W pkr     : CaptureResult is present COLOR_CORRECTION_GAINS NEUTRAL.
09-20 13:06:44.654 17694 17753 W CurrentTemp: 3706.1997
09-20 13:06:44.654 17694 17753 W CCT_dump: [1.0140091, 0.0, 0.0, 0.0, 0.9991299, 0.0, 0.0, 0.0, 0.98686105]
09-20 13:06:44.655 17694 17753 W CurrentTemp: 3706.1997
09-20 13:06:44.656 17694 17753 W CCT_dump: [1.0140091, 0.0, 0.0, 0.0, 0.9991299, 0.0, 0.0, 0.0, 0.98686105]
09-20 13:06:44.657 17694 17753 W CurrentTemp: 3706.1997
09-20 13:06:44.657 17694 17753 W CCT_dump: [1.0140091, 0.0, 0.0, 0.0, 0.9991299, 0.0, 0.0, 0.0, 0.98686105]
09-20 13:06:44.658 17694 17753 W CurrentTemp: 3706.1997
09-20 13:06:44.658 17694 17753 W CCT_dump: [1.0140091, 0.0, 0.0, 0.0, 0.9991299, 0.0, 0.0, 0.0, 0.98686105]
09-20 13:06:44.851 17694 17753 W pkr     : CaptureResult is present COLOR_CORRECTION_GAINS NEUTRAL.
09-20 13:06:44.853 17694 17753 W CurrentTemp: 3721.8364
09-20 13:06:44.853 17694 17753 W CCT_dump: [1.0137447, 0.0, 0.0, 0.0, 0.999055, 0.0, 0.0, 0.0, 0.98720014]
09-20 13:06:44.854 17694 17753 W CurrentTemp: 3721.8364
09-20 13:06:44.854 17694 17753 W CCT_dump: [1.0137447, 0.0, 0.0, 0.0, 0.999055, 0.0, 0.0, 0.0, 0.98720014]
09-20 13:06:44.855 17694 17753 W CurrentTemp: 3721.8364
09-20 13:06:44.856 17694 17753 W CCT_dump: [1.0137447, 0.0, 0.0, 0.0, 0.999055, 0.0, 0.0, 0.0, 0.98720014]
09-20 13:06:44.857 17694 17753 W CurrentTemp: 3721.8364
09-20 13:06:44.857 17694 17753 W CCT_dump: [1.0137447, 0.0, 0.0, 0.0, 0.999055, 0.0, 0.0, 0.0, 0.98720014]
09-20 13:06:45.053 17694 17738 W pkr     : CaptureResult is present COLOR_CORRECTION_GAINS NEUTRAL.
09-20 13:06:45.055 17694 17738 W CurrentTemp: 3746.6792
09-20 13:06:45.055 17694 17738 W CCT_dump: [1.0133002, 0.0, 0.0, 0.0, 0.9991582, 0.0, 0.0, 0.0, 0.9875416]
09-20 13:06:45.057 17694 17738 W CurrentTemp: 3746.6792
09-20 13:06:45.057 17694 17738 W CCT_dump: [1.0133002, 0.0, 0.0, 0.0, 0.9991582, 0.0, 0.0, 0.0, 0.9875416]
09-20 13:06:45.059 17694 17738 W CurrentTemp: 3746.6792
09-20 13:06:45.060 17694 17738 W CCT_dump: [1.0133002, 0.0, 0.0, 0.0, 0.9991582, 0.0, 0.0, 0.0, 0.9875416]
09-20 13:06:45.061 17694 17738 W CurrentTemp: 3746.6792
09-20 13:06:45.061 17694 17738 W CCT_dump: [1.0133002, 0.0, 0.0, 0.0, 0.9991582, 0.0, 0.0, 0.0, 0.9875416]
09-20 13:06:45.250 17694 17738 W pkr     : CaptureResult is present COLOR_CORRECTION_GAINS NEUTRAL.
09-20 13:06:45.252 17694 17738 W CurrentTemp: 3737.5723
09-20 13:06:45.252 17694 17738 W CCT_dump: [1.0133995, 0.0, 0.0, 0.0, 0.9991519, 0.0, 0.0, 0.0, 0.9874486]
09-20 13:06:45.254 17694 17738 W CurrentTemp: 3737.5723
09-20 13:06:45.254 17694 17738 W CCT_dump: [1.0133995, 0.0, 0.0, 0.0, 0.9991519, 0.0, 0.0, 0.0, 0.9874486]
09-20 13:06:45.255 17694 17738 W CurrentTemp: 3737.5723
09-20 13:06:45.255 17694 17738 W CCT_dump: [1.0133995, 0.0, 0.0, 0.0, 0.9991519, 0.0, 0.0, 0.0, 0.9874486]
09-20 13:06:45.256 17694 17738 W CurrentTemp: 3737.5723
09-20 13:06:45.257 17694 17738 W CCT_dump: [1.0133995, 0.0, 0.0, 0.0, 0.9991519, 0.0, 0.0, 0.0, 0.9874486]
09-20 13:06:45.449 17694 17753 W pkr     : CaptureResult is present COLOR_CORRECTION_GAINS NEUTRAL.
09-20 13:06:45.450 17694 17753 W CurrentTemp: 3755.811
09-20 13:06:45.451 17694 17753 W CCT_dump: [1.0131179, 0.0, 0.0, 0.0, 0.99908096, 0.0, 0.0, 0.0, 0.9878012]
09-20 13:06:45.452 17694 17753 W CurrentTemp: 3755.811
09-20 13:06:45.452 17694 17753 W CCT_dump: [1.0131179, 0.0, 0.0, 0.0, 0.99908096, 0.0, 0.0, 0.0, 0.9878012]
09-20 13:06:45.453 17694 17753 W CurrentTemp: 3755.811
09-20 13:06:45.453 17694 17753 W CCT_dump: [1.0131179, 0.0, 0.0, 0.0, 0.99908096, 0.0, 0.0, 0.0, 0.9878012]
09-20 13:06:45.454 17694 17753 W CurrentTemp: 3755.811
09-20 13:06:45.454 17694 17753 W CCT_dump: [1.0131179, 0.0, 0.0, 0.0, 0.99908096, 0.0, 0.0, 0.0, 0.9878012]
09-20 13:06:45.648 17694 17738 W pkr     : CaptureResult is present COLOR_CORRECTION_GAINS NEUTRAL.
09-20 13:06:45.651 17694 17738 W CurrentTemp: 3751.9634
09-20 13:06:45.651 17694 17738 W CCT_dump: [1.0131592, 0.0, 0.0, 0.0, 0.999078, 0.0, 0.0, 0.0, 0.98776275]
09-20 13:06:45.652 17694 17738 W CurrentTemp: 3751.9634
09-20 13:06:45.652 17694 17738 W CCT_dump: [1.0131592, 0.0, 0.0, 0.0, 0.999078, 0.0, 0.0, 0.0, 0.98776275]
09-20 13:06:45.653 17694 17738 W CurrentTemp: 3751.9634
09-20 13:06:45.653 17694 17738 W CCT_dump: [1.0131592, 0.0, 0.0, 0.0, 0.999078, 0.0, 0.0, 0.0, 0.98776275]
09-20 13:06:45.654 17694 17738 W CurrentTemp: 3751.9634
09-20 13:06:45.655 17694 17738 W CCT_dump: [1.0131592, 0.0, 0.0, 0.0, 0.999078, 0.0, 0.0, 0.0, 0.98776275]
09-20 13:06:45.850 17694 17738 W pkr     : CaptureResult is present COLOR_CORRECTION_GAINS NEUTRAL.
09-20 13:06:45.852 17694 17738 W CurrentTemp: 3751.9634
09-20 13:06:45.852 17694 17738 W CCT_dump: [1.0131592, 0.0, 0.0, 0.0, 0.999078, 0.0, 0.0, 0.0, 0.98776275]
09-20 13:06:45.854 17694 17738 W CurrentTemp: 3751.9634
09-20 13:06:45.854 17694 17738 W CCT_dump: [1.0131592, 0.0, 0.0, 0.0, 0.999078, 0.0, 0.0, 0.0, 0.98776275]
09-20 13:06:45.855 17694 17738 W CurrentTemp: 3751.9634
09-20 13:06:45.855 17694 17738 W CCT_dump: [1.0131592, 0.0, 0.0, 0.0, 0.999078, 0.0, 0.0, 0.0, 0.98776275]
09-20 13:06:45.857 17694 17738 W CurrentTemp: 3751.9634
09-20 13:06:45.857 17694 17738 W CCT_dump: [1.0131592, 0.0, 0.0, 0.0, 0.999078, 0.0, 0.0, 0.0, 0.98776275]
09-20 13:06:46.044 17694 17738 W pkr     : CaptureResult is present COLOR_CORRECTION_GAINS NEUTRAL.
09-20 13:06:46.045 17694 17738 W CurrentTemp: 3770.2832
09-20 13:06:46.046 17694 17738 W CCT_dump: [1.0128816, 0.0, 0.0, 0.0, 0.99900913, 0.0, 0.0, 0.0, 0.98810923]
09-20 13:06:46.047 17694 17738 W CurrentTemp: 3770.2832
09-20 13:06:46.048 17694 17738 W CCT_dump: [1.0128816, 0.0, 0.0, 0.0, 0.99900913, 0.0, 0.0, 0.0, 0.98810923]
09-20 13:06:46.049 17694 17738 W CurrentTemp: 3770.2832
09-20 13:06:46.049 17694 17738 W CCT_dump: [1.0128816, 0.0, 0.0, 0.0, 0.99900913, 0.0, 0.0, 0.0, 0.98810923]
09-20 13:06:46.050 17694 17738 W CurrentTemp: 3770.2832
09-20 13:06:46.050 17694 17738 W CCT_dump: [1.0128816, 0.0, 0.0, 0.0, 0.99900913, 0.0, 0.0, 0.0, 0.98810923]
09-20 13:06:46.251 17694 17738 W pkr     : CaptureResult is present COLOR_CORRECTION_GAINS NEUTRAL.
09-20 13:06:46.252 17694 17738 W CurrentTemp: 3783.3503
09-20 13:06:46.252 17694 17738 W CCT_dump: [1.0126638, 0.0, 0.0, 0.0, 0.99918294, 0.0, 0.0, 0.0, 0.98815316]
09-20 13:06:46.254 17694 17738 W CurrentTemp: 3783.3503
09-20 13:06:46.254 17694 17738 W CCT_dump: [1.0126638, 0.0, 0.0, 0.0, 0.99918294, 0.0, 0.0, 0.0, 0.98815316]
09-20 13:06:46.255 17694 17738 W CurrentTemp: 3783.3503
09-20 13:06:46.257 17694 17738 W CCT_dump: [1.0126638, 0.0, 0.0, 0.0, 0.99918294, 0.0, 0.0, 0.0, 0.98815316]
09-20 13:06:46.258 17694 17738 W CurrentTemp: 3783.3503
09-20 13:06:46.258 17694 17738 W CCT_dump: [1.0126638, 0.0, 0.0, 0.0, 0.99918294, 0.0, 0.0, 0.0, 0.98815316]
09-20 13:06:46.456 17694 17753 W pkr     : CaptureResult is present COLOR_CORRECTION_GAINS NEUTRAL.
09-20 13:06:46.465 17694 17753 W CurrentTemp: 3849.16
09-20 13:06:46.466 17694 17753 W CCT_dump: [1.0116973, 0.0, 0.0, 0.0, 0.99914783, 0.0, 0.0, 0.0, 0.9891548]
09-20 13:06:46.469 17694 17753 W CurrentTemp: 3849.16
09-20 13:06:46.469 17694 17753 W CCT_dump: [1.0116973, 0.0, 0.0, 0.0, 0.99914783, 0.0, 0.0, 0.0, 0.9891548]
09-20 13:06:46.472 17694 17753 W CurrentTemp: 3849.16
09-20 13:06:46.472 17694 17753 W CCT_dump: [1.0116973, 0.0, 0.0, 0.0, 0.99914783, 0.0, 0.0, 0.0, 0.9891548]
09-20 13:06:46.473 17694 17753 W CurrentTemp: 3849.16
09-20 13:06:46.473 17694 17753 W CCT_dump: [1.0116973, 0.0, 0.0, 0.0, 0.99914783, 0.0, 0.0, 0.0, 0.9891548]
09-20 13:06:46.491 17694 17700 I eCameraEngR18F1: Background concurrent copying GC freed 44MB AllocSpace bytes, 18(496KB) LOS objects, 49% free, 22MB/45MB, paused 89us,29us total 155.401ms
09-20 13:06:46.650 17694 17753 W pkr     : CaptureResult is present COLOR_CORRECTION_GAINS NEUTRAL.
09-20 13:06:46.651 17694 17753 W CurrentTemp: 3819.531
09-20 13:06:46.651 17694 17753 W CCT_dump: [1.0120598, 0.0, 0.0, 0.0, 0.9992066, 0.0, 0.0, 0.0, 0.9887336]
09-20 13:06:46.652 17694 17753 W CurrentTemp: 3819.531
09-20 13:06:46.653 17694 17753 W CCT_dump: [1.0120598, 0.0, 0.0, 0.0, 0.9992066, 0.0, 0.0, 0.0, 0.9887336]
09-20 13:06:46.654 17694 17753 W CurrentTemp: 3819.531
09-20 13:06:46.654 17694 17753 W CCT_dump: [1.0120598, 0.0, 0.0, 0.0, 0.9992066, 0.0, 0.0, 0.0, 0.9887336]
09-20 13:06:46.655 17694 17753 W CurrentTemp: 3819.531
09-20 13:06:46.656 17694 17753 W CCT_dump: [1.0120598, 0.0, 0.0, 0.0, 0.9992066, 0.0, 0.0, 0.0, 0.9887336]
09-20 13:06:46.843 17694 17753 W pkr     : CaptureResult is present COLOR_CORRECTION_GAINS NEUTRAL.
09-20 13:06:46.844 17694 17753 W CurrentTemp: 3748.6077
09-20 13:06:46.845 17694 17753 W CCT_dump: [1.0132793, 0.0, 0.0, 0.0, 0.9991595, 0.0, 0.0, 0.0, 0.98756117]
09-20 13:06:46.846 17694 17753 W CurrentTemp: 3748.6077
09-20 13:06:46.846 17694 17753 W CCT_dump: [1.0132793, 0.0, 0.0, 0.0, 0.9991595, 0.0, 0.0, 0.0, 0.98756117]
09-20 13:06:46.847 17694 17753 W CurrentTemp: 3748.6077
09-20 13:06:46.848 17694 17753 W CCT_dump: [1.0132793, 0.0, 0.0, 0.0, 0.9991595, 0.0, 0.0, 0.0, 0.98756117]
09-20 13:06:46.849 17694 17753 W CurrentTemp: 3748.6077
09-20 13:06:46.849 17694 17753 W CCT_dump: [1.0132793, 0.0, 0.0, 0.0, 0.9991595, 0.0, 0.0, 0.0, 0.98756117]
09-20 13:06:47.040 17694 17753 W pkr     : CaptureResult is present COLOR_CORRECTION_GAINS NEUTRAL.
09-20 13:06:47.044 17694 17753 W CurrentTemp: 3796.7805
09-20 13:06:47.044 17694 17753 W CCT_dump: [1.0124458, 0.0, 0.0, 0.0, 0.99911106, 0.0, 0.0, 0.0, 0.98844326]
09-20 13:06:47.045 17694 17753 W CurrentTemp: 3796.7805
09-20 13:06:47.046 17694 17753 W CCT_dump: [1.0124458, 0.0, 0.0, 0.0, 0.99911106, 0.0, 0.0, 0.0, 0.98844326]
09-20 13:06:47.047 17694 17753 W CurrentTemp: 3796.7805
09-20 13:06:47.047 17694 17753 W CCT_dump: [1.0124458, 0.0, 0.0, 0.0, 0.99911106, 0.0, 0.0, 0.0, 0.98844326]
09-20 13:06:47.048 17694 17753 W CurrentTemp: 3796.7805
09-20 13:06:47.049 17694 17753 W CCT_dump: [1.0124458, 0.0, 0.0, 0.0, 0.99911106, 0.0, 0.0, 0.0, 0.98844326]
09-20 13:06:47.239 17694 17753 W pkr     : CaptureResult is present COLOR_CORRECTION_GAINS NEUTRAL.
09-20 13:06:47.241 17694 17753 W CurrentTemp: 3791.438
09-20 13:06:47.241 17694 17753 W CCT_dump: [1.0124998, 0.0, 0.0, 0.0, 0.9991072, 0.0, 0.0, 0.0, 0.98839307]
09-20 13:06:47.242 17694 17753 W CurrentTemp: 3791.438
09-20 13:06:47.242 17694 17753 W CCT_dump: [1.0124998, 0.0, 0.0, 0.0, 0.9991072, 0.0, 0.0, 0.0, 0.98839307]
09-20 13:06:47.243 17694 17753 W CurrentTemp: 3791.438
09-20 13:06:47.243 17694 17753 W CCT_dump: [1.0124998, 0.0, 0.0, 0.0, 0.9991072, 0.0, 0.0, 0.0, 0.98839307]
09-20 13:06:47.244 17694 17753 W CurrentTemp: 3791.438
09-20 13:06:47.245 17694 17753 W CCT_dump: [1.0124998, 0.0, 0.0, 0.0, 0.9991072, 0.0, 0.0, 0.0, 0.98839307]
09-20 13:06:47.437 17694 17753 W pkr     : CaptureResult is present COLOR_CORRECTION_GAINS NEUTRAL.
09-20 13:06:47.440 17694 17753 W CurrentTemp: 3751.0034
09-20 13:06:47.440 17694 17753 W CCT_dump: [1.0131694, 0.0, 0.0, 0.0, 0.9990773, 0.0, 0.0, 0.0, 0.9877533]
09-20 13:06:47.441 17694 17753 W CurrentTemp: 3751.0034
09-20 13:06:47.442 17694 17753 W CCT_dump: [1.0131694, 0.0, 0.0, 0.0, 0.9990773, 0.0, 0.0, 0.0, 0.9877533]
09-20 13:06:47.443 17694 17753 W CurrentTemp: 3751.0034
09-20 13:06:47.443 17694 17753 W CCT_dump: [1.0131694, 0.0, 0.0, 0.0, 0.9990773, 0.0, 0.0, 0.0, 0.9877533]
09-20 13:06:47.444 17694 17753 W CurrentTemp: 3751.0034
09-20 13:06:47.444 17694 17753 W CCT_dump: [1.0131694, 0.0, 0.0, 0.0, 0.9990773, 0.0, 0.0, 0.0, 0.9877533]
09-20 13:06:47.638 17694 17753 W pkr     : CaptureResult is present COLOR_CORRECTION_GAINS NEUTRAL.
09-20 13:06:47.640 17694 17753 W CurrentTemp: 3735.7
09-20 13:06:47.640 17694 17753 W CCT_dump: [1.01342, 0.0, 0.0, 0.0, 0.9991506, 0.0, 0.0, 0.0, 0.9874294]
09-20 13:06:47.642 17694 17753 W CurrentTemp: 3735.7
09-20 13:06:47.642 17694 17753 W CCT_dump: [1.01342, 0.0, 0.0, 0.0, 0.9991506, 0.0, 0.0, 0.0, 0.9874294]
09-20 13:06:47.643 17694 17753 W CurrentTemp: 3735.7
09-20 13:06:47.643 17694 17753 W CCT_dump: [1.01342, 0.0, 0.0, 0.0, 0.9991506, 0.0, 0.0, 0.0, 0.9874294]
09-20 13:06:47.645 17694 17753 W CurrentTemp: 3735.7
09-20 13:06:47.645 17694 17753 W CCT_dump: [1.01342, 0.0, 0.0, 0.0, 0.9991506, 0.0, 0.0, 0.0, 0.9874294]
09-20 13:06:47.843 17694 17753 W pkr     : CaptureResult is present COLOR_CORRECTION_GAINS NEUTRAL.
09-20 13:06:47.845 17694 17753 W CurrentTemp: 3715.2087
09-20 13:06:47.846 17694 17753 W CCT_dump: [1.0138196, 0.0, 0.0, 0.0, 0.9990499, 0.0, 0.0, 0.0, 0.9871305]
09-20 13:06:47.848 17694 17753 W CurrentTemp: 3715.2087
09-20 13:06:47.848 17694 17753 W CCT_dump: [1.0138196, 0.0, 0.0, 0.0, 0.9990499, 0.0, 0.0, 0.0, 0.9871305]
09-20 13:06:47.849 17694 17753 W CurrentTemp: 3715.2087
09-20 13:06:47.849 17694 17753 W CCT_dump: [1.0138196, 0.0, 0.0, 0.0, 0.9990499, 0.0, 0.0, 0.0, 0.9871305]
09-20 13:06:47.850 17694 17753 W CurrentTemp: 3715.2087
09-20 13:06:47.851 17694 17753 W CCT_dump: [1.0138196, 0.0, 0.0, 0.0, 0.9990499, 0.0, 0.0, 0.0, 0.9871305]
09-20 13:06:48.051 17694 17738 W pkr     : CaptureResult is present COLOR_CORRECTION_GAINS NEUTRAL.
09-20 13:06:48.057 17694 17738 W CurrentTemp: 3742.3777
09-20 13:06:48.058 17694 17738 W CCT_dump: [1.0133469, 0.0, 0.0, 0.0, 0.9991552, 0.0, 0.0, 0.0, 0.98749775]
09-20 13:06:48.065 17694 17738 W CurrentTemp: 3742.3777
09-20 13:06:48.066 17694 17738 W CCT_dump: [1.0133469, 0.0, 0.0, 0.0, 0.9991552, 0.0, 0.0, 0.0, 0.98749775]
09-20 13:06:48.069 17694 17738 W CurrentTemp: 3742.3777
09-20 13:06:48.069 17694 17738 W CCT_dump: [1.0133469, 0.0, 0.0, 0.0, 0.9991552, 0.0, 0.0, 0.0, 0.98749775]
09-20 13:06:48.071 17694 17738 W CurrentTemp: 3742.3777
09-20 13:06:48.071 17694 17738 W CCT_dump: [1.0133469, 0.0, 0.0, 0.0, 0.9991552, 0.0, 0.0, 0.0, 0.98749775]
09-20 13:06:48.243 17694 17753 W pkr     : CaptureResult is present COLOR_CORRECTION_GAINS NEUTRAL.
09-20 13:06:48.245 17694 17753 W CurrentTemp: 3731.8787
09-20 13:06:48.246 17694 17753 W CCT_dump: [1.0135471, 0.0, 0.0, 0.0, 0.99897754, 0.0, 0.0, 0.0, 0.9874753]
09-20 13:06:48.248 17694 17753 W CurrentTemp: 3731.8787
09-20 13:06:48.249 17694 17753 W CCT_dump: [1.0135471, 0.0, 0.0, 0.0, 0.99897754, 0.0, 0.0, 0.0, 0.9874753]
09-20 13:06:48.252 17694 17753 W CurrentTemp: 3731.8787
09-20 13:06:48.252 17694 17753 W CCT_dump: [1.0135471, 0.0, 0.0, 0.0, 0.99897754, 0.0, 0.0, 0.0, 0.9874753]
09-20 13:06:48.255 17694 17753 W CurrentTemp: 3731.8787
09-20 13:06:48.255 17694 17753 W CCT_dump: [1.0135471, 0.0, 0.0, 0.0, 0.99897754, 0.0, 0.0, 0.0, 0.9874753]
09-20 13:06:48.443 17694 17753 W pkr     : CaptureResult is present COLOR_CORRECTION_GAINS NEUTRAL.
09-20 13:06:48.446 17694 17753 W CurrentTemp: 3728.4888
09-20 13:06:48.447 17694 17753 W CCT_dump: [1.0136702, 0.0, 0.0, 0.0, 0.9990602, 0.0, 0.0, 0.0, 0.98726964]
09-20 13:06:48.454 17694 17753 W CurrentTemp: 3728.4888
09-20 13:06:48.455 17694 17753 W CCT_dump: [1.0136702, 0.0, 0.0, 0.0, 0.9990602, 0.0, 0.0, 0.0, 0.98726964]
09-20 13:06:48.460 17694 17753 W CurrentTemp: 3728.4888
09-20 13:06:48.461 17694 17753 W CCT_dump: [1.0136702, 0.0, 0.0, 0.0, 0.9990602, 0.0, 0.0, 0.0, 0.98726964]
09-20 13:06:48.465 17694 17753 W CurrentTemp: 3728.4888
09-20 13:06:48.466 17694 17753 W CCT_dump: [1.0136702, 0.0, 0.0, 0.0, 0.9990602, 0.0, 0.0, 0.0, 0.98726964]
09-20 13:06:48.635 17694 17753 W pkr     : CaptureResult is present COLOR_CORRECTION_GAINS NEUTRAL.
09-20 13:06:48.637 17694 17753 W CurrentTemp: 3737.5723
09-20 13:06:48.638 17694 17753 W CCT_dump: [1.0133995, 0.0, 0.0, 0.0, 0.9991519, 0.0, 0.0, 0.0, 0.9874486]
09-20 13:06:48.640 17694 17753 W CurrentTemp: 3737.5723
09-20 13:06:48.641 17694 17753 W CCT_dump: [1.0133995, 0.0, 0.0, 0.0, 0.9991519, 0.0, 0.0, 0.0, 0.9874486]
09-20 13:06:48.643 17694 17753 W CurrentTemp: 3737.5723
09-20 13:06:48.643 17694 17753 W CCT_dump: [1.0133995, 0.0, 0.0, 0.0, 0.9991519, 0.0, 0.0, 0.0, 0.9874486]
09-20 13:06:48.645 17694 17753 W CurrentTemp: 3737.5723
09-20 13:06:48.646 17694 17753 W CCT_dump: [1.0133995, 0.0, 0.0, 0.0, 0.9991519, 0.0, 0.0, 0.0, 0.9874486]
09-20 13:06:48.840 17694 17753 W pkr     : CaptureResult is present COLOR_CORRECTION_GAINS NEUTRAL.
09-20 13:06:48.843 17694 17753 W CurrentTemp: 3823.437
09-20 13:06:48.843 17694 17753 W CCT_dump: [1.0120219, 0.0, 0.0, 0.0, 0.9992091, 0.0, 0.0, 0.0, 0.9887691]
09-20 13:06:48.846 17694 17753 W CurrentTemp: 3823.437
09-20 13:06:48.846 17694 17753 W CCT_dump: [1.0120219, 0.0, 0.0, 0.0, 0.9992091, 0.0, 0.0, 0.0, 0.9887691]
09-20 13:06:48.848 17694 17753 W CurrentTemp: 3823.437
09-20 13:06:48.851 17694 17753 W CCT_dump: [1.0120219, 0.0, 0.0, 0.0, 0.9992091, 0.0, 0.0, 0.0, 0.9887691]
09-20 13:06:48.853 17694 17753 W CurrentTemp: 3823.437
09-20 13:06:48.854 17694 17753 W CCT_dump: [1.0120219, 0.0, 0.0, 0.0, 0.9992091, 0.0, 0.0, 0.0, 0.9887691]
09-20 13:06:49.038 17694 17753 W pkr     : CaptureResult is present COLOR_CORRECTION_GAINS NEUTRAL.
09-20 13:06:49.042 17694 17753 W CurrentTemp: 3851.546
09-20 13:06:49.043 17694 17753 W CCT_dump: [1.0115203, 0.0, 0.0, 0.0, 0.9992268, 0.0, 0.0, 0.0, 0.989253]
09-20 13:06:49.046 17694 17753 W CurrentTemp: 3851.546
09-20 13:06:49.046 17694 17753 W CCT_dump: [1.0115203, 0.0, 0.0, 0.0, 0.9992268, 0.0, 0.0, 0.0, 0.989253]
09-20 13:06:49.049 17694 17753 W CurrentTemp: 3851.546
09-20 13:06:49.051 17694 17753 W CCT_dump: [1.0115203, 0.0, 0.0, 0.0, 0.9992268, 0.0, 0.0, 0.0, 0.989253]
09-20 13:06:49.056 17694 17753 W CurrentTemp: 3851.546
09-20 13:06:49.057 17694 17753 W CCT_dump: [1.0115203, 0.0, 0.0, 0.0, 0.9992268, 0.0, 0.0, 0.0, 0.989253]
09-20 13:06:49.241 17694 17738 W pkr     : CaptureResult is present COLOR_CORRECTION_GAINS NEUTRAL.
09-20 13:06:49.243 17694 17738 W CurrentTemp: 3837.5542
09-20 13:06:49.243 17694 17738 W CCT_dump: [1.0118073, 0.0, 0.0, 0.0, 0.99913985, 0.0, 0.0, 0.0, 0.9890528]
09-20 13:06:49.245 17694 17738 W CurrentTemp: 3837.5542
09-20 13:06:49.245 17694 17738 W CCT_dump: [1.0118073, 0.0, 0.0, 0.0, 0.99913985, 0.0, 0.0, 0.0, 0.9890528]
09-20 13:06:49.247 17694 17738 W CurrentTemp: 3837.5542
09-20 13:06:49.247 17694 17738 W CCT_dump: [1.0118073, 0.0, 0.0, 0.0, 0.99913985, 0.0, 0.0, 0.0, 0.9890528]
09-20 13:06:49.249 17694 17738 W CurrentTemp: 3837.5542
09-20 13:06:49.249 17694 17738 W CCT_dump: [1.0118073, 0.0, 0.0, 0.0, 0.99913985, 0.0, 0.0, 0.0, 0.9890528]
09-20 13:06:49.440 17694 17753 W pkr     : CaptureResult is present COLOR_CORRECTION_GAINS NEUTRAL.
09-20 13:06:49.443 17694 17753 W CurrentTemp: 3826.6956
09-20 13:06:49.444 17694 17753 W CCT_dump: [1.0119902, 0.0, 0.0, 0.0, 0.99921125, 0.0, 0.0, 0.0, 0.9887987]
09-20 13:06:49.448 17694 17753 W CurrentTemp: 3826.6956
09-20 13:06:49.449 17694 17753 W CCT_dump: [1.0119902, 0.0, 0.0, 0.0, 0.99921125, 0.0, 0.0, 0.0, 0.9887987]
09-20 13:06:49.453 17694 17753 W CurrentTemp: 3826.6956
09-20 13:06:49.454 17694 17753 W CCT_dump: [1.0119902, 0.0, 0.0, 0.0, 0.99921125, 0.0, 0.0, 0.0, 0.9887987]
09-20 13:06:49.460 17694 17753 W CurrentTemp: 3826.6956
09-20 13:06:49.462 17694 17753 W CCT_dump: [1.0119902, 0.0, 0.0, 0.0, 0.99921125, 0.0, 0.0, 0.0, 0.9887987]
09-20 13:06:49.637 17694 17753 W pkr     : CaptureResult is present COLOR_CORRECTION_GAINS NEUTRAL.
09-20 13:06:49.639 17694 17753 W CurrentTemp: 3857.141
09-20 13:06:49.639 17694 17753 W CCT_dump: [1.0114684, 0.0, 0.0, 0.0, 0.9992303, 0.0, 0.0, 0.0, 0.98930126]
09-20 13:06:49.641 17694 17753 W CurrentTemp: 3857.141
09-20 13:06:49.642 17694 17753 W CCT_dump: [1.0114684, 0.0, 0.0, 0.0, 0.9992303, 0.0, 0.0, 0.0, 0.98930126]
09-20 13:06:49.644 17694 17753 W CurrentTemp: 3857.141
09-20 13:06:49.645 17694 17753 W CCT_dump: [1.0114684, 0.0, 0.0, 0.0, 0.9992303, 0.0, 0.0, 0.0, 0.98930126]
09-20 13:06:49.647 17694 17753 W CurrentTemp: 3857.141
09-20 13:06:49.648 17694 17753 W CCT_dump: [1.0114684, 0.0, 0.0, 0.0, 0.9992303, 0.0, 0.0, 0.0, 0.98930126]
09-20 13:06:49.839 17694 17738 W pkr     : CaptureResult is present COLOR_CORRECTION_GAINS NEUTRAL.
09-20 13:06:49.841 17694 17738 W CurrentTemp: 3861.8867
09-20 13:06:49.842 17694 17738 W CCT_dump: [1.0114247, 0.0, 0.0, 0.0, 0.9992333, 0.0, 0.0, 0.0, 0.9893421]
09-20 13:06:49.844 17694 17738 W CurrentTemp: 3861.8867
09-20 13:06:49.845 17694 17738 W CCT_dump: [1.0114247, 0.0, 0.0, 0.0, 0.9992333, 0.0, 0.0, 0.0, 0.9893421]
09-20 13:06:49.849 17694 17738 W CurrentTemp: 3861.8867
09-20 13:06:49.850 17694 17738 W CCT_dump: [1.0114247, 0.0, 0.0, 0.0, 0.9992333, 0.0, 0.0, 0.0, 0.9893421]
09-20 13:06:49.855 17694 17738 W CurrentTemp: 3861.8867
09-20 13:06:49.856 17694 17738 W CCT_dump: [1.0114247, 0.0, 0.0, 0.0, 0.9992333, 0.0, 0.0, 0.0, 0.9893421]
09-20 13:06:50.045 17694 17753 W pkr     : CaptureResult is present COLOR_CORRECTION_GAINS NEUTRAL.
09-20 13:06:50.051 17694 17753 W CurrentTemp: 3843.163
09-20 13:06:50.052 17694 17753 W CCT_dump: [1.0117539, 0.0, 0.0, 0.0, 0.9991437, 0.0, 0.0, 0.0, 0.98910224]
09-20 13:06:50.055 17694 17753 W CurrentTemp: 3843.163
09-20 13:06:50.056 17694 17753 W CCT_dump: [1.0117539, 0.0, 0.0, 0.0, 0.9991437, 0.0, 0.0, 0.0, 0.98910224]
09-20 13:06:50.059 17694 17753 W CurrentTemp: 3843.163
09-20 13:06:50.061 17694 17753 W CCT_dump: [1.0117539, 0.0, 0.0, 0.0, 0.9991437, 0.0, 0.0, 0.0, 0.98910224]
09-20 13:06:50.068 17694 17753 W CurrentTemp: 3843.163
09-20 13:06:50.069 17694 17753 W CCT_dump: [1.0117539, 0.0, 0.0, 0.0, 0.9991437, 0.0, 0.0, 0.0, 0.98910224]
09-20 13:06:50.236 17694 17738 W pkr     : CaptureResult is present COLOR_CORRECTION_GAINS NEUTRAL.
09-20 13:06:50.239 17694 17738 W CurrentTemp: 3843.163
09-20 13:06:50.239 17694 17738 W CCT_dump: [1.0117539, 0.0, 0.0, 0.0, 0.9991437, 0.0, 0.0, 0.0, 0.98910224]
09-20 13:06:50.243 17694 17738 W CurrentTemp: 3843.163
09-20 13:06:50.244 17694 17738 W CCT_dump: [1.0117539, 0.0, 0.0, 0.0, 0.9991437, 0.0, 0.0, 0.0, 0.98910224]
09-20 13:06:50.252 17694 17738 W CurrentTemp: 3843.163
09-20 13:06:50.253 17694 17738 W CCT_dump: [1.0117539, 0.0, 0.0, 0.0, 0.9991437, 0.0, 0.0, 0.0, 0.98910224]
09-20 13:06:50.257 17694 17738 W CurrentTemp: 3843.163
09-20 13:06:50.258 17694 17738 W CCT_dump: [1.0117539, 0.0, 0.0, 0.0, 0.9991437, 0.0, 0.0, 0.0, 0.98910224]
09-20 13:06:50.439 17694 17753 W pkr     : CaptureResult is present COLOR_CORRECTION_GAINS NEUTRAL.
09-20 13:06:50.450 17694 17753 W CurrentTemp: 3841.6343
09-20 13:06:50.450 17694 17753 W CCT_dump: [1.0117685, 0.0, 0.0, 0.0, 0.9991427, 0.0, 0.0, 0.0, 0.98908883]
09-20 13:06:50.453 17694 17753 W CurrentTemp: 3841.6343
09-20 13:06:50.453 17694 17753 W CCT_dump: [1.0117685, 0.0, 0.0, 0.0, 0.9991427, 0.0, 0.0, 0.0, 0.98908883]
09-20 13:06:50.459 17694 17753 W CurrentTemp: 3841.6343
09-20 13:06:50.460 17694 17753 W CCT_dump: [1.0117685, 0.0, 0.0, 0.0, 0.9991427, 0.0, 0.0, 0.0, 0.98908883]
09-20 13:06:50.462 17694 17753 W CurrentTemp: 3841.6343
09-20 13:06:50.463 17694 17753 W CCT_dump: [1.0117685, 0.0, 0.0, 0.0, 0.9991427, 0.0, 0.0, 0.0, 0.98908883]
09-20 13:06:50.637 17694 17738 W pkr     : CaptureResult is present COLOR_CORRECTION_GAINS NEUTRAL.
09-20 13:06:50.640 17694 17738 W CurrentTemp: 3849.4395
09-20 13:06:50.644 17694 17738 W CCT_dump: [1.0116947, 0.0, 0.0, 0.0, 0.9991481, 0.0, 0.0, 0.0, 0.98915726]
09-20 13:06:50.650 17694 17738 W CurrentTemp: 3849.4395
09-20 13:06:50.651 17694 17738 W CCT_dump: [1.0116947, 0.0, 0.0, 0.0, 0.9991481, 0.0, 0.0, 0.0, 0.98915726]
09-20 13:06:50.657 17694 17738 W CurrentTemp: 3849.4395
09-20 13:06:50.658 17694 17738 W CCT_dump: [1.0116947, 0.0, 0.0, 0.0, 0.9991481, 0.0, 0.0, 0.0, 0.98915726]
09-20 13:06:50.659 17694 17738 W CurrentTemp: 3849.4395
09-20 13:06:50.660 17694 17738 W CCT_dump: [1.0116947, 0.0, 0.0, 0.0, 0.9991481, 0.0, 0.0, 0.0, 0.98915726]
09-20 13:06:50.835 17694 17753 W pkr     : CaptureResult is present COLOR_CORRECTION_GAINS NEUTRAL.
09-20 13:06:50.838 17694 17753 W CurrentTemp: 3840.9558
09-20 13:06:50.840 17694 17753 W CCT_dump: [1.0117749, 0.0, 0.0, 0.0, 0.9991422, 0.0, 0.0, 0.0, 0.9890828]
09-20 13:06:50.843 17694 17753 W CurrentTemp: 3840.9558
09-20 13:06:50.844 17694 17753 W CCT_dump: [1.0117749, 0.0, 0.0, 0.0, 0.9991422, 0.0, 0.0, 0.0, 0.9890828]
09-20 13:06:50.845 17694 17753 W CurrentTemp: 3840.9558
09-20 13:06:50.846 17694 17753 W CCT_dump: [1.0117749, 0.0, 0.0, 0.0, 0.9991422, 0.0, 0.0, 0.0, 0.9890828]
09-20 13:06:50.849 17694 17753 W CurrentTemp: 3840.9558
09-20 13:06:50.850 17694 17753 W CCT_dump: [1.0117749, 0.0, 0.0, 0.0, 0.9991422, 0.0, 0.0, 0.0, 0.9890828]
09-20 13:06:51.044 17694 17753 W pkr     : CaptureResult is present COLOR_CORRECTION_GAINS NEUTRAL.
09-20 13:06:51.052 17694 17753 W CurrentTemp: 3865.8882
09-20 13:06:51.055 17694 17753 W CCT_dump: [1.011388, 0.0, 0.0, 0.0, 0.99923575, 0.0, 0.0, 0.0, 0.98937637]
09-20 13:06:51.058 17694 17753 W CurrentTemp: 3865.8882
09-20 13:06:51.059 17694 17753 W CCT_dump: [1.011388, 0.0, 0.0, 0.0, 0.99923575, 0.0, 0.0, 0.0, 0.98937637]
09-20 13:06:51.062 17694 17753 W CurrentTemp: 3865.8882
09-20 13:06:51.063 17694 17753 W CCT_dump: [1.011388, 0.0, 0.0, 0.0, 0.99923575, 0.0, 0.0, 0.0, 0.98937637]
09-20 13:06:51.064 17694 17753 W CurrentTemp: 3865.8882
09-20 13:06:51.065 17694 17753 W CCT_dump: [1.011388, 0.0, 0.0, 0.0, 0.99923575, 0.0, 0.0, 0.0, 0.98937637]
09-20 13:06:51.232 17694 17738 W pkr     : CaptureResult is present COLOR_CORRECTION_GAINS NEUTRAL.
09-20 13:06:51.236 17694 17738 W CurrentTemp: 3847.9067
09-20 13:06:51.236 17694 17738 W CCT_dump: [1.0117091, 0.0, 0.0, 0.0, 0.99914706, 0.0, 0.0, 0.0, 0.98914385]
09-20 13:06:51.241 17694 17738 W CurrentTemp: 3847.9067
09-20 13:06:51.244 17694 17738 W CCT_dump: [1.0117091, 0.0, 0.0, 0.0, 0.99914706, 0.0, 0.0, 0.0, 0.98914385]
09-20 13:06:51.247 17694 17738 W CurrentTemp: 3847.9067
09-20 13:06:51.248 17694 17738 W CCT_dump: [1.0117091, 0.0, 0.0, 0.0, 0.99914706, 0.0, 0.0, 0.0, 0.98914385]
09-20 13:06:51.251 17694 17738 W CurrentTemp: 3847.9067
09-20 13:06:51.252 17694 17738 W CCT_dump: [1.0117091, 0.0, 0.0, 0.0, 0.99914706, 0.0, 0.0, 0.0, 0.98914385]
09-20 13:06:51.437 17694 17738 W pkr     : CaptureResult is present COLOR_CORRECTION_GAINS NEUTRAL.
09-20 13:06:51.442 17694 17738 W CurrentTemp: 3805.7168
09-20 13:06:51.443 17694 17738 W CCT_dump: [1.0123559, 0.0, 0.0, 0.0, 0.9991174, 0.0, 0.0, 0.0, 0.9885266]
09-20 13:06:51.445 17694 17738 W CurrentTemp: 3805.7168
09-20 13:06:51.445 17694 17738 W CCT_dump: [1.0123559, 0.0, 0.0, 0.0, 0.9991174, 0.0, 0.0, 0.0, 0.9885266]
09-20 13:06:51.447 17694 17738 W CurrentTemp: 3805.7168
09-20 13:06:51.448 17694 17738 W CCT_dump: [1.0123559, 0.0, 0.0, 0.0, 0.9991174, 0.0, 0.0, 0.0, 0.9885266]
09-20 13:06:51.450 17694 17738 W CurrentTemp: 3805.7168
09-20 13:06:51.451 17694 17738 W CCT_dump: [1.0123559, 0.0, 0.0, 0.0, 0.9991174, 0.0, 0.0, 0.0, 0.9885266]
09-20 13:06:51.634 17694 17753 W pkr     : CaptureResult is present COLOR_CORRECTION_GAINS NEUTRAL.
09-20 13:06:51.641 17694 17753 W CurrentTemp: 3817.1365
09-20 13:06:51.643 17694 17753 W CCT_dump: [1.0120832, 0.0, 0.0, 0.0, 0.99920505, 0.0, 0.0, 0.0, 0.9887117]
09-20 13:06:51.645 17694 17753 W CurrentTemp: 3817.1365
09-20 13:06:51.645 17694 17753 W CCT_dump: [1.0120832, 0.0, 0.0, 0.0, 0.99920505, 0.0, 0.0, 0.0, 0.9887117]
09-20 13:06:51.647 17694 17753 W CurrentTemp: 3817.1365
09-20 13:06:51.647 17694 17753 W CCT_dump: [1.0120832, 0.0, 0.0, 0.0, 0.99920505, 0.0, 0.0, 0.0, 0.9887117]
09-20 13:06:51.649 17694 17753 W CurrentTemp: 3817.1365
09-20 13:06:51.649 17694 17753 W CCT_dump: [1.0120832, 0.0, 0.0, 0.0, 0.99920505, 0.0, 0.0, 0.0, 0.9887117]
09-20 13:06:51.841 17694 17738 W pkr     : CaptureResult is present COLOR_CORRECTION_GAINS NEUTRAL.
09-20 13:06:51.847 17694 17738 W CurrentTemp: 3865.6426
09-20 13:06:51.848 17694 17738 W CCT_dump: [1.0113902, 0.0, 0.0, 0.0, 0.9992356, 0.0, 0.0, 0.0, 0.9893742]
09-20 13:06:51.852 17694 17738 W CurrentTemp: 3865.6426
09-20 13:06:51.853 17694 17738 W CCT_dump: [1.0113902, 0.0, 0.0, 0.0, 0.9992356, 0.0, 0.0, 0.0, 0.9893742]
09-20 13:06:51.858 17694 17738 W CurrentTemp: 3865.6426
09-20 13:06:51.859 17694 17738 W CCT_dump: [1.0113902, 0.0, 0.0, 0.0, 0.9992356, 0.0, 0.0, 0.0, 0.9893742]
09-20 13:06:51.862 17694 17738 W CurrentTemp: 3865.6426
09-20 13:06:51.863 17694 17738 W CCT_dump: [1.0113902, 0.0, 0.0, 0.0, 0.9992356, 0.0, 0.0, 0.0, 0.9893742]
09-20 13:06:52.036 17694 17738 W pkr     : CaptureResult is present COLOR_CORRECTION_GAINS NEUTRAL.
09-20 13:06:52.040 17694 17738 W CurrentTemp: 3924.486
09-20 13:06:52.041 17694 17738 W CCT_dump: [1.0105736, 0.0, 0.0, 0.0, 0.99919784, 0.0, 0.0, 0.0, 0.9902285]
09-20 13:06:52.043 17694 17738 W CurrentTemp: 3924.486
09-20 13:06:52.044 17694 17738 W CCT_dump: [1.0105736, 0.0, 0.0, 0.0, 0.99919784, 0.0, 0.0, 0.0, 0.9902285]
09-20 13:06:52.046 17694 17738 W CurrentTemp: 3924.486
09-20 13:06:52.046 17694 17738 W CCT_dump: [1.0105736, 0.0, 0.0, 0.0, 0.99919784, 0.0, 0.0, 0.0, 0.9902285]
09-20 13:06:52.048 17694 17738 W CurrentTemp: 3924.486
09-20 13:06:52.048 17694 17738 W CCT_dump: [1.0105736, 0.0, 0.0, 0.0, 0.99919784, 0.0, 0.0, 0.0, 0.9902285]
09-20 13:06:52.232 17694 17753 W pkr     : CaptureResult is present COLOR_CORRECTION_GAINS NEUTRAL.
09-20 13:06:52.240 17694 17753 W CurrentTemp: 3993.2334
09-20 13:06:52.241 17694 17753 W CCT_dump: [1.0096654, 0.0, 0.0, 0.0, 0.99930966, 0.0, 0.0, 0.0, 0.99102515]
09-20 13:06:52.245 17694 17753 W CurrentTemp: 3993.2334
09-20 13:06:52.245 17694 17753 W CCT_dump: [1.0096654, 0.0, 0.0, 0.0, 0.99930966, 0.0, 0.0, 0.0, 0.99102515]
09-20 13:06:52.248 17694 17753 W CurrentTemp: 3993.2334
09-20 13:06:52.248 17694 17753 W CCT_dump: [1.0096654, 0.0, 0.0, 0.0, 0.99930966, 0.0, 0.0, 0.0, 0.99102515]
09-20 13:06:52.250 17694 17753 W CurrentTemp: 3993.2334
09-20 13:06:52.251 17694 17753 W CCT_dump: [1.0096654, 0.0, 0.0, 0.0, 0.99930966, 0.0, 0.0, 0.0, 0.99102515]
09-20 13:06:52.429 17694 17738 W pkr     : CaptureResult is present COLOR_CORRECTION_GAINS NEUTRAL.
09-20 13:06:52.432 17694 17738 W CurrentTemp: 4000.7515
09-20 13:06:52.433 17694 17738 W CCT_dump: [1.0095392, 0.0, 0.0, 0.0, 0.99924517, 0.0, 0.0, 0.0, 0.99121577]
09-20 13:06:52.436 17694 17738 W CurrentTemp: 4000.7515
09-20 13:06:52.437 17694 17738 W CCT_dump: [1.0095392, 0.0, 0.0, 0.0, 0.99924517, 0.0, 0.0, 0.0, 0.99121577]
09-20 13:06:52.443 17694 17738 W CurrentTemp: 4000.7515
09-20 13:06:52.444 17694 17738 W CCT_dump: [1.0095392, 0.0, 0.0, 0.0, 0.99924517, 0.0, 0.0, 0.0, 0.99121577]
09-20 13:06:52.446 17694 17738 W CurrentTemp: 4000.7515
09-20 13:06:52.447 17694 17738 W CCT_dump: [1.0095392, 0.0, 0.0, 0.0, 0.99924517, 0.0, 0.0, 0.0, 0.99121577]
09-20 13:06:52.629 17694 17738 W pkr     : CaptureResult is present COLOR_CORRECTION_GAINS NEUTRAL.
09-20 13:06:52.632 17694 17738 W CurrentTemp: 3936.8362
09-20 13:06:52.633 17694 17738 W CCT_dump: [1.0103256, 0.0, 0.0, 0.0, 0.99927795, 0.0, 0.0, 0.0, 0.9903966]
09-20 13:06:52.642 17694 17738 W CurrentTemp: 3936.8362
09-20 13:06:52.643 17694 17738 W CCT_dump: [1.0103256, 0.0, 0.0, 0.0, 0.99927795, 0.0, 0.0, 0.0, 0.9903966]
09-20 13:06:52.645 17694 17738 W CurrentTemp: 3936.8362
09-20 13:06:52.645 17694 17738 W CCT_dump: [1.0103256, 0.0, 0.0, 0.0, 0.99927795, 0.0, 0.0, 0.0, 0.9903966]
09-20 13:06:52.649 17694 17738 W CurrentTemp: 3936.8362
09-20 13:06:52.649 17694 17738 W CCT_dump: [1.0103256, 0.0, 0.0, 0.0, 0.99927795, 0.0, 0.0, 0.0, 0.9903966]
09-20 13:06:52.824 17694 17738 W pkr     : CaptureResult is present COLOR_CORRECTION_GAINS NEUTRAL.
09-20 13:06:52.827 17694 17738 W CurrentTemp: 3909.349
09-20 13:06:52.828 17694 17738 W CCT_dump: [1.0107762, 0.0, 0.0, 0.0, 0.9992619, 0.0, 0.0, 0.0, 0.98996186]
09-20 13:06:52.830 17694 17738 W CurrentTemp: 3909.349
09-20 13:06:52.831 17694 17738 W CCT_dump: [1.0107762, 0.0, 0.0, 0.0, 0.9992619, 0.0, 0.0, 0.0, 0.98996186]
09-20 13:06:52.833 17694 17738 W CurrentTemp: 3909.349
09-20 13:06:52.834 17694 17738 W CCT_dump: [1.0107762, 0.0, 0.0, 0.0, 0.9992619, 0.0, 0.0, 0.0, 0.98996186]
09-20 13:06:52.836 17694 17738 W CurrentTemp: 3909.349
09-20 13:06:52.836 17694 17738 W CCT_dump: [1.0107762, 0.0, 0.0, 0.0, 0.9992619, 0.0, 0.0, 0.0, 0.98996186]
09-20 13:06:53.025 17694 17738 W pkr     : CaptureResult is present COLOR_CORRECTION_GAINS NEUTRAL.
09-20 13:06:53.027 17694 17738 W CurrentTemp: 3910.1191
09-20 13:06:53.028 17694 17738 W CCT_dump: [1.0107696, 0.0, 0.0, 0.0, 0.9992624, 0.0, 0.0, 0.0, 0.98996806]
09-20 13:06:53.030 17694 17738 W CurrentTemp: 3910.1191
09-20 13:06:53.031 17694 17738 W CCT_dump: [1.0107696, 0.0, 0.0, 0.0, 0.9992624, 0.0, 0.0, 0.0, 0.98996806]
09-20 13:06:53.033 17694 17738 W CurrentTemp: 3910.1191
09-20 13:06:53.033 17694 17738 W CCT_dump: [1.0107696, 0.0, 0.0, 0.0, 0.9992624, 0.0, 0.0, 0.0, 0.98996806]
09-20 13:06:53.041 17694 17738 W CurrentTemp: 3910.1191
09-20 13:06:53.042 17694 17738 W CCT_dump: [1.0107696, 0.0, 0.0, 0.0, 0.9992624, 0.0, 0.0, 0.0, 0.98996806]
09-20 13:06:53.230 17694 17753 W pkr     : CaptureResult is present COLOR_CORRECTION_GAINS NEUTRAL.
09-20 13:06:53.237 17694 17753 W CurrentTemp: 3918.8684
09-20 13:06:53.238 17694 17753 W CCT_dump: [1.0106212, 0.0, 0.0, 0.0, 0.99919426, 0.0, 0.0, 0.0, 0.99018455]
09-20 13:06:53.241 17694 17753 W CurrentTemp: 3918.8684
09-20 13:06:53.241 17694 17753 W CCT_dump: [1.0106212, 0.0, 0.0, 0.0, 0.99919426, 0.0, 0.0, 0.0, 0.99018455]
09-20 13:06:53.243 17694 17753 W CurrentTemp: 3918.8684
09-20 13:06:53.244 17694 17753 W CCT_dump: [1.0106212, 0.0, 0.0, 0.0, 0.99919426, 0.0, 0.0, 0.0, 0.99018455]
09-20 13:06:53.247 17694 17753 W CurrentTemp: 3918.8684
09-20 13:06:53.249 17694 17753 W CCT_dump: [1.0106212, 0.0, 0.0, 0.0, 0.99919426, 0.0, 0.0, 0.0, 0.99018455]
09-20 13:06:53.423 17694 17738 W pkr     : CaptureResult is present COLOR_CORRECTION_GAINS NEUTRAL.
09-20 13:06:53.426 17694 17738 W CurrentTemp: 3929.3728
09-20 13:06:53.427 17694 17738 W CCT_dump: [1.0104598, 0.0, 0.0, 0.0, 0.9993463, 0.0, 0.0, 0.0, 0.99019396]
09-20 13:06:53.429 17694 17738 W CurrentTemp: 3929.3728
09-20 13:06:53.431 17694 17738 W CCT_dump: [1.0104598, 0.0, 0.0, 0.0, 0.9993463, 0.0, 0.0, 0.0, 0.99019396]
09-20 13:06:53.434 17694 17738 W CurrentTemp: 3929.3728
09-20 13:06:53.435 17694 17738 W CCT_dump: [1.0104598, 0.0, 0.0, 0.0, 0.9993463, 0.0, 0.0, 0.0, 0.99019396]
09-20 13:06:53.441 17694 17738 W CurrentTemp: 3929.3728
09-20 13:06:53.443 17694 17738 W CCT_dump: [1.0104598, 0.0, 0.0, 0.0, 0.9993463, 0.0, 0.0, 0.0, 0.99019396]
09-20 13:06:53.624 17694 17753 W pkr     : CaptureResult is present COLOR_CORRECTION_GAINS NEUTRAL.
09-20 13:06:53.626 17694 17753 W CurrentTemp: 3908.5066
09-20 13:06:53.626 17694 17753 W CCT_dump: [1.0107836, 0.0, 0.0, 0.0, 0.9992614, 0.0, 0.0, 0.0, 0.98995507]
09-20 13:06:53.629 17694 17753 W CurrentTemp: 3908.5066
09-20 13:06:53.629 17694 17753 W CCT_dump: [1.0107836, 0.0, 0.0, 0.0, 0.9992614, 0.0, 0.0, 0.0, 0.98995507]
09-20 13:06:53.631 17694 17753 W CurrentTemp: 3908.5066
09-20 13:06:53.632 17694 17753 W CCT_dump: [1.0107836, 0.0, 0.0, 0.0, 0.9992614, 0.0, 0.0, 0.0, 0.98995507]
09-20 13:06:53.634 17694 17753 W CurrentTemp: 3908.5066
09-20 13:06:53.635 17694 17753 W CCT_dump: [1.0107836, 0.0, 0.0, 0.0, 0.9992614, 0.0, 0.0, 0.0, 0.98995507]
09-20 13:06:53.719 17694 17694 W MediaFsQModule: Returning Q MediaFs implementation
09-20 13:06:53.791 17694 18118 I AudioTrack: set(): type=audio,case=1,attributes=1,content_type=4,usage=13,source=0,flags=0x901
09-20 13:06:53.791 17694 18118 D AudioTrackExtImpl: AudioTrackExtImpl init
09-20 13:06:53.791 17694 18118 D ExtensionsLoader: createInstance(64bit) : createExtendedFactory
09-20 13:06:53.794 17694 18118 D ExtensionsLoader: Opened libSchedAssistExtImpl.so
09-20 13:06:53.795 17694 18118 D AudioTrack: set(): streamType -1, sampleRate 44100, format 0x1, channelMask 0x1, frameCount 0, flags #0, notificationFrames 0, sessionId 0, transferType 0, uid -1, pid -1
09-20 13:06:53.795 17694 18118 I AudioTrack: set(): 0x6fe9979a00, Create AudioTrackThread, tid = 18120
09-20 13:06:53.811 17694 18117 W pkr     : CaptureResult is present COLOR_CORRECTION_GAINS NEUTRAL.
09-20 13:06:53.813 17694 18117 W CurrentTemp: 3916.4927
09-20 13:06:53.813 17694 18117 W CCT_dump: [1.0106415, 0.0, 0.0, 0.0, 0.9991927, 0.0, 0.0, 0.0, 0.9901658]
09-20 13:06:53.815 17694 18117 W CurrentTemp: 3916.4927
09-20 13:06:53.815 17694 18117 W CCT_dump: [1.0106415, 0.0, 0.0, 0.0, 0.9991927, 0.0, 0.0, 0.0, 0.9901658]
09-20 13:06:53.817 17694 18117 W CurrentTemp: 3916.4927
09-20 13:06:53.817 17694 18117 W CCT_dump: [1.0106415, 0.0, 0.0, 0.0, 0.9991927, 0.0, 0.0, 0.0, 0.9901658]
09-20 13:06:53.818 17694 18117 W CurrentTemp: 3916.4927
09-20 13:06:53.819 17694 18117 W CCT_dump: [1.0106415, 0.0, 0.0, 0.0, 0.9991927, 0.0, 0.0, 0.0, 0.9901658]
09-20 13:06:53.829 17694 17753 W pkr     : CaptureResult is present COLOR_CORRECTION_GAINS NEUTRAL.
09-20 13:06:53.831 17694 17753 W CurrentTemp: 3916.4927
09-20 13:06:53.831 17694 17753 W CCT_dump: [1.0106415, 0.0, 0.0, 0.0, 0.9991927, 0.0, 0.0, 0.0, 0.9901658]
09-20 13:06:53.833 17694 17753 W CurrentTemp: 3916.4927
09-20 13:06:53.833 17694 17753 W CCT_dump: [1.0106415, 0.0, 0.0, 0.0, 0.9991927, 0.0, 0.0, 0.0, 0.9901658]
09-20 13:06:53.834 17694 17753 W CurrentTemp: 3916.4927
09-20 13:06:53.835 17694 17753 W CCT_dump: [1.0106415, 0.0, 0.0, 0.0, 0.9991927, 0.0, 0.0, 0.0, 0.9901658]
09-20 13:06:53.839 17694 17753 W CurrentTemp: 3916.4927
09-20 13:06:53.839 17694 17753 W CCT_dump: [1.0106415, 0.0, 0.0, 0.0, 0.9991927, 0.0, 0.0, 0.0, 0.9901658]
09-20 13:06:53.843 17694 18118 D AudioTrack: createTrack state 0 output.outputId=13
09-20 13:06:53.859 17694 18117 W pkr     : CaptureResult is present COLOR_CORRECTION_GAINS NEUTRAL.
09-20 13:06:53.861 17694 18117 W CurrentTemp: 3916.4927
09-20 13:06:53.861 17694 18117 W CCT_dump: [1.0106415, 0.0, 0.0, 0.0, 0.9991927, 0.0, 0.0, 0.0, 0.9901658]
09-20 13:06:53.863 17694 18117 W CurrentTemp: 3916.4927
09-20 13:06:53.863 17694 18118 I AudioTrack: createTrack_l(14328) on outputId(13) : 0x6fe9979a00, mCblk = 0x70a91bd000,  mLatency = 343, mAfLatency = 61, frameCount = 12440, mSampleRate = 44100, mFlags = 0, mReqFrameCount = 12440, mNotificationFramesAct = 0
09-20 13:06:53.863 17694 18117 W CCT_dump: [1.0106415, 0.0, 0.0, 0.0, 0.9991927, 0.0, 0.0, 0.0, 0.9901658]
09-20 13:06:53.864 17694 18117 W CurrentTemp: 3916.4927
09-20 13:06:53.864 17694 18117 W CCT_dump: [1.0106415, 0.0, 0.0, 0.0, 0.9991927, 0.0, 0.0, 0.0, 0.9901658]
09-20 13:06:53.865 17694 18118 E AudioTrackExtImpl: get fade type, but return null, uid 10454
09-20 13:06:53.865 17694 18118 D AudioTrack: setVolume(14328) left 0.600 right 0.600 , callingPid 17694
09-20 13:06:53.865 17694 18118 D AudioTrack: start(14328): prior state:STATE_STOPPED output 13 stream 7 session 94281
09-20 13:06:53.865 17694 18117 W CurrentTemp: 3916.4927
09-20 13:06:53.866 17694 18117 W CCT_dump: [1.0106415, 0.0, 0.0, 0.0, 0.9991927, 0.0, 0.0, 0.0, 0.9901658]
09-20 13:06:53.885 17694 18117 W pkr     : CaptureResult is present COLOR_CORRECTION_GAINS NEUTRAL.
09-20 13:06:53.890 17694 18117 W CurrentTemp: 3906.898
09-20 13:06:53.898 17694 18117 W CCT_dump: [1.0107974, 0.0, 0.0, 0.0, 0.9992605, 0.0, 0.0, 0.0, 0.9899422]
09-20 13:06:53.903 17694 18117 W CurrentTemp: 3906.898
09-20 13:06:53.903 17694 18117 W CCT_dump: [1.0107974, 0.0, 0.0, 0.0, 0.9992605, 0.0, 0.0, 0.0, 0.9899422]
09-20 13:06:53.904 17694 18117 W CurrentTemp: 3906.898
09-20 13:06:53.905 17694 18117 W CCT_dump: [1.0107974, 0.0, 0.0, 0.0, 0.9992605, 0.0, 0.0, 0.0, 0.9899422]
09-20 13:06:53.906 17694 18117 W CurrentTemp: 3906.898
09-20 13:06:53.907 17694 18117 W CCT_dump: [1.0107974, 0.0, 0.0, 0.0, 0.9992605, 0.0, 0.0, 0.0, 0.9899422]
09-20 13:06:53.916 17694 18117 W pkr     : CaptureResult is present COLOR_CORRECTION_GAINS NEUTRAL.
09-20 13:06:53.917 17694 18117 W CurrentTemp: 3902.9124
09-20 13:06:53.917 17694 18117 W CCT_dump: [1.010832, 0.0, 0.0, 0.0, 0.99925804, 0.0, 0.0, 0.0, 0.98990995]
09-20 13:06:53.919 17694 18117 W CurrentTemp: 3902.9124
09-20 13:06:53.919 17694 18117 W CCT_dump: [1.010832, 0.0, 0.0, 0.0, 0.99925804, 0.0, 0.0, 0.0, 0.98990995]
09-20 13:06:53.920 17694 18117 W CurrentTemp: 3902.9124
09-20 13:06:53.920 17694 18117 W CCT_dump: [1.010832, 0.0, 0.0, 0.0, 0.99925804, 0.0, 0.0, 0.0, 0.98990995]
09-20 13:06:53.921 17694 18117 W CurrentTemp: 3902.9124
09-20 13:06:53.921 17694 18117 W CCT_dump: [1.010832, 0.0, 0.0, 0.0, 0.99925804, 0.0, 0.0, 0.0, 0.98990995]
09-20 13:06:53.933 17694 18117 W pkr     : CaptureResult is present COLOR_CORRECTION_GAINS NEUTRAL.
09-20 13:06:53.936 17694 18117 W CurrentTemp: 3908.5066
09-20 13:06:53.936 17694 18117 W CCT_dump: [1.0107836, 0.0, 0.0, 0.0, 0.9992614, 0.0, 0.0, 0.0, 0.98995507]
09-20 13:06:53.940 17694 18117 W CurrentTemp: 3908.5066
09-20 13:06:53.940 17694 18117 W CCT_dump: [1.0107836, 0.0, 0.0, 0.0, 0.9992614, 0.0, 0.0, 0.0, 0.98995507]
09-20 13:06:53.941 17694 18117 W CurrentTemp: 3908.5066
09-20 13:06:53.942 17694 18117 W CCT_dump: [1.0107836, 0.0, 0.0, 0.0, 0.9992614, 0.0, 0.0, 0.0, 0.98995507]
09-20 13:06:53.943 17694 18117 W CurrentTemp: 3908.5066
09-20 13:06:53.943 17694 18117 W CCT_dump: [1.0107836, 0.0, 0.0, 0.0, 0.9992614, 0.0, 0.0, 0.0, 0.98995507]
09-20 13:06:53.950 17694 18117 W pkr     : CaptureResult is present COLOR_CORRECTION_GAINS NEUTRAL.
09-20 13:06:53.952 17694 18117 W CurrentTemp: 3908.5066
09-20 13:06:53.952 17694 18117 W CCT_dump: [1.0107836, 0.0, 0.0, 0.0, 0.9992614, 0.0, 0.0, 0.0, 0.98995507]
09-20 13:06:53.953 17694 18117 W CurrentTemp: 3908.5066
09-20 13:06:53.953 17694 18117 W CCT_dump: [1.0107836, 0.0, 0.0, 0.0, 0.9992614, 0.0, 0.0, 0.0, 0.98995507]
09-20 13:06:53.955 17694 18117 W CurrentTemp: 3908.5066
09-20 13:06:53.955 17694 18117 W CCT_dump: [1.0107836, 0.0, 0.0, 0.0, 0.9992614, 0.0, 0.0, 0.0, 0.98995507]
09-20 13:06:53.957 17694 18117 W CurrentTemp: 3908.5066
09-20 13:06:53.957 17694 18117 W CCT_dump: [1.0107836, 0.0, 0.0, 0.0, 0.9992614, 0.0, 0.0, 0.0, 0.98995507]
09-20 13:06:53.966 17694 18117 W pkr     : CaptureResult is present COLOR_CORRECTION_GAINS NEUTRAL.
09-20 13:06:53.967 17694 18117 W CurrentTemp: 3914.1143
09-20 13:06:53.967 17694 18117 W CCT_dump: [1.0106617, 0.0, 0.0, 0.0, 0.99919116, 0.0, 0.0, 0.0, 0.9901471]
09-20 13:06:53.968 17694 18117 W CurrentTemp: 3914.1143
09-20 13:06:53.969 17694 18117 W CCT_dump: [1.0106617, 0.0, 0.0, 0.0, 0.99919116, 0.0, 0.0, 0.0, 0.9901471]
09-20 13:06:53.970 17694 18117 W CurrentTemp: 3914.1143
09-20 13:06:53.970 17694 18117 W CCT_dump: [1.0106617, 0.0, 0.0, 0.0, 0.99919116, 0.0, 0.0, 0.0, 0.9901471]
09-20 13:06:53.971 17694 18117 W CurrentTemp: 3914.1143
09-20 13:06:53.972 17694 18117 W CCT_dump: [1.0106617, 0.0, 0.0, 0.0, 0.99919116, 0.0, 0.0, 0.0, 0.9901471]
09-20 13:06:53.980 17694 18117 W pkr     : CaptureResult is present COLOR_CORRECTION_GAINS NEUTRAL.
09-20 13:06:53.981 17694 18117 W CurrentTemp: 3921.357
09-20 13:06:53.981 17694 18117 W CCT_dump: [1.0106001, 0.0, 0.0, 0.0, 0.9991958, 0.0, 0.0, 0.0, 0.990204]
09-20 13:06:53.983 17694 18117 W CurrentTemp: 3921.357
09-20 13:06:53.983 17694 18117 W CCT_dump: [1.0106001, 0.0, 0.0, 0.0, 0.9991958, 0.0, 0.0, 0.0, 0.990204]
09-20 13:06:53.985 17694 18117 W CurrentTemp: 3921.357
09-20 13:06:53.985 17694 18117 W CCT_dump: [1.0106001, 0.0, 0.0, 0.0, 0.9991958, 0.0, 0.0, 0.0, 0.990204]
09-20 13:06:53.986 17694 18117 W CurrentTemp: 3921.357
09-20 13:06:53.987 17694 18117 W CCT_dump: [1.0106001, 0.0, 0.0, 0.0, 0.9991958, 0.0, 0.0, 0.0, 0.990204]
09-20 13:06:54.016 17694 17753 W pkr     : CaptureResult is present COLOR_CORRECTION_GAINS NEUTRAL.
09-20 13:06:54.018 17694 17753 W CurrentTemp: 3930.1162
09-20 13:06:54.018 17694 17753 W CCT_dump: [1.0104536, 0.0, 0.0, 0.0, 0.9993467, 0.0, 0.0, 0.0, 0.9901998]
09-20 13:06:54.023 17694 17753 W CurrentTemp: 3930.1162
09-20 13:06:54.025 17694 17829 W libgcam : [shot_helper.cc:352]: LogViewfinderAeWarnings: viewfinder_short_tet (0.000ms) is further than expected from the capture TET (1.408ms). Relative error: 100%.
09-20 13:06:54.025 17694 17753 W CCT_dump: [1.0104536, 0.0, 0.0, 0.0, 0.9993467, 0.0, 0.0, 0.0, 0.9901998]
09-20 13:06:54.028 17694 17753 W CurrentTemp: 3930.1162
09-20 13:06:54.029 17694 17753 W CCT_dump: [1.0104536, 0.0, 0.0, 0.0, 0.9993467, 0.0, 0.0, 0.0, 0.9901998]
09-20 13:06:54.030 17694 17753 W CurrentTemp: 3930.1162
09-20 13:06:54.030 17694 17753 W CCT_dump: [1.0104536, 0.0, 0.0, 0.0, 0.9993467, 0.0, 0.0, 0.0, 0.9901998]
09-20 13:06:54.161 17694 17753 V JpegEncoderExtImpl: Resolution: 500 x 668,support: 0;
09-20 13:06:54.167 17694 18130 V JpegEncoderExtImpl: Resolution: 500 x 668,support: 0;
09-20 13:06:54.167 17694 17753 V JpegEncoderExtImpl: Resolution: 500 x 668,support: 0;
09-20 13:06:54.188 17694 17753 E ListServiceUtils: getListValueByUid module:image-processing uid:10454 cost 14806us return 0
09-20 13:06:54.188 17694 17753 V JpegEncoderExtImpl: Resolution: 500 x 668,support: 0;
09-20 13:06:54.209 17694 17833 W libgcam : [shot_process.cc:711]: MergeShot: Payload frames had a wide range of sharpness values, ranging from 69.79 to 88.10.  If the scene had a lot of motion, you can ignore this warning.  But otherwise, check to make sure that autofocus wasn't drifting during the payload!  (Note: This check is only run on **bright daylight** scenes.)
09-20 13:06:54.214 17694 17753 W pkr     : CaptureResult is present COLOR_CORRECTION_GAINS NEUTRAL.
09-20 13:06:54.215 17694 17753 W CurrentTemp: 3941.412
09-20 13:06:54.215 17694 17753 W CCT_dump: [1.0102879, 0.0, 0.0, 0.0, 0.9992806, 0.0, 0.0, 0.0, 0.9904316]
09-20 13:06:54.216 17694 17753 W CurrentTemp: 3941.412
09-20 13:06:54.216 17694 17753 W CCT_dump: [1.0102879, 0.0, 0.0, 0.0, 0.9992806, 0.0, 0.0, 0.0, 0.9904316]
09-20 13:06:54.217 17694 17753 W CurrentTemp: 3941.412
09-20 13:06:54.218 17694 17753 W CCT_dump: [1.0102879, 0.0, 0.0, 0.0, 0.9992806, 0.0, 0.0, 0.0, 0.9904316]
09-20 13:06:54.220 17694 17753 W CurrentTemp: 3941.412
09-20 13:06:54.220 17694 17753 W CCT_dump: [1.0102879, 0.0, 0.0, 0.0, 0.9992806, 0.0, 0.0, 0.0, 0.9904316]
09-20 13:06:54.310 17694 18118 D AudioTrack: stop(14328): prior state:STATE_ACTIVE output 13 stream 7 session 94281
09-20 13:06:54.314 17694 18118 I AudioTrack: stop(14328): 0x6fe9979a00 stop done
09-20 13:06:54.368 17694 17694 W CAM_A   : isListed: unknown activity. mimeType=image/* className=com.facebook.timeline.stagingground.Fb4aProfilePictureShareActivityAlias
09-20 13:06:54.369 17694 17694 W CAM_A   : isListed: unknown activity. mimeType=image/* className=com.facebook.composer.shareintent.ImplicitShareIntentHandlerDefaultAlias
09-20 13:06:54.369 17694 17694 W CAM_A   : isListed: unknown activity. mimeType=image/* className=com.facebook.composer.shareintent.ShareToGroupsAlias
09-20 13:06:54.369 17694 17694 W CAM_A   : isListed: unknown activity. mimeType=image/* className=com.instagram.share.handleractivity.ShareHandlerActivity
09-20 13:06:54.369 17694 17694 W CAM_A   : isListed: unknown activity. mimeType=image/* className=com.instagram.share.handleractivity.ReelShareHandlerActivity
09-20 13:06:54.369 17694 17694 W CAM_A   : isListed: unknown activity. mimeType=image/* className=com.instagram.direct.share.handler.DirectExternalMediaShareActivityPhoto
09-20 13:06:54.369 17694 17694 W CAM_A   : isListed: unknown activity. mimeType=image/* className=com.whatsapp.contact.ui.picker.ContactPicker
09-20 13:06:54.375 17694 17694 W CAM_A   : isListed: unknown activity. mimeType=video/* className=com.facebook.composer.shareintent.ImplicitShareIntentHandlerDefaultAlias
09-20 13:06:54.375 17694 17694 W CAM_A   : isListed: unknown activity. mimeType=video/* className=com.facebook.composer.shareintent.ShareToGroupsAlias
09-20 13:06:54.375 17694 17694 W CAM_A   : isListed: unknown activity. mimeType=video/* className=com.facebook.inspiration.fbshorts.shareintent.InpirationFbShortsShareAlias
09-20 13:06:54.375 17694 17694 W CAM_A   : isListed: unknown activity. mimeType=video/* className=com.instagram.share.handleractivity.ShareHandlerActivity
09-20 13:06:54.375 17694 17694 W CAM_A   : isListed: unknown activity. mimeType=video/* className=com.instagram.share.handleractivity.ReelShareHandlerActivity
09-20 13:06:54.375 17694 17694 W CAM_A   : isListed: unknown activity. mimeType=video/* className=com.instagram.direct.share.handler.DirectExternalMediaShareActivityVideo
09-20 13:06:54.375 17694 17694 W CAM_A   : isListed: unknown activity. mimeType=video/* className=com.whatsapp.contact.ui.picker.ContactPicker
09-20 13:06:54.465 17694 17753 W pkr     : CaptureResult is present COLOR_CORRECTION_GAINS NEUTRAL.
09-20 13:06:54.469 17694 17753 W CurrentTemp: 3941.412
09-20 13:06:54.473 17694 17753 W CCT_dump: [1.0102879, 0.0, 0.0, 0.0, 0.9992806, 0.0, 0.0, 0.0, 0.9904316]
09-20 13:06:54.474 17694 17753 W CurrentTemp: 3941.412
09-20 13:06:54.475 17694 17753 W CCT_dump: [1.0102879, 0.0, 0.0, 0.0, 0.9992806, 0.0, 0.0, 0.0, 0.9904316]
09-20 13:06:54.476 17694 17753 W CurrentTemp: 3941.412
09-20 13:06:54.477 17694 17753 W CCT_dump: [1.0102879, 0.0, 0.0, 0.0, 0.9992806, 0.0, 0.0, 0.0, 0.9904316]
09-20 13:06:54.480 17694 17753 W CurrentTemp: 3941.412
09-20 13:06:54.481 17694 17753 W CCT_dump: [1.0102879, 0.0, 0.0, 0.0, 0.9992806, 0.0, 0.0, 0.0, 0.9904316]
09-20 13:06:54.572 17694 17700 I eCameraEngR18F1: NativeAlloc concurrent copying GC freed 26MB AllocSpace bytes, 1(68KB) LOS objects, 49% free, 15MB/31MB, paused 1.398ms,42us total 173.682ms
09-20 13:06:54.670 17694 17738 W pkr     : CaptureResult is present COLOR_CORRECTION_GAINS NEUTRAL.
09-20 13:06:54.678 17694 17738 W CurrentTemp: 3960.817
09-20 13:06:54.680 17694 17738 W CCT_dump: [1.0100592, 0.0, 0.0, 0.0, 0.9992208, 0.0, 0.0, 0.0, 0.9907201]
09-20 13:06:54.692 17694 17738 W CurrentTemp: 3960.817
09-20 13:06:54.692 17694 17738 W CCT_dump: [1.0100592, 0.0, 0.0, 0.0, 0.9992208, 0.0, 0.0, 0.0, 0.9907201]
09-20 13:06:54.703 17694 17738 W CurrentTemp: 3960.817
09-20 13:06:54.709 17694 17738 W CCT_dump: [1.0100592, 0.0, 0.0, 0.0, 0.9992208, 0.0, 0.0, 0.0, 0.9907201]
09-20 13:06:54.723 17694 17738 W CurrentTemp: 3960.817
09-20 13:06:54.724 17694 17738 W CCT_dump: [1.0100592, 0.0, 0.0, 0.0, 0.9992208, 0.0, 0.0, 0.0, 0.9907201]
09-20 13:06:54.867 17694 17753 W pkr     : CaptureResult is present COLOR_CORRECTION_GAINS NEUTRAL.
