09-20 13:06:54.876 17694 17753 W CurrentTemp: 3952.7585
09-20 13:06:54.877 17694 17753 W CCT_dump: [1.0101951, 0.0, 0.0, 0.0, 0.99928707, 0.0, 0.0, 0.0, 0.99051774]
09-20 13:06:54.886 17694 17753 W CurrentTemp: 3952.7585
09-20 13:06:54.888 17694 17753 W CCT_dump: [1.0101951, 0.0, 0.0, 0.0, 0.99928707, 0.0, 0.0, 0.0, 0.99051774]
09-20 13:06:54.905 17694 17753 W CurrentTemp: 3952.7585
09-20 13:06:54.907 17694 17753 W CCT_dump: [1.0101951, 0.0, 0.0, 0.0, 0.99928707, 0.0, 0.0, 0.0, 0.99051774]
09-20 13:06:54.911 17694 17753 W CurrentTemp: 3952.7585
09-20 13:06:54.912 17694 17753 W CCT_dump: [1.0101951, 0.0, 0.0, 0.0, 0.99928707, 0.0, 0.0, 0.0, 0.99051774]
09-20 13:06:55.035 17694 17738 W pkr     : CaptureResult is present COLOR_CORRECTION_GAINS NEUTRAL.
09-20 13:06:55.041 17694 17738 W CurrentTemp: 3922.8623
09-20 13:06:55.042 17694 17738 W CCT_dump: [1.0105873, 0.0, 0.0, 0.0, 0.9991968, 0.0, 0.0, 0.0, 0.99021584]
09-20 13:06:55.046 17694 17738 W CurrentTemp: 3922.8623
09-20 13:06:55.047 17694 17738 W CCT_dump: [1.0105873, 0.0, 0.0, 0.0, 0.9991968, 0.0, 0.0, 0.0, 0.99021584]
09-20 13:06:55.056 17694 17738 W CurrentTemp: 3922.8623
09-20 13:06:55.057 17694 17738 W CCT_dump: [1.0105873, 0.0, 0.0, 0.0, 0.9991968, 0.0, 0.0, 0.0, 0.99021584]
09-20 13:06:55.060 17694 17738 W CurrentTemp: 3922.8623
09-20 13:06:55.061 17694 17738 W CCT_dump: [1.0105873, 0.0, 0.0, 0.0, 0.9991968, 0.0, 0.0, 0.0, 0.99021584]
09-20 13:06:55.224 17694 17738 W pkr     : CaptureResult is present COLOR_CORRECTION_GAINS NEUTRAL.
09-20 13:06:55.242 17694 17738 W CurrentTemp: 3522.2622
09-20 13:06:55.243 17694 17738 W CCT_dump: [1.0177406, 0.0, 0.0, 0.0, 0.99888486, 0.0, 0.0, 0.0, 0.98337454]
09-20 13:06:55.260 17694 17738 W CurrentTemp: 3522.2622
09-20 13:06:55.263 17694 17738 W CCT_dump: [1.0177406, 0.0, 0.0, 0.0, 0.99888486, 0.0, 0.0, 0.0, 0.98337454]
09-20 13:06:55.272 17694 17738 W CurrentTemp: 3522.2622
09-20 13:06:55.275 17694 17738 W CCT_dump: [1.0177406, 0.0, 0.0, 0.0, 0.99888486, 0.0, 0.0, 0.0, 0.98337454]
09-20 13:06:55.283 17694 17738 W CurrentTemp: 3522.2622
09-20 13:06:55.290 17694 17738 W CCT_dump: [1.0177406, 0.0, 0.0, 0.0, 0.99888486, 0.0, 0.0, 0.0, 0.98337454]
09-20 13:06:55.413 17694 17753 W pkr     : CaptureResult is present COLOR_CORRECTION_GAINS NEUTRAL.
09-20 13:06:55.414 17694 17753 W CurrentTemp: 3314.1196
09-20 13:06:55.414 17694 17753 W CCT_dump: [1.0233763, 0.0, 0.0, 0.0, 0.9986677, 0.0, 0.0, 0.0, 0.977956]
09-20 13:06:55.415 17694 17753 W CurrentTemp: 3314.1196
09-20 13:06:55.415 17694 17753 W CCT_dump: [1.0233763, 0.0, 0.0, 0.0, 0.9986677, 0.0, 0.0, 0.0, 0.977956]
09-20 13:06:55.416 17694 17753 W CurrentTemp: 3314.1196
09-20 13:06:55.417 17694 17753 W CCT_dump: [1.0233763, 0.0, 0.0, 0.0, 0.9986677, 0.0, 0.0, 0.0, 0.977956]
09-20 13:06:55.422 17694 17753 W CurrentTemp: 3314.1196
09-20 13:06:55.422 17694 17753 W CCT_dump: [1.0233763, 0.0, 0.0, 0.0, 0.9986677, 0.0, 0.0, 0.0, 0.977956]
09-20 13:06:55.648 17694 17753 W pkr     : CaptureResult is present COLOR_CORRECTION_GAINS NEUTRAL.
09-20 13:06:55.652 17694 17753 W CurrentTemp: 3302.4995
09-20 13:06:55.654 17694 17753 W CCT_dump: [1.0238587, 0.0, 0.0, 0.0, 0.9985318, 0.0, 0.0, 0.0, 0.97760963]
09-20 13:06:55.657 17694 17753 W CurrentTemp: 3302.4995
09-20 13:06:55.660 17694 17753 W CCT_dump: [1.0238587, 0.0, 0.0, 0.0, 0.9985318, 0.0, 0.0, 0.0, 0.97760963]
09-20 13:06:55.663 17694 17753 W CurrentTemp: 3302.4995
09-20 13:06:55.663 17694 17753 W CCT_dump: [1.0238587, 0.0, 0.0, 0.0, 0.9985318, 0.0, 0.0, 0.0, 0.97760963]
09-20 13:06:55.665 17694 17753 W CurrentTemp: 3302.4995
09-20 13:06:55.665 17694 17753 W CCT_dump: [1.0238587, 0.0, 0.0, 0.0, 0.9985318, 0.0, 0.0, 0.0, 0.97760963]
09-20 13:06:55.816 17694 17753 W pkr     : CaptureResult is present COLOR_CORRECTION_GAINS NEUTRAL.
09-20 13:06:55.819 17694 17753 W CurrentTemp: 3383.2283
09-20 13:06:55.820 17694 17753 W CCT_dump: [1.0213361, 0.0, 0.0, 0.0, 0.9987449, 0.0, 0.0, 0.0, 0.97991896]
09-20 13:06:55.822 17694 17753 W CurrentTemp: 3383.2283
09-20 13:06:55.822 17694 17753 W CCT_dump: [1.0213361, 0.0, 0.0, 0.0, 0.9987449, 0.0, 0.0, 0.0, 0.97991896]
09-20 13:06:55.823 17694 17753 W CurrentTemp: 3383.2283
09-20 13:06:55.824 17694 17753 W CCT_dump: [1.0213361, 0.0, 0.0, 0.0, 0.9987449, 0.0, 0.0, 0.0, 0.97991896]
09-20 13:06:55.825 17694 17753 W CurrentTemp: 3383.2283
09-20 13:06:55.826 17694 17753 W CCT_dump: [1.0213361, 0.0, 0.0, 0.0, 0.9987449, 0.0, 0.0, 0.0, 0.97991896]
09-20 13:06:56.031 17694 17738 W pkr     : CaptureResult is present COLOR_CORRECTION_GAINS NEUTRAL.
09-20 13:06:56.036 17694 17738 W CurrentTemp: 3387.9243
09-20 13:06:56.037 17694 17738 W CCT_dump: [1.0212501, 0.0, 0.0, 0.0, 0.99875003, 0.0, 0.0, 0.0, 0.97999984]
09-20 13:06:56.040 17694 17738 W CurrentTemp: 3387.9243
09-20 13:06:56.040 17694 17738 W CCT_dump: [1.0212501, 0.0, 0.0, 0.0, 0.99875003, 0.0, 0.0, 0.0, 0.97999984]
09-20 13:06:56.041 17694 17738 W CurrentTemp: 3387.9243
09-20 13:06:56.042 17694 17738 W CCT_dump: [1.0212501, 0.0, 0.0, 0.0, 0.99875003, 0.0, 0.0, 0.0, 0.97999984]
09-20 13:06:56.043 17694 17738 W CurrentTemp: 3387.9243
09-20 13:06:56.043 17694 17738 W CCT_dump: [1.0212501, 0.0, 0.0, 0.0, 0.99875003, 0.0, 0.0, 0.0, 0.97999984]
09-20 13:06:56.207 17694 17738 W pkr     : CaptureResult is present COLOR_CORRECTION_GAINS NEUTRAL.
09-20 13:06:56.208 17694 17738 W CurrentTemp: 3404.561
09-20 13:06:56.209 17694 17738 W CCT_dump: [1.020837, 0.0, 0.0, 0.0, 0.9986557, 0.0, 0.0, 0.0, 0.98050725]
09-20 13:06:56.210 17694 17738 W CurrentTemp: 3404.561
09-20 13:06:56.210 17694 17738 W CCT_dump: [1.020837, 0.0, 0.0, 0.0, 0.9986557, 0.0, 0.0, 0.0, 0.98050725]
09-20 13:06:56.211 17694 17738 W CurrentTemp: 3404.561
09-20 13:06:56.212 17694 17738 W CCT_dump: [1.020837, 0.0, 0.0, 0.0, 0.9986557, 0.0, 0.0, 0.0, 0.98050725]
09-20 13:06:56.213 17694 17738 W CurrentTemp: 3404.561
09-20 13:06:56.213 17694 17738 W CCT_dump: [1.020837, 0.0, 0.0, 0.0, 0.9986557, 0.0, 0.0, 0.0, 0.98050725]
09-20 13:06:56.412 17694 17738 W pkr     : CaptureResult is present COLOR_CORRECTION_GAINS NEUTRAL.
09-20 13:06:56.416 17694 17738 W CurrentTemp: 3436.9478
09-20 13:06:56.416 17694 17738 W CCT_dump: [1.0199414, 0.0, 0.0, 0.0, 0.9986924, 0.0, 0.0, 0.0, 0.9813662]
09-20 13:06:56.419 17694 17738 W CurrentTemp: 3436.9478
09-20 13:06:56.419 17694 17738 W CCT_dump: [1.0199414, 0.0, 0.0, 0.0, 0.9986924, 0.0, 0.0, 0.0, 0.9813662]
09-20 13:06:56.422 17694 17738 W CurrentTemp: 3436.9478
09-20 13:06:56.422 17694 17738 W CCT_dump: [1.0199414, 0.0, 0.0, 0.0, 0.9986924, 0.0, 0.0, 0.0, 0.9813662]
09-20 13:06:56.424 17694 17738 W CurrentTemp: 3436.9478
09-20 13:06:56.424 17694 17738 W CCT_dump: [1.0199414, 0.0, 0.0, 0.0, 0.9986924, 0.0, 0.0, 0.0, 0.9813662]
09-20 13:06:56.609 17694 17738 W pkr     : CaptureResult is present COLOR_CORRECTION_GAINS NEUTRAL.
09-20 13:06:56.610 17694 17738 W CurrentTemp: 3429.6804
09-20 13:06:56.611 17694 17738 W CCT_dump: [1.020175, 0.0, 0.0, 0.0, 0.99879384, 0.0, 0.0, 0.0, 0.98103106]
09-20 13:06:56.612 17694 17738 W CurrentTemp: 3429.6804
09-20 13:06:56.612 17694 17738 W CCT_dump: [1.020175, 0.0, 0.0, 0.0, 0.99879384, 0.0, 0.0, 0.0, 0.98103106]
09-20 13:06:56.613 17694 17738 W CurrentTemp: 3429.6804
09-20 13:06:56.613 17694 17738 W CCT_dump: [1.020175, 0.0, 0.0, 0.0, 0.99879384, 0.0, 0.0, 0.0, 0.98103106]
09-20 13:06:56.614 17694 17738 W CurrentTemp: 3429.6804
09-20 13:06:56.615 17694 17738 W CCT_dump: [1.020175, 0.0, 0.0, 0.0, 0.99879384, 0.0, 0.0, 0.0, 0.98103106]
09-20 13:06:56.730 17694 18143 W PermissionInjector: applyBatch in invalid type: 2
09-20 13:06:56.813 17694 17753 W pkr     : CaptureResult is present COLOR_CORRECTION_GAINS NEUTRAL.
09-20 13:06:56.816 17694 17753 W CurrentTemp: 3416.5317
09-20 13:06:56.817 17694 17753 W CCT_dump: [1.0204029, 0.0, 0.0, 0.0, 0.9987803, 0.0, 0.0, 0.0, 0.9808169]
09-20 13:06:56.818 17694 17753 W CurrentTemp: 3416.5317
09-20 13:06:56.818 17694 17753 W CCT_dump: [1.0204029, 0.0, 0.0, 0.0, 0.9987803, 0.0, 0.0, 0.0, 0.9808169]
09-20 13:06:56.820 17694 17753 W CurrentTemp: 3416.5317
09-20 13:06:56.820 17694 17753 W CCT_dump: [1.0204029, 0.0, 0.0, 0.0, 0.9987803, 0.0, 0.0, 0.0, 0.9808169]
09-20 13:06:56.821 17694 17753 W CurrentTemp: 3416.5317
09-20 13:06:56.830 17694 17753 W CCT_dump: [1.0204029, 0.0, 0.0, 0.0, 0.9987803, 0.0, 0.0, 0.0, 0.9808169]
09-20 13:06:56.836 17694 17694 W CAM_A   : Placeholder drawable removed: key=ShotId-0 evicted=false
09-20 13:06:56.982 17694 18133 V JpegEncoderExtImpl: Resolution: 375 x 500,support: 0;
09-20 13:06:56.990 17694 17753 V JpegEncoderExtImpl: Resolution: 375 x 500,support: 0;
09-20 13:06:57.012 17694 17738 W pkr     : CaptureResult is present COLOR_CORRECTION_GAINS NEUTRAL.
09-20 13:06:57.014 17694 17738 W CurrentTemp: 3420.1516
09-20 13:06:57.014 17694 17738 W CCT_dump: [1.0203398, 0.0, 0.0, 0.0, 0.998784, 0.0, 0.0, 0.0, 0.9808761]
09-20 13:06:57.015 17694 17738 W CurrentTemp: 3420.1516
09-20 13:06:57.015 17694 17738 W CCT_dump: [1.0203398, 0.0, 0.0, 0.0, 0.998784, 0.0, 0.0, 0.0, 0.9808761]
09-20 13:06:57.017 17694 17738 W CurrentTemp: 3420.1516
09-20 13:06:57.017 17694 17738 W CCT_dump: [1.0203398, 0.0, 0.0, 0.0, 0.998784, 0.0, 0.0, 0.0, 0.9808761]
09-20 13:06:57.018 17694 17738 W CurrentTemp: 3420.1516
09-20 13:06:57.018 17694 17738 W CCT_dump: [1.0203398, 0.0, 0.0, 0.0, 0.998784, 0.0, 0.0, 0.0, 0.9808761]
09-20 13:06:57.220 17694 17753 W pkr     : CaptureResult is present COLOR_CORRECTION_GAINS NEUTRAL.
09-20 13:06:57.229 17694 17753 W CurrentTemp: 3452.6677
09-20 13:06:57.230 17694 17753 W CCT_dump: [1.0194613, 0.0, 0.0, 0.0, 0.9988172, 0.0, 0.0, 0.0, 0.9817214]
09-20 13:06:57.234 17694 17753 W CurrentTemp: 3452.6677
09-20 13:06:57.236 17694 17753 W CCT_dump: [1.0194613, 0.0, 0.0, 0.0, 0.9988172, 0.0, 0.0, 0.0, 0.9817214]
09-20 13:06:57.238 17694 17753 W CurrentTemp: 3452.6677
09-20 13:06:57.238 17694 17753 W CCT_dump: [1.0194613, 0.0, 0.0, 0.0, 0.9988172, 0.0, 0.0, 0.0, 0.9817214]
09-20 13:06:57.240 17694 17753 W CurrentTemp: 3452.6677
09-20 13:06:57.240 17694 17753 W CCT_dump: [1.0194613, 0.0, 0.0, 0.0, 0.9988172, 0.0, 0.0, 0.0, 0.9817214]
09-20 13:06:57.417 17694 17753 W pkr     : CaptureResult is present COLOR_CORRECTION_GAINS NEUTRAL.
09-20 13:06:57.420 17694 17753 W CurrentTemp: 3474.5806
09-20 13:06:57.421 17694 17753 W CCT_dump: [1.0189971, 0.0, 0.0, 0.0, 0.9987336, 0.0, 0.0, 0.0, 0.9822694]
09-20 13:06:57.424 17694 17753 W CurrentTemp: 3474.5806
09-20 13:06:57.425 17694 17753 W CCT_dump: [1.0189971, 0.0, 0.0, 0.0, 0.9987336, 0.0, 0.0, 0.0, 0.9822694]
09-20 13:06:57.427 17694 17753 W CurrentTemp: 3474.5806
09-20 13:06:57.427 17694 17753 W CCT_dump: [1.0189971, 0.0, 0.0, 0.0, 0.9987336, 0.0, 0.0, 0.0, 0.9822694]
09-20 13:06:57.430 17694 17753 W CurrentTemp: 3474.5806
09-20 13:06:57.430 17694 17753 W CCT_dump: [1.0189971, 0.0, 0.0, 0.0, 0.9987336, 0.0, 0.0, 0.0, 0.9822694]
09-20 13:06:57.458 17694 17694 D ViewRootImplExtImpl: the up motion event handled by client, just return
09-20 13:06:57.615 17694 17753 W pkr     : CaptureResult is present COLOR_CORRECTION_GAINS NEUTRAL.
09-20 13:06:57.623 17694 17753 W CurrentTemp: 3491.6956
09-20 13:06:57.623 17694 17753 W CCT_dump: [1.018516, 0.0, 0.0, 0.0, 0.99885577, 0.0, 0.0, 0.0, 0.9826284]
09-20 13:06:57.625 17694 17753 W CurrentTemp: 3491.6956
09-20 13:06:57.625 17694 17753 W CCT_dump: [1.018516, 0.0, 0.0, 0.0, 0.99885577, 0.0, 0.0, 0.0, 0.9826284]
09-20 13:06:57.627 17694 17753 W CurrentTemp: 3491.6956
09-20 13:06:57.627 17694 17753 W CCT_dump: [1.018516, 0.0, 0.0, 0.0, 0.99885577, 0.0, 0.0, 0.0, 0.9826284]
09-20 13:06:57.629 17694 17753 W CurrentTemp: 3491.6956
09-20 13:06:57.629 17694 17753 W CCT_dump: [1.018516, 0.0, 0.0, 0.0, 0.99885577, 0.0, 0.0, 0.0, 0.9826284]
09-20 13:06:57.722 17694 17694 D BufferQueueConsumer: [](id:451e00000004,api:0,p:-1,c:17694) connect: controlledByApp=true
09-20 13:06:57.723 17694 17694 W libc    : Access denied finding property "vendor.display.enable_optimal_refresh_rate"
09-20 13:06:57.723 17694 17743 D skia    : setRusSupported enable 0
09-20 13:06:57.724 17694 17743 D BufferQueueProducer: [ImageReader-288x288f1u2816m2-17694-0](id:451e00000004,api:1,p:17694,c:17694) connect: api=1 producerControlledByApp=true
09-20 13:06:57.732 17694 17743 D HWUI    : SkiaOpenGLPipeline::setSurface: this=0x6f76868f00, surface=NULL
09-20 13:06:57.732 17694 17743 D BufferQueueProducer: [ImageReader-288x288f1u2816m2-17694-0](id:451e00000004,api:1,p:17694,c:17694) disconnect: api 1
09-20 13:06:57.732 17694 17694 D BufferQueueConsumer: [ImageReader-288x288f1u2816m2-17694-0](id:451e00000004,api:0,p:-1,c:17694) disconnect
09-20 13:06:57.738 17694 17694 D callGcSupression: java.lang.NullPointerException: Attempt to invoke virtual method 'java.lang.Object java.lang.reflect.Method.invoke(java.lang.Object, java.lang.Object[])' on a null object reference
09-20 13:06:57.739 17694 17694 D ScrollOptim [SceneManager]: updateCurrentActivity: mCurrentActivityName=null, isOptEnable=true, isAnimAheadEnable=true, isFrameInsertEnable=true, InsertNum=1, isEnabledForScrollChanged=false
09-20 13:06:57.740 17694 17694 W CAM_A   : Disconnecting the camera device because filmstrip was launched.
09-20 13:06:57.743 17694 17736 V SystemSensorManagerExtImpl: unRegisterListener by hpe@68ee068 and its name is icm4x6xa Accelerometer Non-wakeup
09-20 13:06:57.747 17694 17753 E PhenotypeFlagCommitter: Retrieving snapshot for com.google.android.apps.camera#com.google.android.GoogleCameraEngR18F1 failed
09-20 13:06:57.747 17694 17753 E PhenotypeFlagCommitter: java.util.concurrent.ExecutionException: java.lang.SecurityException: GoogleCertificatesRslt: not allowed: pkg=com.google.android.GoogleCameraEngR18F1, sha256=[a40da80a59d170caa950cf15c18c454d47a39b26989d8b640ecd745ba71bf5dc], atk=false, ver=253534035.true (go/gsrlt)
09-20 13:06:57.747 17694 17753 E PhenotypeFlagCommitter: 	at mip.fb(Unknown Source:27)
09-20 13:06:57.747 17694 17753 E PhenotypeFlagCommitter: 	at mip.cd(Unknown Source:63)
09-20 13:06:57.747 17694 17753 E PhenotypeFlagCommitter: 	at kuc.c(Unknown Source:12)
09-20 13:06:57.747 17694 17753 E PhenotypeFlagCommitter: 	at kuc.e(Unknown Source:35)
09-20 13:06:57.747 17694 17753 E PhenotypeFlagCommitter: 	at kuc.b(Unknown Source:1)
09-20 13:06:57.747 17694 17753 E PhenotypeFlagCommitter: 	at gvh.a(Unknown Source:35)
09-20 13:06:57.747 17694 17753 E PhenotypeFlagCommitter: 	at gvj.run(Unknown Source:9)
09-20 13:06:57.747 17694 17753 E PhenotypeFlagCommitter: 	at law.run(Unknown Source:2)
09-20 13:06:57.747 17694 17753 E PhenotypeFlagCommitter: 	at java.util.concurrent.Executors$RunnableAdapter.call(Executors.java:524)
09-20 13:06:57.747 17694 17753 E PhenotypeFlagCommitter: 	at pio.a(Unknown Source:2)
09-20 13:06:57.747 17694 17753 E PhenotypeFlagCommitter: 	at phs.run(Unknown Source:20)
09-20 13:06:57.747 17694 17753 E PhenotypeFlagCommitter: 	at pip.run(Unknown Source:4)
09-20 13:06:57.747 17694 17753 E PhenotypeFlagCommitter: 	at java.util.concurrent.Executors$RunnableAdapter.call(Executors.java:524)
09-20 13:06:57.747 17694 17753 E PhenotypeFlagCommitter: 	at java.util.concurrent.FutureTask.run(FutureTask.java:317)
09-20 13:06:57.747 17694 17753 E PhenotypeFlagCommitter: 	at java.util.concurrent.ScheduledThreadPoolExecutor$ScheduledFutureTask.run(ScheduledThreadPoolExecutor.java:348)
09-20 13:06:57.747 17694 17753 E PhenotypeFlagCommitter: 	at lbh.run(Unknown Source:2)
09-20 13:06:57.747 17694 17753 E PhenotypeFlagCommitter: 	at lbg.run(Unknown Source:0)
09-20 13:06:57.747 17694 17753 E PhenotypeFlagCommitter: 	at java.util.concurrent.ThreadPoolExecutor.runWorker(ThreadPoolExecutor.java:1156)
09-20 13:06:57.747 17694 17753 E PhenotypeFlagCommitter: 	at java.util.concurrent.ThreadPoolExecutor$Worker.run(ThreadPoolExecutor.java:651)
09-20 13:06:57.747 17694 17753 E PhenotypeFlagCommitter: 	at java.lang.Thread.run(Thread.java:1119)
09-20 13:06:57.747 17694 17753 E PhenotypeFlagCommitter: 	at lab.run(Unknown Source:5)
09-20 13:06:57.747 17694 17753 E PhenotypeFlagCommitter: Caused by: java.lang.SecurityException: GoogleCertificatesRslt: not allowed: pkg=com.google.android.GoogleCameraEngR18F1, sha256=[a40da80a59d170caa950cf15c18c454d47a39b26989d8b640ecd745ba71bf5dc], atk=false, ver=253534035.true (go/gsrlt)
09-20 13:06:57.747 17694 17753 E PhenotypeFlagCommitter: 	at android.os.Parcel.createExceptionOrNull(Parcel.java:3272)
09-20 13:06:57.747 17694 17753 E PhenotypeFlagCommitter: 	at android.os.Parcel.createException(Parcel.java:3256)
09-20 13:06:57.747 17694 17753 E PhenotypeFlagCommitter: 	at android.os.Parcel.readException(Parcel.java:3239)
09-20 13:06:57.747 17694 17753 E PhenotypeFlagCommitter: 	at android.os.Parcel.readException(Parcel.java:3181)
09-20 13:06:57.747 17694 17753 E PhenotypeFlagCommitter: 	at bmn.z(Unknown Source:10)
09-20 13:06:57.747 17694 17753 E PhenotypeFlagCommitter: 	at ktz.a(Unknown Source:38)
09-20 13:06:57.747 17694 17753 E PhenotypeFlagCommitter: 	at kjd.f(Unknown Source:10)
09-20 13:06:57.747 17694 17753 E PhenotypeFlagCommitter: 	at kkc.t(Unknown Source:9)
09-20 13:06:57.747 17694 17753 E PhenotypeFlagCommitter: 	at kkc.u(Unknown Source:22)
09-20 13:06:57.747 17694 17753 E PhenotypeFlagCommitter: 	at kkc.e(Unknown Source:15)
09-20 13:06:57.747 17694 17753 E PhenotypeFlagCommitter: 	at kkg.handleMessage(Unknown Source:920)
09-20 13:06:57.747 17694 17753 E PhenotypeFlagCommitter: 	at android.os.Handler.dispatchMessage(Handler.java:103)
09-20 13:06:57.747 17694 17753 E PhenotypeFlagCommitter: 	at ksg.b(Unknown Source:0)
09-20 13:06:57.747 17694 17753 E PhenotypeFlagCommitter: 	at ksg.dispatchMessage(Unknown Source:0)
09-20 13:06:57.747 17694 17753 E PhenotypeFlagCommitter: 	at android.os.Looper.loopOnce(Looper.java:282)
09-20 13:06:57.747 17694 17753 E PhenotypeFlagCommitter: 	at android.os.Looper.loop(Looper.java:387)
09-20 13:06:57.747 17694 17753 E PhenotypeFlagCommitter: 	at android.os.HandlerThread.run(HandlerThread.java:85)
09-20 13:06:57.756 17694 17694 D ViewRootImplExtImpl: wrapConfigInfoIntoFlags rotation=0, smallestScreenWidthDp=360, relayoutAsync=true, flags=0, newFlags=23592960, residentWS=false, title=com.google.android.GoogleCameraEngR18F1/com.android.camera.CameraLauncher
09-20 13:06:57.756 17694 17694 D VRI[CameraLauncher]: relayoutWindow result, sizeChanged:false, surfaceControlChanged:false, transformHintChanged:false, mSurfaceSize:Point(1080, 2400), mLastSurfaceSize:Point(1080, 2400), mWidth:1080, mHeight:2400, requestedWidth:1080, requestedHeight:2400, transformHint:0, installOrientation:0, displayRotation:0, isSurfaceValid:true, attr.flag:-2122251008, tmpFrames:ClientWindowFrames{frame=[0,0][1080,2400] display=[0,0][1080,2400] parentFrame=[0,0][1080,2400]}, relayoutAsync:true, mSyncSeqId:0
09-20 13:06:57.756 17694 17694 W VRI[CameraLauncher]: updateBlastSurfaceIfNeeded, surfaceSize:Point(1080, 2400), lastSurfaceSize:Point(1080, 2400), format:-3, blastBufferQueue:android.graphics.BLASTBufferQueue@c443fa6
09-20 13:06:57.756 17694 17694 I SurfaceControl:  setExtendedRangeBrightness sc=Surface(name=com.google.android.GoogleCameraEngR18F1/com.android.camera.CameraLauncher)/@0x1de75a1,currentBufferRatio=1.0,desiredRatio=1.0
09-20 13:06:57.763 17694 17736 V SystemSensorManagerExtImpl: unRegisterListener by hpe@68ee068 and its name is ak0991x Magnetometer Non-wakeup
09-20 13:06:57.770 17694 17757 V SystemSensorManagerExtImpl: unRegisterListener by lxf@e6a4ce9
09-20 13:06:57.773 17694 17694 D VRI[CameraLauncher]: onFocusEvent false
09-20 13:06:57.809 17694 17788 W CAM_MetadataDst: onCaptureFailed for Frame 581 (images were captured)
09-20 13:06:57.809 17694 17788 W CAM_MetadataDst: onCaptureFailed for Frame 582 (images were captured)
09-20 13:06:57.811 17694 17788 W CAM_MetadataDst: onCaptureFailed for Frame 583 (images were captured)
09-20 13:06:57.811 17694 17788 W CAM_MetadataDst: onCaptureFailed for Frame 584 (images were captured)
09-20 13:06:57.811 17694 17788 W CAM_MetadataDst: onCaptureFailed for Frame 585 (images were captured)
09-20 13:06:57.811 17694 17788 W CAM_MetadataDst: onCaptureFailed for Frame 586 (images were captured)
09-20 13:06:57.811 17694 17788 W CAM_MetadataDst: onCaptureFailed for Frame 587 (images were captured)
09-20 13:06:57.813 17694 17788 W CAM_MetadataDst: onCaptureFailed for Frame 588
09-20 13:06:57.814 17694 17786 W CAM_YUV_420_888w640: Received onBufferLost from Stream-2 for frame 582 but was unable to find a matching request to abort.
09-20 13:06:57.814 17694 17786 W CAM_YUV_420_888w640: Received onBufferLost from Stream-2 for frame 583 but was unable to find a matching request to abort.
09-20 13:06:57.814 17694 17786 W CAM_YUV_420_888w640: Received onBufferLost from Stream-2 for frame 584 but was unable to find a matching request to abort.
09-20 13:06:57.814 17694 17786 W CAM_YUV_420_888w640: Received onBufferLost from Stream-2 for frame 585 but was unable to find a matching request to abort.
09-20 13:06:57.814 17694 17786 W CAM_YUV_420_888w640: Received onBufferLost from Stream-2 for frame 586 but was unable to find a matching request to abort.
09-20 13:06:57.815 17694 17786 W CAM_YUV_420_888w640: Received onBufferLost from Stream-2 for frame 587 but was unable to find a matching request to abort.
09-20 13:06:57.815 17694 17772 W CAM_RAW10w4000: Received onBufferLost from Stream-0 for frame 582 but was unable to find a matching request to abort.
09-20 13:06:57.815 17694 17772 W CAM_RAW10w4000: Received onBufferLost from Stream-0 for frame 583 but was unable to find a matching request to abort.
09-20 13:06:57.815 17694 17772 W CAM_RAW10w4000: Received onBufferLost from Stream-0 for frame 584 but was unable to find a matching request to abort.
09-20 13:06:57.815 17694 17772 W CAM_RAW10w4000: Received onBufferLost from Stream-0 for frame 585 but was unable to find a matching request to abort.
09-20 13:06:57.815 17694 17772 W CAM_RAW10w4000: Received onBufferLost from Stream-0 for frame 586 but was unable to find a matching request to abort.
09-20 13:06:57.815 17694 17772 W CAM_RAW10w4000: Received onBufferLost from Stream-0 for frame 587 but was unable to find a matching request to abort.
09-20 13:06:57.832 17694 17757 V SystemSensorManagerExtImpl: unRegisterListener by ftr@17de44d
09-20 13:06:57.876 17694 18117 E native  : E0920 13:06:57.871535   18117 jni_environment.cc:81] Failed to detach current thread from the JVM. JavaVM::DetachCurrentThread returned: -1
09-20 13:06:57.877 17694 17828 E GoLog   : E0920 13:06:57.871535   18117 jni_environment.cc:81] Failed to detach current thread from the JVM. JavaVM::DetachCurrentThread returned: -1
09-20 13:06:57.900 17694 17895 E libEGL  : validate_display:611 error 3008 (EGL_BAD_DISPLAY)
09-20 13:06:57.921 17694 17893 E libEGL  : validate_display:611 error 3008 (EGL_BAD_DISPLAY)
09-20 13:06:57.955 17694 17767 D BufferQueueProducer: [SurfaceView[com.google.android.GoogleCameraEngR18F1/com.android.camera.CameraLauncher]#1(BLAST Consumer)1](id:451e00000003,api:4,p:1917,c:17694) disconnect: api 4
09-20 13:06:57.958 17694 17767 D BufferQueueProducer: [ImageReader-4000x3000f25m42-17694-0](id:451e00000000,api:4,p:1917,c:17694) disconnect: api 4
09-20 13:06:57.970 17694 17767 D BufferQueueProducer: [ImageReader-640x480f23m52-17694-1](id:451e00000001,api:4,p:1917,c:17694) disconnect: api 4
09-20 13:06:57.975 17694 17694 D VRI[CameraLauncher]: onFocusEvent true
09-20 13:06:57.983 17694 18159 E CameraManagerGlobal: Camera 4 is not present. Ignore physical camera status change
09-20 13:06:58.027 17694 17694 D VRI[CameraLauncher]: onFocusEvent false
09-20 13:06:58.035 17694 17767 W CAM_VirtualCameraMgr: Failed to set audio restriction on camera device.
09-20 13:06:58.035 17694 17767 W CAM_VirtualCameraMgr: llv: java.lang.IllegalStateException: CameraDevice was already closed
09-20 13:06:58.035 17694 17767 W CAM_VirtualCameraMgr: 	at luw.a(Unknown Source:18)
09-20 13:06:58.035 17694 17767 W CAM_VirtualCameraMgr: 	at lzt.a(Unknown Source:2)
09-20 13:06:58.035 17694 17767 W CAM_VirtualCameraMgr: 	at lzt.a(Unknown Source:2)
09-20 13:06:58.035 17694 17767 W CAM_VirtualCameraMgr: 	at llg.a(Unknown Source:15)
09-20 13:06:58.035 17694 17767 W CAM_VirtualCameraMgr: 	at ljq.run(Unknown Source:32)
09-20 13:06:58.035 17694 17767 W CAM_VirtualCameraMgr: 	at pie.run(Unknown Source:2)
09-20 13:06:58.035 17694 17767 W CAM_VirtualCameraMgr: 	at pif.run(Unknown Source:75)
09-20 13:06:58.035 17694 17767 W CAM_VirtualCameraMgr: 	at java.util.concurrent.ThreadPoolExecutor.runWorker(ThreadPoolExecutor.java:1156)
09-20 13:06:58.035 17694 17767 W CAM_VirtualCameraMgr: 	at java.util.concurrent.ThreadPoolExecutor$Worker.run(ThreadPoolExecutor.java:651)
09-20 13:06:58.035 17694 17767 W CAM_VirtualCameraMgr: 	at java.lang.Thread.run(Thread.java:1119)
09-20 13:06:58.035 17694 17767 W CAM_VirtualCameraMgr: 	at lab.run(Unknown Source:5)
09-20 13:06:58.035 17694 17767 W CAM_VirtualCameraMgr: Caused by: java.lang.IllegalStateException: CameraDevice was already closed
09-20 13:06:58.035 17694 17767 W CAM_VirtualCameraMgr: 	at android.hardware.camera2.impl.CameraDeviceImpl.checkIfCameraClosedOrInError(CameraDeviceImpl.java:2712)
09-20 13:06:58.035 17694 17767 W CAM_VirtualCameraMgr: 	at android.hardware.camera2.impl.CameraDeviceImpl.getCameraAudioRestriction(CameraDeviceImpl.java:2777)
09-20 13:06:58.035 17694 17767 W CAM_VirtualCameraMgr: 	at luw.a(Unknown Source:2)
09-20 13:06:58.035 17694 17767 W CAM_VirtualCameraMgr: 	... 10 more
09-20 13:06:58.035 17694 17767 W CAM_VirtualCameraMgr: Failed to set audio restriction on camera device.
09-20 13:06:58.035 17694 17767 W CAM_VirtualCameraMgr: llv: java.lang.IllegalStateException: CameraDevice was already closed
09-20 13:06:58.035 17694 17767 W CAM_VirtualCameraMgr: 	at luw.a(Unknown Source:18)
09-20 13:06:58.035 17694 17767 W CAM_VirtualCameraMgr: 	at lzt.a(Unknown Source:2)
09-20 13:06:58.035 17694 17767 W CAM_VirtualCameraMgr: 	at lzt.a(Unknown Source:2)
09-20 13:06:58.035 17694 17767 W CAM_VirtualCameraMgr: 	at llg.a(Unknown Source:15)
09-20 13:06:58.035 17694 17767 W CAM_VirtualCameraMgr: 	at ljq.run(Unknown Source:32)
09-20 13:06:58.035 17694 17767 W CAM_VirtualCameraMgr: 	at pif.run(Unknown Source:75)
09-20 13:06:58.035 17694 17767 W CAM_VirtualCameraMgr: 	at java.util.concurrent.ThreadPoolExecutor.runWorker(ThreadPoolExecutor.java:1156)
09-20 13:06:58.035 17694 17767 W CAM_VirtualCameraMgr: 	at java.util.concurrent.ThreadPoolExecutor$Worker.run(ThreadPoolExecutor.java:651)
09-20 13:06:58.035 17694 17767 W CAM_VirtualCameraMgr: 	at java.lang.Thread.run(Thread.java:1119)
09-20 13:06:58.035 17694 17767 W CAM_VirtualCameraMgr: 	at lab.run(Unknown Source:5)
09-20 13:06:58.035 17694 17767 W CAM_VirtualCameraMgr: Caused by: java.lang.IllegalStateException: CameraDevice was already closed
09-20 13:06:58.035 17694 17767 W CAM_VirtualCameraMgr: 	at android.hardware.camera2.impl.CameraDeviceImpl.checkIfCameraClosedOrInError(CameraDeviceImpl.java:2712)
09-20 13:06:58.035 17694 17767 W CAM_VirtualCameraMgr: 	at android.hardware.camera2.impl.CameraDeviceImpl.getCameraAudioRestriction(CameraDeviceImpl.java:2777)
09-20 13:06:58.035 17694 17767 W CAM_VirtualCameraMgr: 	at luw.a(Unknown Source:2)
09-20 13:06:58.035 17694 17767 W CAM_VirtualCameraMgr: 	... 9 more
09-20 13:06:58.060 17694 17694 D callGcSupression: java.lang.NullPointerException: Attempt to invoke virtual method 'java.lang.Object java.lang.reflect.Method.invoke(java.lang.Object, java.lang.Object[])' on a null object reference
09-20 13:06:58.060 17694 17694 W VRI[CameraLauncher]: handleResized abandoned!
09-20 13:06:58.385 17694 18159 D VRI[CameraLauncher]: dispatchAppVisibility visible:false
09-20 13:06:58.385 17694 17694 D VRI[CameraLauncher]: visibilityChanged oldVisibility=true newVisibility=false
09-20 13:06:58.386 17694 17694 I SurfaceView: 103289434 surfaceDestroyed
09-20 13:06:58.386 17694 17694 W CAM_A   : Duplicate call to stopModule; skipping stop.
09-20 13:06:58.386 17694 17694 D BufferQueueProducer: [SurfaceView[com.google.android.GoogleCameraEngR18F1/com.android.camera.CameraLauncher]#1(BLAST Consumer)1](id:451e00000003,api:0,p:-1,c:17694) disconnect: api -1
09-20 13:06:58.386 17694 17694 D BLASTBufferQueue: [SurfaceView[com.google.android.GoogleCameraEngR18F1/com.android.camera.CameraLauncher]#1](f:0,a:1) destructor()
09-20 13:06:58.386 17694 17694 D BufferQueueConsumer: [SurfaceView[com.google.android.GoogleCameraEngR18F1/com.android.camera.CameraLauncher]#1(BLAST Consumer)1](id:451e00000003,api:0,p:-1,c:17694) disconnect
09-20 13:06:58.388 17694 17743 D SurfaceView: 138885530positionLost mSurfaceControl is null return;
09-20 13:06:58.388 17694 17694 D HWUI    : RenderProxy::destroy: this=0x6f76956300, mContext=0x6f769a8cc0
09-20 13:06:58.388 17694 17743 D HWUI    : SkiaOpenGLPipeline::setSurface: this=0x6f7695fc80, surface=NULL
09-20 13:06:58.388 17694 17743 D BufferQueueProducer: [VRI[CameraLauncher]#0(BLAST Consumer)0](id:451e00000002,api:1,p:17694,c:17694) disconnect: api 1
09-20 13:06:58.389 17694 17694 D ViewRootImplExtImpl: wrapConfigInfoIntoFlags rotation=0, smallestScreenWidthDp=360, relayoutAsync=false, flags=0, newFlags=23592960, residentWS=false, title=com.google.android.GoogleCameraEngR18F1/com.android.camera.CameraLauncher
09-20 13:06:58.409 17694 17694 D VRI[CameraLauncher]: relayoutWindow result, sizeChanged:false, surfaceControlChanged:true, transformHintChanged:false, mSurfaceSize:Point(1080, 2400), mLastSurfaceSize:Point(1080, 2400), mWidth:1080, mHeight:2400, requestedWidth:1080, requestedHeight:2400, transformHint:0, installOrientation:0, displayRotation:0, isSurfaceValid:false, attr.flag:-2122251008, tmpFrames:ClientWindowFrames{frame=[0,0][1080,2400] display=[0,0][1080,2400] parentFrame=[0,0][0,0]}, relayoutAsync:false, mSyncSeqId:0
09-20 13:06:58.409 17694 17694 D BLASTBufferQueue: [VRI[CameraLauncher]#0](f:0,a:2) destructor()
09-20 13:06:58.409 17694 17694 D BufferQueueConsumer: [VRI[CameraLauncher]#0(BLAST Consumer)0](id:451e00000002,api:0,p:-1,c:17694) disconnect
09-20 13:06:58.412 17694 17694 D callGcSupression: java.lang.NullPointerException: Attempt to invoke virtual method 'java.lang.Object java.lang.reflect.Method.invoke(java.lang.Object, java.lang.Object[])' on a null object reference
09-20 13:06:58.412 17694 17694 D VRI[CameraLauncher]: setWindowStopped stopped:true
09-20 13:06:58.413 17694 17694 V SystemSensorManagerExtImpl: unRegisterListener by android.view.OrientationEventListener$SensorEventListenerImpl@6eafde8
09-20 13:06:58.428 17694 17694 W CAM_A   : Duplicate call to stopModule; skipping stop.
09-20 13:06:59.032 17694 17784 D OplusScrollToTopManager: com.google.android.GoogleCameraEngR18F1/com.android.camera.CameraLauncher,This com.android.internal.policy.DecorView{199ea03 I.E...... R.....ID 0,0-1080,2400 aid=0 alpha=1.0 viewInfo = }[CameraLauncher] change focus to false
09-20 13:06:59.747 17694 17771 D BufferQueueConsumer: [ImageReader-4000x3000f25m42-17694-0](id:451e00000000,api:0,p:-1,c:17694) disconnect
09-20 13:07:07.956 17694 17877 D VRI[CameraLauncher]: dispatchAppVisibility visible:true
09-20 13:07:07.965 17694 17694 D callGcSupression: java.lang.NullPointerException: Attempt to invoke virtual method 'java.lang.Object java.lang.reflect.Method.invoke(java.lang.Object, java.lang.Object[])' on a null object reference
09-20 13:07:07.965 17694 17694 D VRI[CameraLauncher]: setWindowStopped stopped:false
09-20 13:07:07.967 17694 17755 V SystemSensorManagerExtImpl: RegisterListener icm4x6xa Accelerometer Non-wakeup type:1 delay:200000us by android.view.OrientationEventListener$SensorEventListenerImpl@6eafde8 from com.google.android.GoogleCameraEngR18F1
09-20 13:07:07.968 17694 17736 V SystemSensorManagerExtImpl: RegisterListener Rotation Vector  Non-wakeup type:11 delay:200000us by hpi@eb263f1 from com.google.android.GoogleCameraEngR18F1
09-20 13:07:07.977 17694 17694 D CameraManager2: GotArray:0
09-20 13:07:07.977 17694 17694 D CameraManager2: GotArray:1
09-20 13:07:07.977 17694 17694 D CameraManager2: GotArray:20
09-20 13:07:07.977 17694 17694 D CameraManager2: GotArray:21
09-20 13:07:07.978 17694 17694 D CameraManager2: GotArray:22
09-20 13:07:07.980 17694 17694 D CameraManager2: GotArray:0
09-20 13:07:07.980 17694 17694 D CameraManager2: GotArray:1
09-20 13:07:07.980 17694 17694 D CameraManager2: GotArray:20
09-20 13:07:07.980 17694 17694 D CameraManager2: GotArray:21
09-20 13:07:07.980 17694 17694 D CameraManager2: GotArray:22
09-20 13:07:07.983 17694 17694 D CameraManager2: GotArray:0
09-20 13:07:07.983 17694 17694 D CameraManager2: GotArray:1
09-20 13:07:07.983 17694 17694 D CameraManager2: GotArray:20
09-20 13:07:07.983 17694 17694 D CameraManager2: GotArray:21
09-20 13:07:07.983 17694 17694 D CameraManager2: GotArray:22
09-20 13:07:07.987 17694 17767 I OplusCameraManagerGlobal: setClientInfo, packageName: com.google.android.GoogleCameraEngR18F1, uid: 10454, pid: 17694
09-20 13:07:07.989 17694 17767 I OplusCameraManagerGlobal: setClientInfo, packageName: com.google.android.GoogleCameraEngR18F1, uid: 10454, pid: 17694
09-20 13:07:07.995 17694 17767 W libc    : Access denied finding property "persist.vendor.camera.privapp.list"
09-20 13:07:07.996 17694 17767 I OplusCameraManagerGlobal: setClientInfo, packageName: com.google.android.GoogleCameraEngR18F1, uid: 10454, pid: 17694
09-20 13:07:07.997 17694 17757 D BufferQueueConsumer: [](id:451e00000005,api:0,p:-1,c:17694) connect: controlledByApp=true
09-20 13:07:07.998 17694 17757 W libc    : Access denied finding property "vendor.display.enable_optimal_refresh_rate"
09-20 13:07:08.000 17694 17767 I OplusCameraUtils: current activityName: 
09-20 13:07:08.000 17694 17767 I OplusCameraUtils: getComponentName, componentName: com.google.android.GoogleCameraEngR18F1/, packageName:com.google.android.GoogleCameraEngR18F1, activityName:
09-20 13:07:08.000 17694 17767 I CameraManager: openCameraDeviceUserAsync, use componentName: com.google.android.GoogleCameraEngR18F1/
09-20 13:07:08.002 17694 17757 D BufferQueueConsumer: [](id:451e00000006,api:0,p:-1,c:17694) connect: controlledByApp=true
09-20 13:07:08.003 17694 17757 W libc    : Access denied finding property "vendor.display.enable_optimal_refresh_rate"
09-20 13:07:08.005 17694 17767 I OplusCameraUtils: current activityName: 
09-20 13:07:08.005 17694 17767 I OplusCameraUtils: getComponentName, componentName: com.google.android.GoogleCameraEngR18F1/, packageName:com.google.android.GoogleCameraEngR18F1, activityName:
09-20 13:07:08.009 17694 17694 D ViewRootImplExtImpl: wrapConfigInfoIntoFlags rotation=0, smallestScreenWidthDp=360, relayoutAsync=false, flags=0, newFlags=23592960, residentWS=false, title=com.google.android.GoogleCameraEngR18F1/com.android.camera.CameraLauncher
09-20 13:07:08.017 17694 17694 D VRI[CameraLauncher]: relayoutWindow result, sizeChanged:false, surfaceControlChanged:true, transformHintChanged:false, mSurfaceSize:Point(1080, 2400), mLastSurfaceSize:Point(1080, 2400), mWidth:1080, mHeight:2400, requestedWidth:1080, requestedHeight:2400, transformHint:0, installOrientation:0, displayRotation:0, isSurfaceValid:true, attr.flag:-2122251008, tmpFrames:ClientWindowFrames{frame=[0,0][1080,2400] display=[0,0][1080,2400] parentFrame=[0,0][0,0]}, relayoutAsync:false, mSyncSeqId:0
09-20 13:07:08.017 17694 17694 W VRI[CameraLauncher]: updateBlastSurfaceIfNeeded, surfaceSize:Point(1080, 2400), lastSurfaceSize:Point(1080, 2400), format:-3, blastBufferQueue:null
09-20 13:07:08.017 17694 17694 D BufferQueueConsumer: [](id:451e00000007,api:0,p:-1,c:17694) connect: controlledByApp=false
09-20 13:07:08.018 17694 17694 W libc    : Access denied finding property "vendor.display.enable_optimal_refresh_rate"
09-20 13:07:08.018 17694 17743 D BufferQueueProducer: [VRI[CameraLauncher]#2(BLAST Consumer)2](id:451e00000007,api:1,p:17694,c:17694) connect: api=1 producerControlledByApp=true
09-20 13:07:08.023 17694 17898 E CameraManagerGlobal: Camera 4 is not present. Ignore physical camera status change
09-20 13:07:08.023 17694 17694 D BufferQueueConsumer: [](id:451e00000008,api:0,p:-1,c:17694) connect: controlledByApp=false
09-20 13:07:08.024 17694 17694 W libc    : Access denied finding property "vendor.display.enable_optimal_refresh_rate"
09-20 13:07:08.024 17694 17694 I SurfaceView: 103289434 visibleChanged -- surfaceCreated 
09-20 13:07:08.024 17694 17694 D SurfaceView: 103289434 handleSyncNoBuffer
09-20 13:07:08.025 17694 17694 D SurfaceView: 103289434 finishedDrawing
09-20 13:07:08.025 17694 17694 D SurfaceView: 103289434 performDrawFinished mAttachedToWindow true
09-20 13:07:08.026 17694 17694 D BufferQueueConsumer: [](id:451e00000009,api:0,p:-1,c:17694) connect: controlledByApp=true
09-20 13:07:08.026 17694 17694 W libc    : Access denied finding property "vendor.display.enable_optimal_refresh_rate"
09-20 13:07:08.026 17694 17743 D skia    : setRusSupported enable 0
09-20 13:07:08.026 17694 17743 D BufferQueueProducer: [ImageReader-288x288f1u2816m2-17694-1](id:451e00000009,api:1,p:17694,c:17694) connect: api=1 producerControlledByApp=true
09-20 13:07:08.036 17694 17743 D HWUI    : SkiaOpenGLPipeline::setSurface: this=0x6f76963880, surface=NULL
09-20 13:07:08.037 17694 17743 D BufferQueueProducer: [ImageReader-288x288f1u2816m2-17694-1](id:451e00000009,api:1,p:17694,c:17694) disconnect: api 1
09-20 13:07:08.048 17694 17694 D BufferQueueConsumer: [ImageReader-288x288f1u2816m2-17694-1](id:451e00000009,api:0,p:-1,c:17694) disconnect
09-20 13:07:08.051 17694 17767 I OplusCameraManagerGlobal: setIsCameraUnitSession E
09-20 13:07:08.052 17694 17694 W VRI[CameraLauncher]: performTraversals: cancelAndRedraw, mLastPerformTraversalsSkipDrawReasonpredraw_android.app.EnterTransitionCoordinator$1
09-20 13:07:08.052 17694 17694 D ViewRootImplExtImpl: setMaxDequeuedBufferCount: 2
09-20 13:07:08.053 17694 17736 V SystemSensorManagerExtImpl: unRegisterListener by hpi@eb263f1 and its name is Rotation Vector  Non-wakeup
09-20 13:07:08.055 17694 17694 I SurfaceView: 103289434 surfaceDestroyed
09-20 13:07:08.055 17694 17694 D BufferQueueProducer: [](id:451e00000008,api:0,p:-1,c:17694) disconnect: api -1
09-20 13:07:08.055 17694 17694 D BLASTBufferQueue: [SurfaceView[com.google.android.GoogleCameraEngR18F1/com.android.camera.CameraLauncher]#3](f:0,a:0) destructor()
09-20 13:07:08.055 17694 17694 D BufferQueueConsumer: [SurfaceView[com.google.android.GoogleCameraEngR18F1/com.android.camera.CameraLauncher]#3(BLAST Consumer)3](id:451e00000008,api:0,p:-1,c:17694) disconnect
09-20 13:07:08.057 17694 17694 I SurfaceView: 80935236 onAttachedToWindow
09-20 13:07:08.106 17694 17694 D BufferQueueConsumer: [](id:451e0000000a,api:0,p:-1,c:17694) connect: controlledByApp=false
09-20 13:07:08.106 17694 17694 W libc    : Access denied finding property "vendor.display.enable_optimal_refresh_rate"
09-20 13:07:08.106 17694 17694 I SurfaceView: 80935236 visibleChanged -- surfaceCreated 
09-20 13:07:08.107 17694 17694 D SurfaceView: 80935236 handleSyncNoBuffer
09-20 13:07:08.107 17694 17694 D SurfaceView: 80935236 finishedDrawing
09-20 13:07:08.107 17694 17694 D SurfaceView: 80935236 performDrawFinished mAttachedToWindow true
09-20 13:07:08.108 17694 17694 I SurfaceControl:  setExtendedRangeBrightness sc=Surface(name=com.google.android.GoogleCameraEngR18F1/com.android.camera.CameraLauncher)/@0x1de75a1,currentBufferRatio=1.0,desiredRatio=1.0
09-20 13:07:08.108 17694 17694 D SurfaceView: 80935236 dispatchDraw mDrawFinished true isAboveParent false (mPrivateFlags & PFLAG_SKIP_DRAW) 128
09-20 13:07:08.108 17694 17694 D SurfaceView: 80935236 clearSurfaceViewPort mCornerRadius 0.0
09-20 13:07:08.110 17694 17767 D BufferQueueProducer: [ImageReader-4000x3000f25m42-17694-2](id:451e00000005,api:4,p:1917,c:17694) connect: api=4 producerControlledByApp=false
09-20 13:07:08.112 17694 17767 D BufferQueueProducer: [ImageReader-640x480f23m52-17694-3](id:451e00000006,api:4,p:1917,c:17694) connect: api=4 producerControlledByApp=false
09-20 13:07:08.116 17694 17767 W CAM_SimpleReqProcessor: Failed to add Stream-4 to CaptureRequest for Request-32. The surface (null) was not valid.
09-20 13:07:08.136 17694 17743 D BLASTBufferQueue: [VRI[CameraLauncher]#2](f:0,a:1) acquireNextBufferLocked size=1080x2400 mFrameNumber=1 applyTransaction=true mTimestamp=587220982044532(auto) mPendingTransactions.size=0 graphicBufferId=75995151335517 transform=0
09-20 13:07:08.137 17694 17743 D VRI[CameraLauncher]: Received frameCommittedCallback lastAttemptedDrawFrameNum=1 didProduceBuffer=true syncBuffer=false
09-20 13:07:08.137 17694 17694 D VRI[CameraLauncher]: draw finished. seqId=0
09-20 13:07:08.141 17694 17767 W CAM_SimpleReqProcessor: Failed to add Stream-4 to CaptureRequest for Request-33. The surface (null) was not valid.
09-20 13:07:08.160 17694 17694 W CAM_A   : ModeSwitcher WAS ALREADY ENABLED!
09-20 13:07:08.269 17694 17767 W CAM_SimpleReqProcessor: Failed to add Stream-4 to CaptureRequest for Request-34.  The surface is not yet available.
09-20 13:07:08.285 17694 18730 W CAM_SurfaceMap: Surface(name=null mNativeObject=477234731008)/@0x197853 is valid but deferred streams are not yet available for CaptureSession-1
09-20 13:07:08.285 17694 18730 W CAM_SimpleReqProcessor: Failed to add Stream-4 to CaptureRequest for Request-35.  The surface is not yet available.
09-20 13:07:08.293 17694 18730 D BufferQueueProducer: [SurfaceView[com.google.android.GoogleCameraEngR18F1/com.android.camera.CameraLauncher]#4(BLAST Consumer)4](id:451e0000000a,api:4,p:1917,c:17694) connect: api=4 producerControlledByApp=true
09-20 13:07:08.489 17694 18728 W CAM_A   : PHOTO > abs Δ(result sensor timestamp) = 10755.34 ms > 70.00 ms
09-20 13:07:08.489 17694 18728 W CAM_A   : PHOTO > rel Δ(result sensor timestamp) = 321.56 > 0.25
09-20 13:07:08.489 17694 18728 W CAM_A   : PHOTO > result sensor delay = 322.66 > 1.10
09-20 13:07:08.497 17694 17753 I tflite  : Replacing 5 node(s) with delegate (TfLiteXNNPackDelegate) node, yielding 1 partitions.
09-20 13:07:08.498 17694 17753 I acceleration: ModifyGraphWithDelegate model namespace: unknown_namespace model id: unknown_model_id accelerator name: NNAPI:
09-20 13:07:08.498 17694 17828 E GoLog   : INFO: Replacing 5 node(s) with delegate (TfLiteXNNPackDelegate) node, yielding 1 partitions.
09-20 13:07:08.511 17694 17738 W CAM_A   : Extractor (frame) of type feature.acmi.imu.frame-straightness depends on foreign type feature.acmi.imu.camera-orientation! Feature values may be calculated out of order!
09-20 13:07:08.511 17694 17738 W CAM_A   : Extractor (frame) of type feature.acmi.imu.frame-straightness depends on foreign type feature.acmi.imu.camera-orientation! Feature values may be calculated out of order!
09-20 13:07:08.513 17694 17694 W VRI[CameraLauncher]: performTraversals: cancelAndRedraw, mLastPerformTraversalsSkipDrawReasonpredraw_com.android.internal.view.OneShotPreDrawListener
09-20 13:07:08.515 17694 17738 V SystemSensorManagerExtImpl: RegisterListener icm4x6xa Accelerometer Non-wakeup type:1 delay:200000us by ftr@17de44d from com.google.android.GoogleCameraEngR18F1
09-20 13:07:08.519 17694 18768 E native  : E0920 13:07:08.519911   18768 resource_util_android.cc:65] generic::internal: RET_CHECK failure (third_party/mediapipe/util/resource_util_android.cc:65) Singleton<AssetManager>::get()->ReadFile(path, output) could not read asset: research/vision/loco/video/models/siamese_fcpp/mobile/model_21086792_30/siamese_fe.tflite
09-20 13:07:08.519 17694 18768 E native  : Stack trace:
09-20 13:07:08.519 17694 18768 E native  : 
09-20 13:07:08.520 17694 18768 E native  : E0920 13:07:08.520011   18768 asset_manager_util.cc:166] generic::internal: RET_CHECK failure (third_party/mediapipe/util/android/asset_manager_util.cc:166) ReadFile(asset_path, &asset_data) could not read asset: research/vision/loco/video/models/siamese_fcpp/mobile/model_21086792_30/siamese_fe.tflite
09-20 13:07:08.520 17694 18768 E native  : Stack trace:
09-20 13:07:08.520 17694 18768 E native  : 
09-20 13:07:08.520 17694 17828 E GoLog   : E0920 13:07:08.519911   18768 resource_util_android.cc:65] generic::internal: RET_CHECK failure (third_party/mediapipe/util/resource_util_android.cc:65) Singleton<AssetManager>::get()->ReadFile(path, output) could not read asset: research/vision/loco/video/models/siamese_fcpp/mobile/model_21086792_30/siamese_fe.tflite
09-20 13:07:08.520 17694 17828 E GoLog   : Stack trace:
09-20 13:07:08.520 17694 17828 E GoLog   : 
09-20 13:07:08.520 17694 17828 E GoLog   : E0920 13:07:08.520011   18768 asset_manager_util.cc:166] generic::internal: RET_CHECK failure (third_party/mediapipe/util/android/asset_manager_util.cc:166) ReadFile(asset_path, &asset_data) could not read asset: research/vision/loco/video/models/siamese_fcpp/mobile/model_21086792_30/siamese_fe.tflite
09-20 13:07:08.520 17694 17828 E GoLog   : Stack trace:
09-20 13:07:08.520 17694 17828 E GoLog   : 
09-20 13:07:08.521 17694 17738 V SystemSensorManagerExtImpl: RegisterListener icm4x6xa Gyroscope Non-wakeup type:4 delay:200000us by ftr@17de44d from com.google.android.GoogleCameraEngR18F1
09-20 13:07:08.530 17694 18768 I tflite  : Replacing 26 node(s) with delegate (unknown) node, yielding 1 partitions.
09-20 13:07:08.536 17694 17828 E GoLog   : INFO: Replacing 26 node(s) with delegate (unknown) node, yielding 1 partitions.
09-20 13:07:08.546 17694 17736 V SystemSensorManagerExtImpl: RegisterListener icm4x6xa Accelerometer Non-wakeup type:1 delay:200000us by hpe@68ee068 from com.google.android.GoogleCameraEngR18F1
09-20 13:07:08.548 17694 18768 I tflite  : Replacing 26 node(s) with delegate (unknown) node, yielding 1 partitions.
09-20 13:07:08.548 17694 17828 E GoLog   : INFO: Replacing 26 node(s) with delegate (unknown) node, yielding 1 partitions.
09-20 13:07:08.552 17694 18728 W CAM_A   : PHOTO > rel Δ(result sensor timestamp) = 0.99 > 0.25
09-20 13:07:08.553 17694 18728 W CAM_A   : PHOTO > result sensor delay = 1.98 > 1.10
09-20 13:07:08.559 17694 17898 D BLASTBufferQueue: [SurfaceView[com.google.android.GoogleCameraEngR18F1/com.android.camera.CameraLauncher]#4](f:0,a:1) acquireNextBufferLocked size=640x480 mFrameNumber=1 applyTransaction=true mTimestamp=587221353758380 mPendingTransactions.size=0 graphicBufferId=75995151335523 transform=4
09-20 13:07:08.561 17694 17738 V SystemSensorManagerExtImpl: RegisterListener icm4x6xa Gyroscope Non-wakeup type:4 delay:0us by lxf@e6a4ce9 from com.google.android.GoogleCameraEngR18F1
09-20 13:07:08.578 17694 17736 V SystemSensorManagerExtImpl: RegisterListener ak0991x Magnetometer Non-wakeup type:2 delay:200000us by hpe@68ee068 from com.google.android.GoogleCameraEngR18F1
09-20 13:07:08.602 17694 18768 E native  : E0920 13:07:08.601985   18768 resource_util_android.cc:65] generic::internal: RET_CHECK failure (third_party/mediapipe/util/resource_util_android.cc:65) Singleton<AssetManager>::get()->ReadFile(path, output) could not read asset: research/vision/loco/video/models/siamese_fcpp/mobile/model_21086792_30/siamese_end2end.tflite
09-20 13:07:08.602 17694 18768 E native  : Stack trace:
09-20 13:07:08.602 17694 18768 E native  : 
09-20 13:07:08.602 17694 18768 E native  : E0920 13:07:08.602231   18768 asset_manager_util.cc:166] generic::internal: RET_CHECK failure (third_party/mediapipe/util/android/asset_manager_util.cc:166) ReadFile(asset_path, &asset_data) could not read asset: research/vision/loco/video/models/siamese_fcpp/mobile/model_21086792_30/siamese_end2end.tflite
09-20 13:07:08.602 17694 18768 E native  : Stack trace:
09-20 13:07:08.602 17694 18768 E native  : 
09-20 13:07:08.603 17694 17828 E GoLog   : E0920 13:07:08.601985   18768 resource_util_android.cc:65] generic::internal: RET_CHECK failure (third_party/mediapipe/util/resource_util_android.cc:65) Singleton<AssetManager>::get()->ReadFile(path, output) could not read asset: research/vision/loco/video/models/siamese_fcpp/mobile/model_21086792_30/siamese_end2end.tflite
09-20 13:07:08.603 17694 17828 E GoLog   : Stack trace:
09-20 13:07:08.603 17694 17828 E GoLog   : 
09-20 13:07:08.603 17694 17828 E GoLog   : E0920 13:07:08.602231   18768 asset_manager_util.cc:166] generic::internal: RET_CHECK failure (third_party/mediapipe/util/android/asset_manager_util.cc:166) ReadFile(asset_path, &asset_data) could not read asset: research/vision/loco/video/models/siamese_fcpp/mobile/model_21086792_30/siamese_end2end.tflite
09-20 13:07:08.603 17694 17828 E GoLog   : Stack trace:
09-20 13:07:08.603 17694 17828 E GoLog   : 
09-20 13:07:08.620 17694 17694 D callGcSupression: java.lang.NullPointerException: Attempt to invoke virtual method 'java.lang.Object java.lang.reflect.Method.invoke(java.lang.Object, java.lang.Object[])' on a null object reference
09-20 13:07:08.632 17694 18728 W CAM_A   : PHOTO > rel Δ(result sensor timestamp) = 0.50 > 0.25
09-20 13:07:08.644 17694 17694 D ScrollOptim [SceneManager]: updateCurrentActivity: mCurrentActivityName=com.android.camera.CameraLauncher, isOptEnable=true, isAnimAheadEnable=true, isFrameInsertEnable=true, InsertNum=1, isEnabledForScrollChanged=false
09-20 13:07:08.644 17694 17694 D ActivityThread: ComponentInfo{com.google.android.GoogleCameraEngR18F1/com.android.camera.CameraLauncher} checkFinished=false 2
09-20 13:07:08.644 17694 17694 D ResourcesManagerExtImpl: applyConfigurationToAppResourcesLocked app.getDisplayId() return callback.displayId:0
09-20 13:07:08.653 17694 17694 D VRI[CameraLauncher]: onFocusEvent true
09-20 13:07:08.669 17694 18768 I tflite  : Replacing 47 node(s) with delegate (unknown) node, yielding 1 partitions.
09-20 13:07:08.671 17694 18768 I tflite  : Replacing 47 node(s) with delegate (unknown) node, yielding 1 partitions.
09-20 13:07:08.693 17694 17694 D ViewRootImplExtImpl: wrapConfigInfoIntoFlags rotation=0, smallestScreenWidthDp=360, relayoutAsync=true, flags=0, newFlags=23592960, residentWS=false, title=com.google.android.GoogleCameraEngR18F1/com.android.camera.CameraLauncher
