--------- beginning of main
09-20 13:06:36.696 17749 17749 W libprocessgroup: Controller io is not found
09-20 13:06:36.697 17749 17749 W libprocessgroup: Controller io is not found
09-20 13:06:36.697 17749 17749 W libprocessgroup: Controller io is not found
09-20 13:06:36.697 17749 17749 W libprocessgroup: JoinCgroup: controller schedtune is not found
09-20 13:06:36.698 17749 17749 W libprocessgroup: SetAttribute: unknown attribute: CfqGroupIdle
09-20 13:06:36.698 17749 17749 W libprocessgroup: SetAttribute: unknown attribute: CfqWeight
09-20 13:06:36.698 17749 17749 W libprocessgroup: SetAttribute: unknown attribute: CfqGroupIdle
09-20 13:06:36.698 17749 17749 W libprocessgroup: SetAttribute: unknown attribute: CfqWeight
09-20 13:06:36.698 17749 17749 W libprocessgroup: SetAttribute: unknown attribute: BfqWeight
09-20 13:06:36.698 17749 17749 W libprocessgroup: SetAttribute: unknown attribute: CfqGroupIdle
09-20 13:06:36.698 17749 17749 W libprocessgroup: SetAttribute: unknown attribute: CfqWeight
09-20 13:06:36.698 17749 17749 W libprocessgroup: SetAttribute: unknown attribute: BfqWeight
09-20 13:06:36.698 17749 17749 W libprocessgroup: SetAttribute: unknown attribute: CfqGroupIdle
09-20 13:06:36.698 17749 17749 W libprocessgroup: SetAttribute: unknown attribute: CfqWeight
09-20 13:06:36.698 17749 17749 W libprocessgroup: SetAttribute: unknown attribute: BfqWeight
09-20 13:06:36.698 17749 17749 W libprocessgroup: SetAttribute: unknown attribute: CfqGroupIdle
09-20 13:06:36.698 17749 17749 W libprocessgroup: SetAttribute: unknown attribute: CfqWeight
09-20 13:06:36.698 17749 17749 W libprocessgroup: SetAttribute: unknown attribute: BfqWeight
09-20 13:06:36.698 17749 17749 W libprocessgroup: SetAttribute: unknown attribute: CfqGroupIdle
09-20 13:06:36.698 17749 17749 W libprocessgroup: SetAttribute: unknown attribute: CfqWeight
09-20 13:06:36.698 17749 17749 W libprocessgroup: SetAttribute: unknown attribute: BfqWeight
09-20 13:06:36.698 17749 17749 W libprocessgroup: SetAttribute: unknown attribute: CfqGroupIdle
09-20 13:06:36.698 17749 17749 W libprocessgroup: SetAttribute: unknown attribute: CfqWeight
09-20 13:06:36.704 17749 17749 W libprocessgroup: A JoinCgroup action in the Frozen profile is used for controller freezer in the cgroup v2 hierarchy and will be ignored
09-20 13:06:36.704 17749 17749 W libprocessgroup: A JoinCgroup action in the Unfrozen profile is used for controller freezer in the cgroup v2 hierarchy and will be ignored
09-20 13:06:36.722 17694 17738 I CameraManagerExtImpl: packagename is com.google.android.GoogleCameraEngR18F1
09-20 13:06:36.722 17694 17738 I OplusCameraManager: saveOpPackageName, mOpPackageName: com.google.android.GoogleCameraEngR18F1
09-20 13:06:36.737 17694 17738 I OplusCameraManagerGlobal: setClientInfo, packageName: com.google.android.GoogleCameraEngR18F1, uid: 10454, pid: 17694
09-20 13:06:36.737 17694 17738 I OplusCameraManagerGlobal: Connecting to camera service
09-20 13:06:36.739 17694 17738 I CameraManagerGlobal: Connecting to camera service
09-20 13:06:36.746 17694 17694 I oplus.android.OplusFrameworkFactoryImpl: Unknow feature:IOplusTextViewRTLUtilForUG
09-20 13:06:36.753 17694 17694 D nativeloader: Load liboplushwui_jni.so using system ns (caller=/system/framework/oplus-framework.jar): ok
09-20 13:06:36.777 17694 17755 D CameraManager2: GotArray:0
09-20 13:06:36.777 17694 17755 D CameraManager2: GotArray:1
09-20 13:06:36.777 17694 17755 D CameraManager2: GotArray:20
09-20 13:06:36.777 17694 17755 D CameraManager2: GotArray:21
09-20 13:06:36.777 17694 17755 D CameraManager2: GotArray:22
--------- beginning of system
09-20 13:06:36.783 17694 17694 E OplusCustomizeRestrictionManager: sInstance is null, start a new sInstance
09-20 13:06:36.784 17694 17757 D CameraManager2: GotArray:0
09-20 13:06:36.784 17694 17757 D CameraManager2: GotArray:1
09-20 13:06:36.784 17694 17757 D CameraManager2: GotArray:20
09-20 13:06:36.784 17694 17757 D CameraManager2: GotArray:21
09-20 13:06:36.784 17694 17757 D CameraManager2: GotArray:22
09-20 13:06:36.785 17694 17738 D ExtensionsLoader: createInstance(64bit) : createExtendedFactory
09-20 13:06:36.788 17694 17738 D ExtensionsLoader: Opened libsensorextimpl.so
09-20 13:06:36.810 17694 17757 D CameraManager2: GotArray:0
09-20 13:06:36.810 17694 17757 D CameraManager2: GotArray:1
09-20 13:06:36.810 17694 17757 D CameraManager2: GotArray:20
09-20 13:06:36.810 17694 17757 D CameraManager2: GotArray:21
09-20 13:06:36.810 17694 17757 D CameraManager2: GotArray:22
09-20 13:06:36.810 17694 17753 W AudioCapabilities: Unsupported mime audio/ffmpeg
09-20 13:06:36.813 17694 17757 I OplusCameraManagerGlobal: setClientInfo, packageName: com.google.android.GoogleCameraEngR18F1, uid: 10454, pid: 17694
09-20 13:06:36.832 17694 17757 D CameraManager2: GotArray:0
09-20 13:06:36.832 17694 17757 D CameraManager2: GotArray:1
09-20 13:06:36.832 17694 17757 D CameraManager2: GotArray:20
09-20 13:06:36.832 17694 17757 D CameraManager2: GotArray:21
09-20 13:06:36.832 17694 17757 D CameraManager2: GotArray:22
09-20 13:06:36.833 17694 17757 I OplusCameraManagerGlobal: setClientInfo, packageName: com.google.android.GoogleCameraEngR18F1, uid: 10454, pid: 17694
09-20 13:06:36.842 17694 17753 W VideoCapabilities: Unsupported mime image/vnd.android.heic
09-20 13:06:36.843 17694 17753 W VideoCapabilities: Unsupported mime image/vnd.android.heic
09-20 13:06:36.854 17694 17753 W VideoCapabilities: Unsupported mime video/ffmpeg
09-20 13:06:36.861 17694 17757 D CameraManager2: GotArray:0
09-20 13:06:36.861 17694 17757 D CameraManager2: GotArray:1
09-20 13:06:36.861 17694 17757 D CameraManager2: GotArray:20
09-20 13:06:36.861 17694 17757 D CameraManager2: GotArray:21
09-20 13:06:36.861 17694 17757 D CameraManager2: GotArray:22
09-20 13:06:36.871 17694 17694 D OplusInputMethodUtil: init sDebug to false, init sDebugIme to false, init sAlwaysOn to false
09-20 13:06:36.871 17694 17694 D OplusInputMethodUtil: updateDebugToClass InputMethodManager.DEBUG = false
09-20 13:06:36.871 17694 17694 D OplusInputMethodUtil: updateDebugToClass ImeFocusController.DEBUG = false
09-20 13:06:36.871 17694 17694 D OplusInputMethodUtil: updateDebugToClass InsetsController.DEBUG = false
09-20 13:06:36.871 17694 17694 D OplusInputMethodUtil: updateDebugToClass BaseInputConnection.DEBUG = false
09-20 13:06:36.877 17694 17753 D CameraManager2: GotArray:0
09-20 13:06:36.877 17694 17753 D CameraManager2: GotArray:1
09-20 13:06:36.877 17694 17753 D CameraManager2: GotArray:20
09-20 13:06:36.877 17694 17753 D CameraManager2: GotArray:21
09-20 13:06:36.877 17694 17753 D CameraManager2: GotArray:22
09-20 13:06:36.878 17694 17694 D nativeloader: Load libSchedAssistJni.so using system ns (caller=/system/framework/oplus-framework.jar): ok
09-20 13:06:36.879 17694 17694 D ExtensionsLoader: createInstance(64bit) : createExtendedFactory
09-20 13:06:36.879 17694 17694 D ExtensionsLoader: Opened libSchedAssistExtImpl.so
09-20 13:06:36.884 17694 17694 D ScrollOptim [ConfigManager]: initOptConfig: pkg= com.google.android.GoogleCameraEngR18F1, mOptEnable= true, mAnimAheadEnable= true, mInsertDefaultNum= 1, mFrameInsertEnableList= {}, mSCEnableList= []
09-20 13:06:36.886 17694 17767 I OplusCameraManagerGlobal: setClientInfo, packageName: com.google.android.GoogleCameraEngR18F1, uid: 10454, pid: 17694
09-20 13:06:36.888 17694 17767 I OplusCameraManagerGlobal: setClientInfo, packageName: com.google.android.GoogleCameraEngR18F1, uid: 10454, pid: 17694
09-20 13:06:36.896 17694 17767 W libc    : Access denied finding property "persist.vendor.camera.privapp.list"
09-20 13:06:36.896 17694 17767 I OplusCameraManagerGlobal: setClientInfo, packageName: com.google.android.GoogleCameraEngR18F1, uid: 10454, pid: 17694
09-20 13:06:36.897 17694 17767 D OplusCameraUtils: new OplusCameraUtils!
09-20 13:06:36.900 17694 17767 I OplusCameraUtils: current activityName: com.google.android.apps.camera.legacy.app.activity.main.CameraActivity
09-20 13:06:36.900 17694 17767 I OplusCameraUtils: getComponentName, componentName: com.google.android.GoogleCameraEngR18F1/com.google.android.apps.camera.legacy.app.activity.main.CameraActivity, packageName:com.google.android.GoogleCameraEngR18F1, activityName:com.google.android.apps.camera.legacy.app.activity.main.CameraActivity
09-20 13:06:36.900 17694 17767 I CameraManager: openCameraDeviceUserAsync, use componentName: com.google.android.GoogleCameraEngR18F1/com.google.android.apps.camera.legacy.app.activity.main.CameraActivity
09-20 13:06:36.902 17694 17767 I OplusCameraUtils: current activityName: com.google.android.apps.camera.legacy.app.activity.main.CameraActivity
09-20 13:06:36.902 17694 17767 I OplusCameraUtils: getComponentName, componentName: com.google.android.GoogleCameraEngR18F1/com.google.android.apps.camera.legacy.app.activity.main.CameraActivity, packageName:com.google.android.GoogleCameraEngR18F1, activityName:com.google.android.apps.camera.legacy.app.activity.main.CameraActivity
09-20 13:06:36.906 17694 17753 W CAM_A   : Build number (T.R4T2.1e8acab-1781e-3a3a) is not a number. Ignoring version check for b/149569689.
09-20 13:06:36.922 17694 17705 E CameraManagerGlobal: Camera 4 is not present. Ignore physical camera status change
09-20 13:06:36.969 17694 17694 I DeezNuts: MSG: SLIDER 1 FOCUS: 1.0E-4
09-20 13:06:36.969 17694 17694 I ProReC  : setprogres0
09-20 13:06:36.971 17694 17694 I DeezNuts: MSG: SLIDER 0 IDX: 0
09-20 13:06:36.971 17694 17694 I ProReC  : setprogres_iso0
09-20 13:06:36.972 17694 17694 I za.defcomk.prorec.cust2.RotSeek: setprogres_iso0
09-20 13:06:36.982 17694 17694 D ScrollOptimizationHelper: can't find the config file for optimizaiton
09-20 13:06:36.982 17694 17694 D ScrollOptimizationHelper: will not debug for debug is false
09-20 13:06:36.982 17694 17694 I oplus.android.OplusFrameworkFactoryImpl: get feature:IOplusDynamicVsyncFeature
09-20 13:06:36.983 17694 17694 I oplus.android.OplusFrameworkFactoryImpl: get feature:IOplusDynamicVsyncFeature
09-20 13:06:36.983 17694 17694 I oplus.android.OplusFrameworkFactoryImpl: get feature:IOplusDynamicVsyncFeature
09-20 13:06:36.985 17694 17694 I Quality : InflateViewInfo:169364636,merge
09-20 13:06:36.999 17694 17694 I oplus.android.OplusFrameworkFactoryImpl: get feature:IOplusDynamicVsyncFeature
09-20 13:06:36.999 17694 17694 I oplus.android.OplusFrameworkFactoryImpl: get feature:IOplusDynamicVsyncFeature
09-20 13:06:36.999 17694 17694 I oplus.android.OplusFrameworkFactoryImpl: get feature:IOplusDynamicVsyncFeature
09-20 13:06:37.025 17694 17694 I Quality : InflateViewInfo:248484896,com.google.android.apps.camera.ui.views.MainActivityLayout
09-20 13:06:37.033 17694 17694 I Quality : ActivityThread: activityStart delay 484 com.google.android.GoogleCameraEngR18F1 17694
09-20 13:06:37.038 17694 17694 D ScrollOptim [SceneManager]: updateCurrentActivity: mCurrentActivityName=com.android.camera.CameraLauncher, isOptEnable=true, isAnimAheadEnable=true, isFrameInsertEnable=true, InsertNum=1, isEnabledForScrollChanged=false
09-20 13:06:37.038 17694 17694 D ActivityThread: ComponentInfo{com.google.android.GoogleCameraEngR18F1/com.android.camera.CameraLauncher} checkFinished=false 2
09-20 13:06:37.038 17694 17694 D ResourcesManagerExtImpl: applyConfigurationToAppResourcesLocked app.getDisplayId() return callback.displayId:0
09-20 13:06:37.053 17694 17694 D WindowManager: Add to mViews: com.android.internal.policy.DecorView{199ea03 I.E...... R.....I. 0,0-0,0 alpha=1.0 viewInfo = }[CameraLauncher],pkg= com.google.android.GoogleCameraEngR18F1
09-20 13:06:37.055 17694 17743 D ExtensionsLoader: createInstance(64bit) : createExtendedFactory
09-20 13:06:37.064 17694 17743 D ExtensionsLoader: Opened libhwuiextimpl.so
09-20 13:06:37.066 17694 17743 D skia    : setRusSupported enable 0
09-20 13:06:37.066 17694 17694 D ExtensionsLoader: createInstance(64bit) : createExtendedFactory
09-20 13:06:37.066 17694 17757 D BufferQueueConsumer: [](id:451e00000000,api:0,p:-1,c:17694) connect: controlledByApp=true
09-20 13:06:37.066 17694 17757 W libc    : Access denied finding property "vendor.display.enable_optimal_refresh_rate"
09-20 13:06:37.066 17694 17694 D ExtensionsLoader: Opened libSchedAssistExtImpl.so
09-20 13:06:37.071 17694 17757 D BufferQueueConsumer: [](id:451e00000001,api:0,p:-1,c:17694) connect: controlledByApp=true
09-20 13:06:37.071 17694 17757 W libc    : Access denied finding property "vendor.display.enable_optimal_refresh_rate"
09-20 13:06:37.071 17694 17694 D InsetsController: setRequestedVisibleTypes, mRequestedVisibleTypes: statusBars navigationBars captionBar systemGestures mandatorySystemGestures tappableElement displayCutout windowDecor systemOverlays, requestedVisibleTypes: navigationBars captionBar systemGestures mandatorySystemGestures tappableElement displayCutout windowDecor systemOverlays, visibleTypes: , type: 1, call: android.view.InsetsController.controlAnimationUnchecked:1477 android.view.InsetsController.applyAnimation:2191 android.view.InsetsController.applyAnimation:2161 android.view.InsetsController.hide:1425 android.view.InsetsController.hide:1335 android.view.ViewRootImpl.controlInsetsForCompatibility:3551 android.view.ViewRootImpl.setView:1709 android.view.WindowManagerGlobal.addView:463 android.view.WindowManagerImpl.addView:158 android.app.ActivityThread.handleResumeActivity:5817 
09-20 13:06:37.071 17694 17694 D OplusWindowManager: get WMS extension: android.os.BinderProxy@a9c1f57
09-20 13:06:37.072 17694 17755 D Vibrator: SystemVibrator Created
09-20 13:06:37.080 17694 17694 D ViewRootImplExtImpl: onDisplayChanged -1 for VRI android.view.ViewRootImpl@9e42b86
09-20 13:06:37.083 17694 17694 D callGcSupression: java.lang.NullPointerException: Attempt to invoke virtual method 'java.lang.Object java.lang.reflect.Method.invoke(java.lang.Object, java.lang.Object[])' on a null object reference
09-20 13:06:37.083 17694 17694 D ResourcesManagerExtImpl: applyConfigurationToAppResourcesLocked app.getDisplayId() return callback.displayId:0
09-20 13:06:37.086 17694 17694 E OplusBracketLog: [OplusViewMirrorManager] updateHostViewRootIfNeeded, not support android.view.ViewRootImpl@9e42b86
09-20 13:06:37.087 17694 17767 I OplusCameraManagerGlobal: setIsCameraUnitSession E
09-20 13:06:37.097 17694 17694 D ViewRootImplExtImpl: wrapConfigInfoIntoFlags rotation=0, smallestScreenWidthDp=360, relayoutAsync=false, flags=0, newFlags=23592960, residentWS=false, title=com.google.android.GoogleCameraEngR18F1/com.android.camera.CameraLauncher
09-20 13:06:37.110 17694 17694 D VRI[CameraLauncher]: relayoutWindow result, sizeChanged:true, surfaceControlChanged:true, transformHintChanged:false, mSurfaceSize:Point(1080, 2400), mLastSurfaceSize:Point(0, 0), mWidth:-1, mHeight:-1, requestedWidth:1080, requestedHeight:2400, transformHint:0, installOrientation:0, displayRotation:0, isSurfaceValid:true, attr.flag:-2122251008, tmpFrames:ClientWindowFrames{frame=[0,0][1080,2400] display=[0,0][1080,2400] parentFrame=[0,0][0,0]}, relayoutAsync:false, mSyncSeqId:0
09-20 13:06:37.111 17694 17694 W VRI[CameraLauncher]: updateBlastSurfaceIfNeeded, surfaceSize:Point(1080, 2400), lastSurfaceSize:Point(0, 0), format:-3, blastBufferQueue:null
09-20 13:06:37.111 17694 17694 D BufferQueueConsumer: [](id:451e00000002,api:0,p:-1,c:17694) connect: controlledByApp=false
09-20 13:06:37.111 17694 17694 W libc    : Access denied finding property "vendor.display.enable_optimal_refresh_rate"
09-20 13:06:37.117 17694 17743 I AdrenoGLES-0: QUALCOMM build                   : 923a446bf8, I23d7d7df15
09-20 13:06:37.117 17694 17743 I AdrenoGLES-0: Build Date                       : 09/05/24
09-20 13:06:37.117 17694 17743 I AdrenoGLES-0: OpenGL ES Shader Compiler Version: EV031.35.01.12
09-20 13:06:37.117 17694 17743 I AdrenoGLES-0: Local Branch                     : 
09-20 13:06:37.117 17694 17743 I AdrenoGLES-0: Remote Branch                    : refs/tags/AU_LINUX_ANDROID_LA.UM.9.14.11.00.00.571.148
09-20 13:06:37.117 17694 17743 I AdrenoGLES-0: Remote Branch                    : NONE
09-20 13:06:37.117 17694 17743 I AdrenoGLES-0: Reconstruct Branch               : NOTHING
09-20 13:06:37.117 17694 17743 I AdrenoGLES-0: Build Config                     : S P 10.0.7 AArch64
09-20 13:06:37.117 17694 17743 I AdrenoGLES-0: Driver Path                      : /vendor/lib64/egl/libGLESv2_adreno.so
09-20 13:06:37.153 17694 17743 I AdrenoGLES-0: PFP: 0x016ee201, ME: 0x00000000
09-20 13:06:37.172 17694 17767 D BufferQueueProducer: [ImageReader-4000x3000f25m42-17694-0](id:451e00000000,api:4,p:1917,c:17694) connect: api=4 producerControlledByApp=false
09-20 13:06:37.175 17694 17767 D BufferQueueProducer: [ImageReader-640x480f23m52-17694-1](id:451e00000001,api:4,p:1917,c:17694) connect: api=4 producerControlledByApp=false
09-20 13:06:37.200 17694 17755 D CameraManager2: GotArray:0
09-20 13:06:37.200 17694 17755 D CameraManager2: GotArray:1
09-20 13:06:37.200 17694 17755 D CameraManager2: GotArray:20
09-20 13:06:37.200 17694 17755 D CameraManager2: GotArray:21
09-20 13:06:37.200 17694 17755 D CameraManager2: GotArray:22
09-20 13:06:37.213 17694 17755 D Vibrator: SystemVibrator Created
09-20 13:06:37.258 17694 17743 D BufferQueueProducer: [VRI[CameraLauncher]#0(BLAST Consumer)0](id:451e00000002,api:1,p:17694,c:17694) connect: api=1 producerControlledByApp=true
09-20 13:06:37.270 17694 17694 I SurfaceControl:  setExtendedRangeBrightness sc=Surface(name=com.google.android.GoogleCameraEngR18F1/com.android.camera.CameraLauncher)/@0x1de75a1,currentBufferRatio=1.0,desiredRatio=1.0
09-20 13:06:37.274 17694 17739 W ProtoDataStoreFlagStore: Unable to retrieve flag snapshot for com.google.android.libraries.consentverifier#com.google.android.GoogleCameraEngR18F1, using defaults.
09-20 13:06:37.586 17694 17743 D BLASTBufferQueue: [VRI[CameraLauncher]#0](f:0,a:1) acquireNextBufferLocked size=1080x2400 mFrameNumber=1 applyTransaction=true mTimestamp=587190431667877(auto) mPendingTransactions.size=0 graphicBufferId=75995151335424 transform=0
09-20 13:06:37.586 17694 17743 D VRI[CameraLauncher]: Received frameCommittedCallback lastAttemptedDrawFrameNum=1 didProduceBuffer=true syncBuffer=false
09-20 13:06:37.586 17694 17694 D VRI[CameraLauncher]: draw finished. seqId=0
09-20 13:06:37.587 17694 17694 D ViewRootImplExtImpl: setMaxDequeuedBufferCount: 2
09-20 13:06:37.588 17694 17694 I DynamicFramerate [FRTCConfigManager]: initFrameRateConfig: 
09-20 13:06:37.588 17694 17694 I DynamicFramerate [FRTCConfigManager]: 	levels: [120, 60]
09-20 13:06:37.588 17694 17694 I DynamicFramerate [FRTCConfigManager]: 	thresholds: [200]
09-20 13:06:37.588 17694 17694 I DynamicFramerate [FRTCConfigManager]: FRTCConfigManager: FRTC_CAPABILITY = 120, package name = com.google.android.GoogleCameraEngR18F1, WINDOW_ANIMATION_SPEED_RATE = 10, SCROLL_ANIMATION_SPEED_RATE = 20, PACKAGE_ENABLE = false
09-20 13:06:37.588 17694 17694 I DynamicFramerate [DynamicFrameRateController]: init info: mPackageName = com.google.android.GoogleCameraEngR18F1, mIsEnabled = false
09-20 13:06:37.589 17694 17736 V SystemSensorManagerExtImpl: RegisterListener Rotation Vector  Non-wakeup type:11 delay:200000us by hpi@eb263f1 from com.google.android.GoogleCameraEngR18F1
09-20 13:06:37.590 17694 17694 W CAM_A   : Was already registered as ThermalStatusListener on AppStart
09-20 13:06:37.757 17694 17738 W System  : Attempt to load writable file: /data/user/0/com.google.android.GoogleCameraEngR18F1/files/libpatched_jni.so. This will throw on a future Android version
09-20 13:06:37.831 17694 17738 D nativeloader: Load /data/user/0/com.google.android.GoogleCameraEngR18F1/files/libpatched_jni.so using class loader ns clns-7 (caller=/data/app/~~8zWwA8Oy6DQtngYNV6Fduw==/com.google.android.GoogleCameraEngR18F1-gGUQnvTD2_sqVIDHWzChaQ==/base.apk): ok
09-20 13:06:37.834 17694 17738 D nativeloader: Load /data/app/~~8zWwA8Oy6DQtngYNV6Fduw==/com.google.android.GoogleCameraEngR18F1-gGUQnvTD2_sqVIDHWzChaQ==/lib/arm64/libpairipcoreX.so using class loader ns clns-7 (caller=/data/app/~~8zWwA8Oy6DQtngYNV6Fduw==/com.google.android.GoogleCameraEngR18F1-gGUQnvTD2_sqVIDHWzChaQ==/base.apk!classes2.dex): ok
09-20 13:06:37.847 17694 17755 D CameraManager2: GotArray:0
09-20 13:06:37.847 17694 17755 D CameraManager2: GotArray:1
09-20 13:06:37.847 17694 17755 D CameraManager2: GotArray:20
09-20 13:06:37.847 17694 17755 D CameraManager2: GotArray:21
09-20 13:06:37.847 17694 17755 D CameraManager2: GotArray:22
09-20 13:06:37.869 17694 17755 D nativeloader: Load /data/app/~~8zWwA8Oy6DQtngYNV6Fduw==/com.google.android.GoogleCameraEngR18F1-gGUQnvTD2_sqVIDHWzChaQ==/lib/arm64/libagc.so using class loader ns clns-7 (caller=/data/app/~~8zWwA8Oy6DQtngYNV6Fduw==/com.google.android.GoogleCameraEngR18F1-gGUQnvTD2_sqVIDHWzChaQ==/base.apk!classes2.dex): ok
09-20 13:06:37.899 17694 17755 D CameraManager2: GotArray:0
09-20 13:06:37.899 17694 17755 D CameraManager2: GotArray:1
09-20 13:06:37.899 17694 17755 D CameraManager2: GotArray:20
09-20 13:06:37.899 17694 17755 D CameraManager2: GotArray:21
09-20 13:06:37.899 17694 17755 D CameraManager2: GotArray:22
09-20 13:06:37.926 17694 17757 W CAM_SimpleReqProcessor: Failed to add Stream-1 to CaptureRequest for Request-0. The surface (null) was not valid.
09-20 13:06:37.926 17694 17757 W CAM_SimpleReqProcessor: Failed to submit a CaptureRequest for Request-0: There were no surfaces on the request.
09-20 13:06:37.929 17694 17757 W CAM_SimpleReqProcessor: Failed to add Stream-1 to CaptureRequest for Request-1. The surface (null) was not valid.
09-20 13:06:37.964 17694 17757 W CAM_SimpleReqProcessor: Failed to add Stream-1 to CaptureRequest for Request-2. The surface (null) was not valid.
09-20 13:06:37.988 17694 17694 D CameraManager2: GotArray:0
09-20 13:06:37.988 17694 17694 D CameraManager2: GotArray:1
09-20 13:06:37.988 17694 17694 D CameraManager2: GotArray:20
09-20 13:06:37.988 17694 17694 D CameraManager2: GotArray:21
09-20 13:06:37.988 17694 17694 D CameraManager2: GotArray:22
09-20 13:06:37.990 17694 17694 D CameraManager2: GotArray:0
09-20 13:06:37.990 17694 17694 D CameraManager2: GotArray:1
09-20 13:06:37.990 17694 17694 D CameraManager2: GotArray:20
09-20 13:06:37.990 17694 17694 D CameraManager2: GotArray:21
09-20 13:06:37.990 17694 17694 D CameraManager2: GotArray:22
09-20 13:06:37.992 17694 17694 D CameraManager2: GotArray:0
09-20 13:06:37.992 17694 17694 D CameraManager2: GotArray:1
09-20 13:06:37.992 17694 17694 D CameraManager2: GotArray:20
09-20 13:06:37.992 17694 17694 D CameraManager2: GotArray:21
09-20 13:06:37.992 17694 17694 D CameraManager2: GotArray:22
09-20 13:06:37.995 17694 17694 D CameraManager2: GotArray:0
09-20 13:06:37.995 17694 17694 D CameraManager2: GotArray:1
09-20 13:06:37.995 17694 17694 D CameraManager2: GotArray:20
09-20 13:06:37.995 17694 17694 D CameraManager2: GotArray:21
09-20 13:06:37.995 17694 17694 D CameraManager2: GotArray:22
09-20 13:06:38.001 17694 17694 W FontsContract: Platform version of downloadable fonts is deprecated. Please use androidx version instead.
09-20 13:06:38.027 17694 17757 W CAM_SimpleReqProcessor: Failed to add Stream-1 to CaptureRequest for Request-3. The surface (null) was not valid.
09-20 13:06:38.038 17694 17694 D CameraManager2: GotArray:0
09-20 13:06:38.038 17694 17694 D CameraManager2: GotArray:1
09-20 13:06:38.038 17694 17694 D CameraManager2: GotArray:20
09-20 13:06:38.038 17694 17694 D CameraManager2: GotArray:21
09-20 13:06:38.038 17694 17694 D CameraManager2: GotArray:22
09-20 13:06:38.070 17694 17757 W CAM_A   : UI view not yet initialized
09-20 13:06:38.074 17694 17863 W CAM_SimpleReqProcessor: Failed to add Stream-1 to CaptureRequest for Request-4. The surface (null) was not valid.
09-20 13:06:38.086 17694 17863 W CAM_SimpleReqProcessor: Failed to add Stream-1 to CaptureRequest for Request-5. The surface (null) was not valid.
09-20 13:06:38.095 17694 17863 W CAM_SimpleReqProcessor: Failed to add Stream-1 to CaptureRequest for Request-6. The surface (null) was not valid.
09-20 13:06:38.101 17694 17863 W CAM_SimpleReqProcessor: Failed to add Stream-1 to CaptureRequest for Request-7. The surface (null) was not valid.
09-20 13:06:38.109 17694 17863 W CAM_SimpleReqProcessor: Failed to add Stream-1 to CaptureRequest for Request-8. The surface (null) was not valid.
09-20 13:06:38.114 17694 17694 D CameraManager2: GotArray:0
09-20 13:06:38.114 17694 17694 D CameraManager2: GotArray:1
09-20 13:06:38.114 17694 17694 D CameraManager2: GotArray:20
09-20 13:06:38.114 17694 17694 D CameraManager2: GotArray:21
09-20 13:06:38.114 17694 17694 D CameraManager2: GotArray:22
09-20 13:06:38.115 17694 17694 D CameraManager2: GotArray:0
09-20 13:06:38.115 17694 17694 D CameraManager2: GotArray:1
09-20 13:06:38.115 17694 17694 D CameraManager2: GotArray:20
09-20 13:06:38.115 17694 17694 D CameraManager2: GotArray:21
09-20 13:06:38.115 17694 17694 D CameraManager2: GotArray:22
09-20 13:06:38.117 17694 17863 W CAM_SimpleReqProcessor: Failed to add Stream-1 to CaptureRequest for Request-9. The surface (null) was not valid.
09-20 13:06:38.117 17694 17694 D CameraManager2: GotArray:0
09-20 13:06:38.117 17694 17694 D CameraManager2: GotArray:1
09-20 13:06:38.117 17694 17694 D CameraManager2: GotArray:20
09-20 13:06:38.117 17694 17694 D CameraManager2: GotArray:21
09-20 13:06:38.117 17694 17694 D CameraManager2: GotArray:22
09-20 13:06:38.118 17694 17694 D CameraManager2: GotArray:0
09-20 13:06:38.118 17694 17694 D CameraManager2: GotArray:1
09-20 13:06:38.118 17694 17694 D CameraManager2: GotArray:20
09-20 13:06:38.118 17694 17694 D CameraManager2: GotArray:21
09-20 13:06:38.118 17694 17694 D CameraManager2: GotArray:22
09-20 13:06:38.126 17694 17694 W FontsContract: Platform version of downloadable fonts is deprecated. Please use androidx version instead.
09-20 13:06:38.151 17694 17694 W CAM_A   : ModeSwitcher WAS ALREADY ENABLED!
09-20 13:06:38.157 17694 17694 D CameraManager2: GotArray:0
09-20 13:06:38.157 17694 17694 D CameraManager2: GotArray:1
09-20 13:06:38.157 17694 17694 D CameraManager2: GotArray:20
09-20 13:06:38.157 17694 17694 D CameraManager2: GotArray:21
09-20 13:06:38.157 17694 17694 D CameraManager2: GotArray:22
09-20 13:06:38.158 17694 17694 D CameraManager2: GotArray:0
09-20 13:06:38.158 17694 17694 D CameraManager2: GotArray:1
09-20 13:06:38.158 17694 17694 D CameraManager2: GotArray:20
09-20 13:06:38.158 17694 17694 D CameraManager2: GotArray:21
09-20 13:06:38.158 17694 17694 D CameraManager2: GotArray:22
09-20 13:06:38.159 17694 17694 D CameraManager2: GotArray:0
09-20 13:06:38.159 17694 17694 D CameraManager2: GotArray:1
09-20 13:06:38.159 17694 17694 D CameraManager2: GotArray:20
09-20 13:06:38.159 17694 17694 D CameraManager2: GotArray:21
09-20 13:06:38.159 17694 17694 D CameraManager2: GotArray:22
09-20 13:06:38.170 17694 17694 I SurfaceView: 103289434 onAttachedToWindow
09-20 13:06:38.194 17694 17694 D VRI[CameraLauncher]: onFocusEvent true
09-20 13:06:38.195 17694 17736 V SystemSensorManagerExtImpl: unRegisterListener by hpi@eb263f1 and its name is Rotation Vector  Non-wakeup
09-20 13:06:38.195 17694 17694 I Choreographer: Skipped 99 frames!  The application may be doing too much work on its main thread.
09-20 13:06:38.197 17694 17863 W CAM_SimpleReqProcessor: Failed to add Stream-1 to CaptureRequest for Request-10. The surface (null) was not valid.
09-20 13:06:38.210 17694 17863 W CAM_SimpleReqProcessor: Failed to add Stream-1 to CaptureRequest for Request-11. The surface (null) was not valid.
09-20 13:06:38.225 17694 17694 D ViewRootImplExtImpl: wrapConfigInfoIntoFlags rotation=0, smallestScreenWidthDp=360, relayoutAsync=true, flags=0, newFlags=23592960, residentWS=false, title=com.google.android.GoogleCameraEngR18F1/com.android.camera.CameraLauncher
09-20 13:06:38.226 17694 17694 D VRI[CameraLauncher]: relayoutWindow result, sizeChanged:false, surfaceControlChanged:false, transformHintChanged:false, mSurfaceSize:Point(1080, 2400), mLastSurfaceSize:Point(1080, 2400), mWidth:1080, mHeight:2400, requestedWidth:1080, requestedHeight:2400, transformHint:0, installOrientation:0, displayRotation:0, isSurfaceValid:true, attr.flag:-2122250880, tmpFrames:ClientWindowFrames{frame=[0,0][1080,2400] display=[0,0][1080,2400] parentFrame=[0,0][1080,2400]}, relayoutAsync:true, mSyncSeqId:0
09-20 13:06:38.226 17694 17694 W VRI[CameraLauncher]: updateBlastSurfaceIfNeeded, surfaceSize:Point(1080, 2400), lastSurfaceSize:Point(1080, 2400), format:-3, blastBufferQueue:android.graphics.BLASTBufferQueue@c443fa6
09-20 13:06:38.233 17694 17694 I DeezNuts: MSG: SLIDER 1 FOCUS: 1.0E-4
09-20 13:06:38.233 17694 17694 I ProReC  : setprogres0
09-20 13:06:38.234 17694 17694 I DeezNuts: MSG: SLIDER 0 IDX: 0
09-20 13:06:38.234 17694 17694 I ProReC  : setprogres_iso0
09-20 13:06:38.234 17694 17694 I za.defcomk.prorec.cust2.RotSeek: setprogres_iso0
09-20 13:06:38.252 17694 17694 D BufferQueueConsumer: [](id:451e00000003,api:0,p:-1,c:17694) connect: controlledByApp=false
09-20 13:06:38.256 17694 17694 W libc    : Access denied finding property "vendor.display.enable_optimal_refresh_rate"
09-20 13:06:38.256 17694 17694 I SurfaceView: 103289434 visibleChanged -- surfaceCreated 
09-20 13:06:38.258 17694 17694 D SurfaceView: 103289434 handleSyncNoBuffer
09-20 13:06:38.259 17694 17694 D SurfaceView: 103289434 finishedDrawing
09-20 13:06:38.259 17694 17694 D SurfaceView: 103289434 performDrawFinished mAttachedToWindow true
09-20 13:06:38.259 17694 17694 I SurfaceControl:  setExtendedRangeBrightness sc=Surface(name=com.google.android.GoogleCameraEngR18F1/com.android.camera.CameraLauncher)/@0x1de75a1,currentBufferRatio=1.0,desiredRatio=1.0
09-20 13:06:38.259 17694 17694 D SurfaceView: 103289434 dispatchDraw mDrawFinished true isAboveParent false (mPrivateFlags & PFLAG_SKIP_DRAW) 128
09-20 13:06:38.259 17694 17694 D SurfaceView: 103289434 clearSurfaceViewPort mCornerRadius 0.0
09-20 13:06:38.281 17694 17694 D callGcSupression: java.lang.NullPointerException: Attempt to invoke virtual method 'java.lang.Object java.lang.reflect.Method.invoke(java.lang.Object, java.lang.Object[])' on a null object reference
09-20 13:06:38.281 17694 17694 W VRI[CameraLauncher]: handleResized, msg:, frameChanged:false, configChanged:false, displayChanged:false, attachedFrameChanged:false, compatScaleChanged:false, pendingDragResizing=false
09-20 13:06:38.282 17694 17694 D InsetsController: setRequestedVisibleTypes, mRequestedVisibleTypes: navigationBars captionBar systemGestures mandatorySystemGestures tappableElement displayCutout windowDecor systemOverlays, requestedVisibleTypes: navigationBars captionBar systemGestures mandatorySystemGestures tappableElement displayCutout windowDecor systemOverlays, visibleTypes: , type: 1, call: android.view.InsetsController.controlAnimationUnchecked:1477 android.view.InsetsController.applyAnimation:2191 android.view.InsetsController.applyAnimation:2161 android.view.InsetsController.onControlsChanged:1171 android.view.ViewRootImpl.handleInsetsControlChanged:2557 android.view.ViewRootImpl.-$$Nest$mhandleInsetsControlChanged:0 android.view.ViewRootImpl$ViewRootHandler.handleMessageImpl:7557 android.view.ViewRootImpl$ViewRootHandler.handleMessage:7496 android.os.Handler.dispatchMessage:107 android.os.Looper.loopOnce:282 
09-20 13:06:38.284 17694 17788 W CAM_SurfaceMap: Surface(name=null mNativeObject=477234731008)/@0xe6ee905 is valid but deferred streams are not yet available for CaptureSession-0
09-20 13:06:38.284 17694 17788 W CAM_SimpleReqProcessor: Failed to add Stream-1 to CaptureRequest for Request-12.  The surface is not yet available.
09-20 13:06:38.285 17694 17694 D callGcSupression: java.lang.NullPointerException: Attempt to invoke virtual method 'java.lang.Object java.lang.reflect.Method.invoke(java.lang.Object, java.lang.Object[])' on a null object reference
09-20 13:06:38.285 17694 17694 W VRI[CameraLauncher]: handleResized, msg:, frameChanged:false, configChanged:false, displayChanged:false, attachedFrameChanged:false, compatScaleChanged:false, pendingDragResizing=false
09-20 13:06:38.295 17694 17694 D CameraManager2: GotArray:0
09-20 13:06:38.295 17694 17694 D CameraManager2: GotArray:1
09-20 13:06:38.295 17694 17694 D CameraManager2: GotArray:20
09-20 13:06:38.295 17694 17694 D CameraManager2: GotArray:21
09-20 13:06:38.295 17694 17694 D CameraManager2: GotArray:22
09-20 13:06:38.297 17694 17694 W CAM_A   : ModeSwitcher WAS ALREADY ENABLED!
09-20 13:06:38.311 17694 17753 W CAM_SurfaceMap: Surface(name=null mNativeObject=477234731008)/@0xe6ee905 is valid but deferred streams are not yet available for CaptureSession-0
09-20 13:06:38.311 17694 17753 W CAM_SimpleReqProcessor: Failed to add Stream-1 to CaptureRequest for Request-13.  The surface is not yet available.
09-20 13:06:38.312 17694 17788 D BufferQueueProducer: [SurfaceView[com.google.android.GoogleCameraEngR18F1/com.android.camera.CameraLauncher]#1(BLAST Consumer)1](id:451e00000003,api:4,p:1917,c:17694) connect: api=4 producerControlledByApp=true
09-20 13:06:38.313 17694 17705 I HWUI    : Davey! duration=1215ms; Flags=0, FrameTimelineVsyncId=220935240, IntendedVsync=587189938981188, Vsync=587191039060674, InputEventId=0, HandleInputStart=587191042389335, AnimationStart=587191042390117, PerformTraversalsStart=587191042697512, DrawStart=587191105578241, FrameDeadline=587190452744236, FrameInterval=587191041435429, FrameStartTime=11111914, SyncQueued=587191119320325, SyncStart=587191119399127, IssueDrawCommandsStart=587191125292721, SwapBuffers=587191148748971, FrameCompleted=587191154807981, DequeueBufferDuration=18072, QueueBufferDuration=426980, GpuCompleted=587191154807981, SwapBuffersCompleted=587191149787721, DisplayPresentTime=0, CommandSubmissionCompleted=587191148748971, 
09-20 13:06:38.365 17694 17755 V SystemSensorManagerExtImpl: RegisterListener icm4x6xa Accelerometer Non-wakeup type:1 delay:200000us by android.view.OrientationEventListener$SensorEventListenerImpl@6eafde8 from com.google.android.GoogleCameraEngR18F1
09-20 13:06:38.381 17694 17787 W CAM_A   : UNINITIALIZED > abs Δ(result sensor timestamp) = 83.53 ms > 70.00 ms
09-20 13:06:38.382 17694 17787 W CAM_A   : UNINITIALIZED > result sensor delay = 2.08 > 1.10
09-20 13:06:38.385 17694 17743 D VRI[CameraLauncher]: Received frameCommittedCallback lastAttemptedDrawFrameNum=3 didProduceBuffer=true syncBuffer=false
09-20 13:06:38.387 17694 17694 D VRI[CameraLauncher]: draw finished. seqId=0
09-20 13:06:38.430 17694 17787 W CAM_A   : UNINITIALIZED > rel Δ(result sensor timestamp) = 0.52 > 0.25
09-20 13:06:38.446 17694 17753 W CAM_A   : Extractor (frame) of type feature.acmi.imu.frame-straightness depends on foreign type feature.acmi.imu.camera-orientation! Feature values may be calculated out of order!
09-20 13:06:38.446 17694 17753 W CAM_A   : Extractor (frame) of type feature.acmi.imu.frame-straightness depends on foreign type feature.acmi.imu.camera-orientation! Feature values may be calculated out of order!
09-20 13:06:38.459 17694 17694 D callGcSupression: java.lang.NullPointerException: Attempt to invoke virtual method 'java.lang.Object java.lang.reflect.Method.invoke(java.lang.Object, java.lang.Object[])' on a null object reference
09-20 13:06:38.459 17694 17694 W VRI[CameraLauncher]: handleResized abandoned!
09-20 13:06:38.464 17694 17753 V SystemSensorManagerExtImpl: RegisterListener icm4x6xa Accelerometer Non-wakeup type:1 delay:200000us by ftr@17de44d from com.google.android.GoogleCameraEngR18F1
09-20 13:06:38.509 17694 17753 V SystemSensorManagerExtImpl: RegisterListener icm4x6xa Gyroscope Non-wakeup type:4 delay:200000us by ftr@17de44d from com.google.android.GoogleCameraEngR18F1
09-20 13:06:38.623 17694 17694 W CBVerifier: Registering phenotype for com.google.android.libraries.consentverifier#com.google.android.GoogleCameraEngR18F1 failed
09-20 13:06:38.671 17694 17805 W ProtoDataStoreFlagStore: Unable to update local snapshot for com.google.android.libraries.consentverifier#com.google.android.GoogleCameraEngR18F1, may result in stale flags.
09-20 13:06:38.671 17694 17805 W ProtoDataStoreFlagStore: java.util.concurrent.ExecutionException: java.lang.SecurityException: GoogleCertificatesRslt: not allowed: pkg=com.google.android.GoogleCameraEngR18F1, sha256=[a40da80a59d170caa950cf15c18c454d47a39b26989d8b640ecd745ba71bf5dc], atk=false, ver=253534035.true (go/gsrlt)
09-20 13:06:38.671 17694 17805 W ProtoDataStoreFlagStore: 	at pfx.s(Unknown Source:20)
09-20 13:06:38.671 17694 17805 W ProtoDataStoreFlagStore: 	at pfx.get(Unknown Source:21)
09-20 13:06:38.671 17694 17805 W ProtoDataStoreFlagStore: 	at plk.I(Unknown Source:1)
09-20 13:06:38.671 17694 17805 W ProtoDataStoreFlagStore: 	at plk.ad(Unknown Source:9)
09-20 13:06:38.671 17694 17805 W ProtoDataStoreFlagStore: 	at nfm.d(Unknown Source:0)
09-20 13:06:38.671 17694 17805 W ProtoDataStoreFlagStore: 	at ngq.run(Unknown Source:9)
09-20 13:06:38.671 17694 17805 W ProtoDataStoreFlagStore: 	at java.util.concurrent.Executors$RunnableAdapter.call(Executors.java:524)
09-20 13:06:38.671 17694 17805 W ProtoDataStoreFlagStore: 	at java.util.concurrent.FutureTask.run(FutureTask.java:317)
09-20 13:06:38.671 17694 17805 W ProtoDataStoreFlagStore: 	at java.util.concurrent.ScheduledThreadPoolExecutor$ScheduledFutureTask.run(ScheduledThreadPoolExecutor.java:348)
09-20 13:06:38.671 17694 17805 W ProtoDataStoreFlagStore: 	at java.util.concurrent.ThreadPoolExecutor.runWorker(ThreadPoolExecutor.java:1156)
09-20 13:06:38.671 17694 17805 W ProtoDataStoreFlagStore: 	at java.util.concurrent.ThreadPoolExecutor$Worker.run(ThreadPoolExecutor.java:651)
09-20 13:06:38.671 17694 17805 W ProtoDataStoreFlagStore: 	at java.lang.Thread.run(Thread.java:1119)
09-20 13:06:38.671 17694 17805 W ProtoDataStoreFlagStore: Caused by: java.lang.SecurityException: GoogleCertificatesRslt: not allowed: pkg=com.google.android.GoogleCameraEngR18F1, sha256=[a40da80a59d170caa950cf15c18c454d47a39b26989d8b640ecd745ba71bf5dc], atk=false, ver=253534035.true (go/gsrlt)
09-20 13:06:38.671 17694 17805 W ProtoDataStoreFlagStore: 	at android.os.Parcel.createExceptionOrNull(Parcel.java:3272)
09-20 13:06:38.671 17694 17805 W ProtoDataStoreFlagStore: 	at android.os.Parcel.createException(Parcel.java:3256)
09-20 13:06:38.671 17694 17805 W ProtoDataStoreFlagStore: 	at android.os.Parcel.readException(Parcel.java:3239)
09-20 13:06:38.671 17694 17805 W ProtoDataStoreFlagStore: 	at android.os.Parcel.readException(Parcel.java:3181)
09-20 13:06:38.671 17694 17805 W ProtoDataStoreFlagStore: 	at bmn.z(Unknown Source:10)
09-20 13:06:38.671 17694 17805 W ProtoDataStoreFlagStore: 	at ktz.a(Unknown Source:38)
09-20 13:06:38.671 17694 17805 W ProtoDataStoreFlagStore: 	at kjd.f(Unknown Source:10)
09-20 13:06:38.671 17694 17805 W ProtoDataStoreFlagStore: 	at kkc.t(Unknown Source:9)
09-20 13:06:38.671 17694 17805 W ProtoDataStoreFlagStore: 	at kkc.u(Unknown Source:22)
09-20 13:06:38.671 17694 17805 W ProtoDataStoreFlagStore: 	at kkc.g(Unknown Source:29)
09-20 13:06:38.671 17694 17805 W ProtoDataStoreFlagStore: 	at kkc.h(Unknown Source:76)
09-20 13:06:38.671 17694 17805 W ProtoDataStoreFlagStore: 	at kkc.b(Unknown Source:14)
09-20 13:06:38.671 17694 17805 W ProtoDataStoreFlagStore: 	at klz.c(Unknown Source:114)
09-20 13:06:38.671 17694 17805 W ProtoDataStoreFlagStore: 	at klt.d(Unknown Source:6)
09-20 13:06:38.671 17694 17805 W ProtoDataStoreFlagStore: 	at klu.handleMessage(Unknown Source:307)
09-20 13:06:38.671 17694 17805 W ProtoDataStoreFlagStore: 	at android.os.Handler.dispatchMessage(Handler.java:107)
09-20 13:06:38.671 17694 17805 W ProtoDataStoreFlagStore: 	at ksg.b(Unknown Source:0)
09-20 13:06:38.671 17694 17805 W ProtoDataStoreFlagStore: 	at ksg.dispatchMessage(Unknown Source:0)
09-20 13:06:38.671 17694 17805 W ProtoDataStoreFlagStore: 	at android.os.Looper.loopOnce(Looper.java:282)
09-20 13:06:38.671 17694 17805 W ProtoDataStoreFlagStore: 	at android.os.Looper.loop(Looper.java:387)
09-20 13:06:38.671 17694 17805 W ProtoDataStoreFlagStore: 	at android.os.HandlerThread.run(HandlerThread.java:85)
09-20 13:06:38.681 17694 17694 D InsetsController: setRequestedVisibleTypes, mRequestedVisibleTypes: navigationBars captionBar systemGestures mandatorySystemGestures tappableElement displayCutout windowDecor systemOverlays, requestedVisibleTypes: navigationBars captionBar systemGestures mandatorySystemGestures tappableElement displayCutout windowDecor systemOverlays, visibleTypes: , type: 1, call: android.view.InsetsController.notifyFinished:1879 android.view.InsetsAnimationThreadControlRunner$1.lambda$notifyFinished$0:86 android.view.InsetsAnimationThreadControlRunner$1.$r8$lambda$cDFF0h4Ncq-8EXdGszv69jrUu7c:0 android.view.InsetsAnimationThreadControlRunner$1$$ExternalSyntheticLambda1.run:0 android.os.Handler.handleCallback:973 android.os.Handler.dispatchMessage:100 android.os.Looper.loopOnce:282 android.os.Looper.loop:387 android.app.ActivityThread.main:9500 java.lang.reflect.Method.invoke:-2 
09-20 13:06:38.702 17694 17883 D MediaCodec: CreateByType: mime audio/vorbis, encoder 0, pid -1
09-20 13:06:38.714 17694 17882 D MediaCodec: CreateByType: mime audio/vorbis, encoder 0, pid -1
09-20 13:06:38.723 17694 17753 V SystemSensorManagerExtImpl: RegisterListener icm4x6xa Gyroscope Non-wakeup type:4 delay:0us by lxf@e6a4ce9 from com.google.android.GoogleCameraEngR18F1
09-20 13:06:38.735 17694 17787 W CAM_A   : UNINITIALIZED > abs Δ(result sensor timestamp) = 80.20 ms > 70.00 ms
09-20 13:06:38.736 17694 17787 W CAM_A   : UNINITIALIZED > rel Δ(result sensor timestamp) = 1.00 > 0.25
09-20 13:06:38.736 17694 17787 W CAM_A   : UNINITIALIZED > result sensor delay = 2.00 > 1.10
09-20 13:06:38.739 17694 17870 W InteractionJankMonitor: Initializing without READ_DEVICE_CONFIG permission. enabled=false, interval=1, missedFrameThreshold=3, frameTimeThreshold=64, package=com.google.android.GoogleCameraEngR18F1
09-20 13:06:38.742 17694 17883 W libc    : Access denied finding property "vendor.debug.stagefright.mediacodec.trace"
09-20 13:06:38.743 17694 17882 W libc    : Access denied finding property "vendor.debug.stagefright.mediacodec.trace"
09-20 13:06:38.773 17694 17893 E native  : E0920 13:06:38.772943   17893 resource_util_android.cc:65] generic::internal: RET_CHECK failure (third_party/mediapipe/util/resource_util_android.cc:65) Singleton<AssetManager>::get()->ReadFile(path, output) could not read asset: research/vision/loco/video/models/siamese_fcpp/mobile/model_21086792_30/siamese_fe.tflite
09-20 13:06:38.773 17694 17893 E native  : Stack trace:
09-20 13:06:38.773 17694 17893 E native  : 
09-20 13:06:38.773 17694 17893 E native  : E0920 13:06:38.773272   17893 asset_manager_util.cc:166] generic::internal: RET_CHECK failure (third_party/mediapipe/util/android/asset_manager_util.cc:166) ReadFile(asset_path, &asset_data) could not read asset: research/vision/loco/video/models/siamese_fcpp/mobile/model_21086792_30/siamese_fe.tflite
09-20 13:06:38.773 17694 17893 E native  : Stack trace:
09-20 13:06:38.773 17694 17893 E native  : 
09-20 13:06:38.773 17694 17828 E GoLog   : E0920 13:06:38.772943   17893 resource_util_android.cc:65] generic::internal: RET_CHECK failure (third_party/mediapipe/util/resource_util_android.cc:65) Singleton<AssetManager>::get()->ReadFile(path, output) could not read asset: research/vision/loco/video/models/siamese_fcpp/mobile/model_21086792_30/siamese_fe.tflite
09-20 13:06:38.773 17694 17828 E GoLog   : Stack trace:
09-20 13:06:38.773 17694 17828 E GoLog   : 
09-20 13:06:38.773 17694 17828 E GoLog   : E0920 13:06:38.773272   17893 asset_manager_util.cc:166] generic::internal: RET_CHECK failure (third_party/mediapipe/util/android/asset_manager_util.cc:166) ReadFile(asset_path, &asset_data) could not read asset: research/vision/loco/video/models/siamese_fcpp/mobile/model_21086792_30/siamese_fe.tflite
09-20 13:06:38.773 17694 17828 E GoLog   : Stack trace:
09-20 13:06:38.773 17694 17828 E GoLog   : 
09-20 13:06:38.775 17694 17787 W CAM_A   : UNINITIALIZED > abs Δ(result sensor timestamp) = 80.20 ms > 70.00 ms
09-20 13:06:38.776 17694 17787 W CAM_A   : UNINITIALIZED > result sensor delay = 2.00 > 1.10
09-20 13:06:38.798 17694 17893 I tflite  : Initialized TensorFlow Lite runtime.
09-20 13:06:38.798 17694 17828 E GoLog   : INFO: Initialized TensorFlow Lite runtime.
09-20 13:06:38.800 17694 17882 W libc    : Access denied finding property "vendor.debug.stagefright.BufferCount"
09-20 13:06:38.800 17694 17883 W libc    : Access denied finding property "vendor.debug.stagefright.BufferCount"
09-20 13:06:38.802 17694 17787 W CAM_A   : UNINITIALIZED > rel Δ(result sensor timestamp) = 0.46 > 0.25
09-20 13:06:38.802 17694 17882 W libc    : Access denied finding property "vendor.debug.stagefright.BufferCount"
09-20 13:06:38.802 17694 17787 W CAM_A   : UNINITIALIZED > result sensor delay = 1.30 > 1.10
09-20 13:06:38.802 17694 17882 D IAtlas  : IAtlas::init CallingPid 17694
09-20 13:06:38.803 17694 17893 I tflite  : Replacing 26 node(s) with delegate (unknown) node, yielding 1 partitions.
09-20 13:06:38.803 17694 17883 W libc    : Access denied finding property "vendor.debug.stagefright.BufferCount"
09-20 13:06:38.803 17694 17828 E GoLog   : INFO: Replacing 26 node(s) with delegate (unknown) node, yielding 1 partitions.
09-20 13:06:38.804 17694 17882 D IAtlas  : IAtlas::init this 0x6f17f92300
09-20 13:06:38.809 17694 17893 I tflite  : Replacing 26 node(s) with delegate (unknown) node, yielding 1 partitions.
09-20 13:06:38.810 17694 17898 D BLASTBufferQueue: [SurfaceView[com.google.android.GoogleCameraEngR18F1/com.android.camera.CameraLauncher]#1](f:0,a:1) acquireNextBufferLocked size=640x480 mFrameNumber=1 applyTransaction=true mTimestamp=587191571534297 mPendingTransactions.size=0 graphicBufferId=75995151335448 transform=4
09-20 13:06:38.810 17694 17828 E GoLog   : INFO: Replacing 26 node(s) with delegate (unknown) node, yielding 1 partitions.
09-20 13:06:38.813 17694 17883 W libc    : Access denied finding property "vendor.oplus.media.vpp.stutter"
09-20 13:06:38.820 17694 17883 D ListServiceUtils: mListServiceUtils::init CallingPid 17694
09-20 13:06:38.820 17694 17882 W libc    : Access denied finding property "vendor.oplus.media.vpp.stutter"
09-20 13:06:38.823 17694 17883 D ListServiceUtils: mListServiceUtils::init this 0x6f15bfd800
09-20 13:06:38.823 17694 17883 D OplusFeedbackInfo: OVFR is supported in video side
09-20 13:06:38.824 17694 17883 W libc    : Access denied finding property "vendor.debug.stagefright.BufferCount"
09-20 13:06:38.824 17694 17883 W libc    : Access denied finding property "vendor.debug.stagefright.BufferCount"
09-20 13:06:38.824 17694 17883 D MediaCodec: [0x6f6eecc800] init: CCodec 0x6f15b2a800, CCodecBufferChannel 0x6f6ee14918
09-20 13:06:38.824 17694 17905 D MediaCodec: [0x6f6eecc800] setState: 1
09-20 13:06:38.825 17694 17905 D CCodec  : allocate(c2.android.vorbis.decoder)
09-20 13:06:38.826 17694 17882 D OplusFeedbackInfo: OVFR is supported in video side
09-20 13:06:38.829 17694 17738 D nativeloader: Load /data/app/~~8zWwA8Oy6DQtngYNV6Fduw==/com.google.android.GoogleCameraEngR18F1-gGUQnvTD2_sqVIDHWzChaQ==/lib/arm64/libsmartcapture_native.so using class loader ns clns-7 (caller=/data/app/~~8zWwA8Oy6DQtngYNV6Fduw==/com.google.android.GoogleCameraEngR18F1-gGUQnvTD2_sqVIDHWzChaQ==/base.apk): ok
09-20 13:06:38.835 17694 17882 W libc    : Access denied finding property "vendor.debug.stagefright.BufferCount"
09-20 13:06:38.835 17694 17882 W libc    : Access denied finding property "vendor.debug.stagefright.BufferCount"
09-20 13:06:38.835 17694 17882 D MediaCodec: [0x6f17fad000] init: CCodec 0x6f039a1800, CCodecBufferChannel 0x6f17e22e18
09-20 13:06:38.836 17694 17908 D MediaCodec: [0x6f17fad000] setState: 1
09-20 13:06:38.836 17694 17908 D CCodec  : allocate(c2.android.vorbis.decoder)
09-20 13:06:38.856 17694 17905 I Codec2Client: Available Codec2 services: "default" "software"
09-20 13:06:38.857 17694 17738 I tflite  : Initialized TensorFlow Lite runtime.
09-20 13:06:38.857 17694 17828 E GoLog   : INFO: Initialized TensorFlow Lite runtime.
09-20 13:06:38.870 17694 17893 W libc    : Access denied finding property "ro.vendor.gfx.32bit.target"
09-20 13:06:38.872 17694 17738 W libc    : Access denied finding property "ro.hardware.chipname"
09-20 13:06:38.875 17694 17738 I tflite  : Created TensorFlow Lite XNNPACK delegate for CPU.
09-20 13:06:38.875 17694 17738 I tflite  : Replacing 5 node(s) with delegate (TfLiteXNNPackDelegate) node, yielding 1 partitions.
09-20 13:06:38.875 17694 17828 E GoLog   : INFO: Created TensorFlow Lite XNNPACK delegate for CPU.
09-20 13:06:38.876 17694 17828 E GoLog   : INFO: Replacing 5 node(s) with delegate (TfLiteXNNPackDelegate) node, yielding 1 partitions.
09-20 13:06:38.897 17694 17787 W CAM_A   : UNINITIALIZED > rel Δ(result sensor timestamp) = 0.30 > 0.25
09-20 13:06:38.897 17694 17787 W CAM_A   : UNINITIALIZED > result sensor delay = 1.30 > 1.10
09-20 13:06:38.898 17694 17905 I CCodec  : setting up 'default' as default (vendor) store
09-20 13:06:38.898 17694 17908 I CCodec  : setting up 'default' as default (vendor) store
09-20 13:06:38.979 17694 17905 I CCodec  : Created component [c2.android.vorbis.decoder]
09-20 13:06:38.979 17694 17905 D CCodecBufferChannel: [0x6f6ee14918] setComponent: mName c2.android.vorbis.decoder#424, mPipelineWatcher 0x6f6ee14e00
09-20 13:06:38.980 17694 17908 I CCodec  : Created component [c2.android.vorbis.decoder]
09-20 13:06:38.980 17694 17908 D CCodecBufferChannel: [0x6f17e22e18] setComponent: mName c2.android.vorbis.decoder#350, mPipelineWatcher 0x6f17e23300
09-20 13:06:38.980 17694 17905 D CCodecConfig: read media type: audio/vorbis
09-20 13:06:38.980 17694 17908 D CCodecConfig: read media type: audio/vorbis
09-20 13:06:38.982 17694 17905 D ReflectedParamUpdater: extent() != 1 for single value type: algo.buffers.max-count.values
09-20 13:06:38.983 17694 17905 D ReflectedParamUpdater: extent() != 1 for single value type: output.subscribed-indices.values
