09-20 13:07:58.450 17694 17753 W CCT_dump: [1.0222344, 0.0, 0.0, 0.0, 0.9987128, 0.0, 0.0, 0.0, 0.9790529]
09-20 13:07:58.647 17694 17753 W pkr     : CaptureResult is present COLOR_CORRECTION_GAINS NEUTRAL.
09-20 13:07:58.650 17694 17753 W CurrentTemp: 3357.405
09-20 13:07:58.653 17694 17753 W CCT_dump: [1.022166, 0.0, 0.0, 0.0, 0.9987167, 0.0, 0.0, 0.0, 0.9791173]
09-20 13:07:58.656 17694 17753 W CurrentTemp: 3357.405
09-20 13:07:58.657 17694 17753 W CCT_dump: [1.022166, 0.0, 0.0, 0.0, 0.9987167, 0.0, 0.0, 0.0, 0.9791173]
09-20 13:07:58.661 17694 17753 W CurrentTemp: 3357.405
09-20 13:07:58.663 17694 17753 W CCT_dump: [1.022166, 0.0, 0.0, 0.0, 0.9987167, 0.0, 0.0, 0.0, 0.9791173]
09-20 13:07:58.665 17694 17753 W CurrentTemp: 3357.405
09-20 13:07:58.665 17694 17753 W CCT_dump: [1.022166, 0.0, 0.0, 0.0, 0.9987167, 0.0, 0.0, 0.0, 0.9791173]
09-20 13:07:58.839 17694 17753 W pkr     : CaptureResult is present COLOR_CORRECTION_GAINS NEUTRAL.
09-20 13:07:58.842 17694 17753 W CurrentTemp: 3373.8672
09-20 13:07:58.843 17694 17753 W CCT_dump: [1.0217386, 0.0, 0.0, 0.0, 0.99861974, 0.0, 0.0, 0.0, 0.97964156]
09-20 13:07:58.845 17694 17753 W CurrentTemp: 3373.8672
09-20 13:07:58.847 17694 17753 W CCT_dump: [1.0217386, 0.0, 0.0, 0.0, 0.99861974, 0.0, 0.0, 0.0, 0.97964156]
09-20 13:07:58.849 17694 17753 W CurrentTemp: 3373.8672
09-20 13:07:58.850 17694 17753 W CCT_dump: [1.0217386, 0.0, 0.0, 0.0, 0.99861974, 0.0, 0.0, 0.0, 0.97964156]
09-20 13:07:58.852 17694 17753 W CurrentTemp: 3373.8672
09-20 13:07:58.853 17694 17753 W CCT_dump: [1.0217386, 0.0, 0.0, 0.0, 0.99861974, 0.0, 0.0, 0.0, 0.97964156]
09-20 13:07:59.043 17694 17738 W pkr     : CaptureResult is present COLOR_CORRECTION_GAINS NEUTRAL.
09-20 13:07:59.047 17694 17738 W CurrentTemp: 3399.8362
09-20 13:07:59.048 17694 17738 W CCT_dump: [1.0209216, 0.0, 0.0, 0.0, 0.9986502, 0.0, 0.0, 0.0, 0.98042816]
09-20 13:07:59.054 17694 17738 W CurrentTemp: 3399.8362
09-20 13:07:59.055 17694 17738 W CCT_dump: [1.0209216, 0.0, 0.0, 0.0, 0.9986502, 0.0, 0.0, 0.0, 0.98042816]
09-20 13:07:59.059 17694 17738 W CurrentTemp: 3399.8362
09-20 13:07:59.060 17694 17738 W CCT_dump: [1.0209216, 0.0, 0.0, 0.0, 0.9986502, 0.0, 0.0, 0.0, 0.98042816]
09-20 13:07:59.063 17694 17738 W CurrentTemp: 3399.8362
09-20 13:07:59.063 17694 17738 W CCT_dump: [1.0209216, 0.0, 0.0, 0.0, 0.9986502, 0.0, 0.0, 0.0, 0.98042816]
09-20 13:07:59.243 17694 17738 W pkr     : CaptureResult is present COLOR_CORRECTION_GAINS NEUTRAL.
09-20 13:07:59.247 17694 17738 W CurrentTemp: 3392.629
09-20 13:07:59.248 17694 17738 W CCT_dump: [1.0211645, 0.0, 0.0, 0.0, 0.998755, 0.0, 0.0, 0.0, 0.9800804]
09-20 13:07:59.256 17694 17738 W CurrentTemp: 3392.629
09-20 13:07:59.256 17694 17738 W CCT_dump: [1.0211645, 0.0, 0.0, 0.0, 0.998755, 0.0, 0.0, 0.0, 0.9800804]
09-20 13:07:59.261 17694 17738 W CurrentTemp: 3392.629
09-20 13:07:59.263 17694 17738 W CCT_dump: [1.0211645, 0.0, 0.0, 0.0, 0.998755, 0.0, 0.0, 0.0, 0.9800804]
09-20 13:07:59.265 17694 17738 W CurrentTemp: 3392.629
09-20 13:07:59.266 17694 17738 W CCT_dump: [1.0211645, 0.0, 0.0, 0.0, 0.998755, 0.0, 0.0, 0.0, 0.9800804]
09-20 13:07:59.442 17694 17753 W pkr     : CaptureResult is present COLOR_CORRECTION_GAINS NEUTRAL.
09-20 13:07:59.450 17694 17753 W CurrentTemp: 3383.2283
09-20 13:07:59.452 17694 17753 W CCT_dump: [1.0213361, 0.0, 0.0, 0.0, 0.9987449, 0.0, 0.0, 0.0, 0.97991896]
09-20 13:07:59.455 17694 17753 W CurrentTemp: 3383.2283
09-20 13:07:59.456 17694 17753 W CCT_dump: [1.0213361, 0.0, 0.0, 0.0, 0.9987449, 0.0, 0.0, 0.0, 0.97991896]
09-20 13:07:59.459 17694 17753 W CurrentTemp: 3383.2283
09-20 13:07:59.460 17694 17753 W CCT_dump: [1.0213361, 0.0, 0.0, 0.0, 0.9987449, 0.0, 0.0, 0.0, 0.97991896]
09-20 13:07:59.463 17694 17753 W CurrentTemp: 3383.2283
09-20 13:07:59.465 17694 17753 W CCT_dump: [1.0213361, 0.0, 0.0, 0.0, 0.9987449, 0.0, 0.0, 0.0, 0.97991896]
09-20 13:07:59.653 17694 17738 W pkr     : CaptureResult is present COLOR_CORRECTION_GAINS NEUTRAL.
09-20 13:07:59.660 17694 17738 W CurrentTemp: 3398.7231
09-20 13:07:59.661 17694 17738 W CCT_dump: [1.0209416, 0.0, 0.0, 0.0, 0.99864894, 0.0, 0.0, 0.0, 0.9804095]
09-20 13:07:59.665 17694 17738 W CurrentTemp: 3398.7231
09-20 13:07:59.666 17694 17738 W CCT_dump: [1.0209416, 0.0, 0.0, 0.0, 0.99864894, 0.0, 0.0, 0.0, 0.9804095]
09-20 13:07:59.668 17694 17738 W CurrentTemp: 3398.7231
09-20 13:07:59.669 17694 17738 W CCT_dump: [1.0209416, 0.0, 0.0, 0.0, 0.99864894, 0.0, 0.0, 0.0, 0.9804095]
09-20 13:07:59.672 17694 17738 W CurrentTemp: 3398.7231
09-20 13:07:59.672 17694 17738 W CCT_dump: [1.0209416, 0.0, 0.0, 0.0, 0.99864894, 0.0, 0.0, 0.0, 0.9804095]
09-20 13:07:59.835 17694 17738 W pkr     : CaptureResult is present COLOR_CORRECTION_GAINS NEUTRAL.
09-20 13:07:59.838 17694 17738 W CurrentTemp: 3408.1726
09-20 13:07:59.839 17694 17738 W CCT_dump: [1.0207727, 0.0, 0.0, 0.0, 0.99865985, 0.0, 0.0, 0.0, 0.9805675]
09-20 13:07:59.841 17694 17738 W CurrentTemp: 3408.1726
09-20 13:07:59.843 17694 17738 W CCT_dump: [1.0207727, 0.0, 0.0, 0.0, 0.99865985, 0.0, 0.0, 0.0, 0.9805675]
09-20 13:07:59.845 17694 17738 W CurrentTemp: 3408.1726
09-20 13:07:59.845 17694 17738 W CCT_dump: [1.0207727, 0.0, 0.0, 0.0, 0.99865985, 0.0, 0.0, 0.0, 0.9805675]
09-20 13:07:59.848 17694 17738 W CurrentTemp: 3408.1726
09-20 13:07:59.848 17694 17738 W CCT_dump: [1.0207727, 0.0, 0.0, 0.0, 0.99865985, 0.0, 0.0, 0.0, 0.9805675]
09-20 13:08:00.043 17694 17738 W pkr     : CaptureResult is present COLOR_CORRECTION_GAINS NEUTRAL.
09-20 13:08:00.051 17694 17738 W CurrentTemp: 3604.594
09-20 13:08:00.052 17694 17738 W CCT_dump: [1.0159923, 0.0, 0.0, 0.0, 0.99895906, 0.0, 0.0, 0.0, 0.9850486]
09-20 13:08:00.056 17694 17738 W CurrentTemp: 3604.594
09-20 13:08:00.056 17694 17738 W CCT_dump: [1.0159923, 0.0, 0.0, 0.0, 0.99895906, 0.0, 0.0, 0.0, 0.9850486]
09-20 13:08:00.060 17694 17738 W CurrentTemp: 3604.594
09-20 13:08:00.061 17694 17738 W CCT_dump: [1.0159923, 0.0, 0.0, 0.0, 0.99895906, 0.0, 0.0, 0.0, 0.9850486]
09-20 13:08:00.063 17694 17738 W CurrentTemp: 3604.594
09-20 13:08:00.064 17694 17738 W CCT_dump: [1.0159923, 0.0, 0.0, 0.0, 0.99895906, 0.0, 0.0, 0.0, 0.9850486]
09-20 13:08:00.247 17694 17738 W pkr     : CaptureResult is present COLOR_CORRECTION_GAINS NEUTRAL.
09-20 13:08:00.252 17694 17738 W CurrentTemp: 3588.1267
09-20 13:08:00.253 17694 17738 W CCT_dump: [1.0163089, 0.0, 0.0, 0.0, 0.99904066, 0.0, 0.0, 0.0, 0.98465043]
09-20 13:08:00.257 17694 17738 W CurrentTemp: 3588.1267
09-20 13:08:00.258 17694 17738 W CCT_dump: [1.0163089, 0.0, 0.0, 0.0, 0.99904066, 0.0, 0.0, 0.0, 0.98465043]
09-20 13:08:00.261 17694 17738 W CurrentTemp: 3588.1267
09-20 13:08:00.263 17694 17738 W CCT_dump: [1.0163089, 0.0, 0.0, 0.0, 0.99904066, 0.0, 0.0, 0.0, 0.98465043]
09-20 13:08:00.265 17694 17738 W CurrentTemp: 3588.1267
09-20 13:08:00.266 17694 17738 W CCT_dump: [1.0163089, 0.0, 0.0, 0.0, 0.99904066, 0.0, 0.0, 0.0, 0.98465043]
09-20 13:08:00.445 17694 17753 W pkr     : CaptureResult is present COLOR_CORRECTION_GAINS NEUTRAL.
09-20 13:08:00.451 17694 17753 W CurrentTemp: 3579.575
09-20 13:08:00.452 17694 17753 W CCT_dump: [1.0165223, 0.0, 0.0, 0.0, 0.9988406, 0.0, 0.0, 0.0, 0.9846372]
09-20 13:08:00.457 17694 17753 W CurrentTemp: 3579.575
09-20 13:08:00.457 17694 17753 W CCT_dump: [1.0165223, 0.0, 0.0, 0.0, 0.9988406, 0.0, 0.0, 0.0, 0.9846372]
09-20 13:08:00.460 17694 17753 W CurrentTemp: 3579.575
09-20 13:08:00.461 17694 17753 W CCT_dump: [1.0165223, 0.0, 0.0, 0.0, 0.9988406, 0.0, 0.0, 0.0, 0.9846372]
09-20 13:08:00.464 17694 17753 W CurrentTemp: 3579.575
09-20 13:08:00.464 17694 17753 W CCT_dump: [1.0165223, 0.0, 0.0, 0.0, 0.9988406, 0.0, 0.0, 0.0, 0.9846372]
09-20 13:08:00.648 17694 17738 W pkr     : CaptureResult is present COLOR_CORRECTION_GAINS NEUTRAL.
09-20 13:08:00.651 17694 17738 W CurrentTemp: 3550.6667
09-20 13:08:00.652 17694 17738 W CCT_dump: [1.0172235, 0.0, 0.0, 0.0, 0.9988122, 0.0, 0.0, 0.0, 0.9839644]
09-20 13:08:00.657 17694 17738 W CurrentTemp: 3550.6667
09-20 13:08:00.658 17694 17738 W CCT_dump: [1.0172235, 0.0, 0.0, 0.0, 0.9988122, 0.0, 0.0, 0.0, 0.9839644]
09-20 13:08:00.661 17694 17738 W CurrentTemp: 3550.6667
09-20 13:08:00.664 17694 17738 W CCT_dump: [1.0172235, 0.0, 0.0, 0.0, 0.9988122, 0.0, 0.0, 0.0, 0.9839644]
09-20 13:08:00.667 17694 17738 W CurrentTemp: 3550.6667
09-20 13:08:00.667 17694 17738 W CCT_dump: [1.0172235, 0.0, 0.0, 0.0, 0.9988122, 0.0, 0.0, 0.0, 0.9839644]
09-20 13:08:00.763 17694 19222 W CAM_AutoFlashIndicator: No converged AE result for 31 frames,falling back to single-image auto-flash photo
09-20 13:08:00.840 17694 17738 W pkr     : CaptureResult is present COLOR_CORRECTION_GAINS NEUTRAL.
09-20 13:08:00.842 17694 17738 W CurrentTemp: 3674.0527
09-20 13:08:00.843 17694 17738 W CCT_dump: [1.0145628, 0.0, 0.0, 0.0, 0.99901724, 0.0, 0.0, 0.0, 0.9864199]
09-20 13:08:00.845 17694 17738 W CurrentTemp: 3674.0527
09-20 13:08:00.845 17694 17738 W CCT_dump: [1.0145628, 0.0, 0.0, 0.0, 0.99901724, 0.0, 0.0, 0.0, 0.9864199]
09-20 13:08:00.848 17694 17738 W CurrentTemp: 3674.0527
09-20 13:08:00.848 17694 17738 W CCT_dump: [1.0145628, 0.0, 0.0, 0.0, 0.99901724, 0.0, 0.0, 0.0, 0.9864199]
09-20 13:08:00.851 17694 17738 W CurrentTemp: 3674.0527
09-20 13:08:00.851 17694 17738 W CCT_dump: [1.0145628, 0.0, 0.0, 0.0, 0.99901724, 0.0, 0.0, 0.0, 0.9864199]
09-20 13:08:01.042 17694 17738 W pkr     : CaptureResult is present COLOR_CORRECTION_GAINS NEUTRAL.
09-20 13:08:01.045 17694 17738 W CurrentTemp: 3701.3801
09-20 13:08:01.046 17694 17738 W CCT_dump: [1.0140646, 0.0, 0.0, 0.0, 0.9991264, 0.0, 0.0, 0.0, 0.98680896]
09-20 13:08:01.049 17694 17738 W CurrentTemp: 3701.3801
09-20 13:08:01.050 17694 17738 W CCT_dump: [1.0140646, 0.0, 0.0, 0.0, 0.9991264, 0.0, 0.0, 0.0, 0.98680896]
09-20 13:08:01.055 17694 17738 W CurrentTemp: 3701.3801
09-20 13:08:01.056 17694 17738 W CCT_dump: [1.0140646, 0.0, 0.0, 0.0, 0.9991264, 0.0, 0.0, 0.0, 0.98680896]
09-20 13:08:01.059 17694 17738 W CurrentTemp: 3701.3801
09-20 13:08:01.061 17694 17738 W CCT_dump: [1.0140646, 0.0, 0.0, 0.0, 0.9991264, 0.0, 0.0, 0.0, 0.98680896]
09-20 13:08:01.233 17694 17738 W pkr     : CaptureResult is present COLOR_CORRECTION_GAINS NEUTRAL.
09-20 13:08:01.238 17694 17738 W CurrentTemp: 3689.976
09-20 13:08:01.238 17694 17738 W CCT_dump: [1.0143733, 0.0, 0.0, 0.0, 0.99903005, 0.0, 0.0, 0.0, 0.9865967]
09-20 13:08:01.241 17694 17738 W CurrentTemp: 3689.976
09-20 13:08:01.242 17694 17738 W CCT_dump: [1.0143733, 0.0, 0.0, 0.0, 0.99903005, 0.0, 0.0, 0.0, 0.9865967]
09-20 13:08:01.244 17694 17738 W CurrentTemp: 3689.976
09-20 13:08:01.244 17694 17738 W CCT_dump: [1.0143733, 0.0, 0.0, 0.0, 0.99903005, 0.0, 0.0, 0.0, 0.9865967]
09-20 13:08:01.246 17694 17738 W CurrentTemp: 3689.976
09-20 13:08:01.246 17694 17738 W CCT_dump: [1.0143733, 0.0, 0.0, 0.0, 0.99903005, 0.0, 0.0, 0.0, 0.9865967]
09-20 13:08:01.328 17694 17702 W MessageQueue: Handler (android.os.Handler) {3e6986e} sending message to a Handler on a dead thread
09-20 13:08:01.328 17694 17702 W MessageQueue: java.lang.IllegalStateException: Handler (android.os.Handler) {3e6986e} sending message to a Handler on a dead thread
09-20 13:08:01.328 17694 17702 W MessageQueue: 	at android.os.MessageQueue.enqueueMessage(MessageQueue.java:657)
09-20 13:08:01.328 17694 17702 W MessageQueue: 	at android.os.Handler.enqueueMessage(Handler.java:787)
09-20 13:08:01.328 17694 17702 W MessageQueue: 	at android.os.Handler.sendMessageAtTime(Handler.java:736)
09-20 13:08:01.328 17694 17702 W MessageQueue: 	at android.os.Handler.sendMessageDelayed(Handler.java:706)
09-20 13:08:01.328 17694 17702 W MessageQueue: 	at android.os.Handler.post(Handler.java:436)
09-20 13:08:01.328 17694 17702 W MessageQueue: 	at android.hardware.camera2.impl.CameraDeviceImpl$CameraHandlerExecutor.execute(CameraDeviceImpl.java:2639)
09-20 13:08:01.328 17694 17702 W MessageQueue: 	at android.hardware.camera2.impl.CallbackProxies$SessionStateCallbackProxy.onClosed(CallbackProxies.java:104)
09-20 13:08:01.328 17694 17702 W MessageQueue: 	at android.hardware.camera2.impl.CameraCaptureSessionImpl.close(CameraCaptureSessionImpl.java:594)
09-20 13:08:01.328 17694 17702 W MessageQueue: 	at android.hardware.camera2.impl.CameraCaptureSessionImpl.finalize(CameraCaptureSessionImpl.java:900)
09-20 13:08:01.328 17694 17702 W MessageQueue: 	at java.lang.Daemons$FinalizerDaemon.doFinalize(Daemons.java:387)
09-20 13:08:01.328 17694 17702 W MessageQueue: 	at java.lang.Daemons$FinalizerDaemon.processReference(Daemons.java:367)
09-20 13:08:01.328 17694 17702 W MessageQueue: 	at java.lang.Daemons$FinalizerDaemon.runInternal(Daemons.java:339)
09-20 13:08:01.328 17694 17702 W MessageQueue: 	at java.lang.Daemons$Daemon.run(Daemons.java:132)
09-20 13:08:01.328 17694 17702 W MessageQueue: 	at java.lang.Thread.run(Thread.java:1119)
09-20 13:08:01.448 17694 17753 W pkr     : CaptureResult is present COLOR_CORRECTION_GAINS NEUTRAL.
09-20 13:08:01.450 17694 17753 W CurrentTemp: 3677.218
09-20 13:08:01.451 17694 17753 W CCT_dump: [1.0145249, 0.0, 0.0, 0.0, 0.9990198, 0.0, 0.0, 0.0, 0.98645526]
09-20 13:08:01.453 17694 17753 W CurrentTemp: 3677.218
09-20 13:08:01.454 17694 17753 W CCT_dump: [1.0145249, 0.0, 0.0, 0.0, 0.9990198, 0.0, 0.0, 0.0, 0.98645526]
09-20 13:08:01.459 17694 17753 W CurrentTemp: 3677.218
09-20 13:08:01.461 17694 17753 W CCT_dump: [1.0145249, 0.0, 0.0, 0.0, 0.9990198, 0.0, 0.0, 0.0, 0.98645526]
09-20 13:08:01.463 17694 17753 W CurrentTemp: 3677.218
09-20 13:08:01.463 17694 17753 W CCT_dump: [1.0145249, 0.0, 0.0, 0.0, 0.9990198, 0.0, 0.0, 0.0, 0.98645526]
09-20 13:08:01.643 17694 17753 W pkr     : CaptureResult is present COLOR_CORRECTION_GAINS NEUTRAL.
09-20 13:08:01.645 17694 17753 W CurrentTemp: 3673.429
09-20 13:08:01.646 17694 17753 W CCT_dump: [1.0145704, 0.0, 0.0, 0.0, 0.9990167, 0.0, 0.0, 0.0, 0.9864129]
09-20 13:08:01.649 17694 17753 W CurrentTemp: 3673.429
09-20 13:08:01.650 17694 17753 W CCT_dump: [1.0145704, 0.0, 0.0, 0.0, 0.9990167, 0.0, 0.0, 0.0, 0.9864129]
09-20 13:08:01.653 17694 17753 W CurrentTemp: 3673.429
09-20 13:08:01.654 17694 17753 W CCT_dump: [1.0145704, 0.0, 0.0, 0.0, 0.9990167, 0.0, 0.0, 0.0, 0.9864129]
09-20 13:08:01.657 17694 17753 W CurrentTemp: 3673.429
09-20 13:08:01.657 17694 17753 W CCT_dump: [1.0145704, 0.0, 0.0, 0.0, 0.9990167, 0.0, 0.0, 0.0, 0.9864129]
09-20 13:08:01.829 17694 17753 W pkr     : CaptureResult is present COLOR_CORRECTION_GAINS NEUTRAL.
09-20 13:08:01.832 17694 17753 W CurrentTemp: 3678.2673
09-20 13:08:01.833 17694 17753 W CCT_dump: [1.0145124, 0.0, 0.0, 0.0, 0.9990206, 0.0, 0.0, 0.0, 0.98646694]
09-20 13:08:01.837 17694 17753 W CurrentTemp: 3678.2673
09-20 13:08:01.838 17694 17753 W CCT_dump: [1.0145124, 0.0, 0.0, 0.0, 0.9990206, 0.0, 0.0, 0.0, 0.98646694]
09-20 13:08:01.840 17694 17753 W CurrentTemp: 3678.2673
09-20 13:08:01.840 17694 17753 W CCT_dump: [1.0145124, 0.0, 0.0, 0.0, 0.9990206, 0.0, 0.0, 0.0, 0.98646694]
09-20 13:08:01.843 17694 17753 W CurrentTemp: 3678.2673
09-20 13:08:01.843 17694 17753 W CCT_dump: [1.0145124, 0.0, 0.0, 0.0, 0.9990206, 0.0, 0.0, 0.0, 0.98646694]
09-20 13:08:02.041 17694 17738 W pkr     : CaptureResult is present COLOR_CORRECTION_GAINS NEUTRAL.
09-20 13:08:02.044 17694 17738 W CurrentTemp: 3679.6365
09-20 13:08:02.045 17694 17738 W CCT_dump: [1.014496, 0.0, 0.0, 0.0, 0.9990217, 0.0, 0.0, 0.0, 0.9864822]
09-20 13:08:02.048 17694 17738 W CurrentTemp: 3679.6365
09-20 13:08:02.049 17694 17738 W CCT_dump: [1.014496, 0.0, 0.0, 0.0, 0.9990217, 0.0, 0.0, 0.0, 0.9864822]
09-20 13:08:02.054 17694 17738 W CurrentTemp: 3679.6365
09-20 13:08:02.056 17694 17738 W CCT_dump: [1.014496, 0.0, 0.0, 0.0, 0.9990217, 0.0, 0.0, 0.0, 0.9864822]
09-20 13:08:02.062 17694 17738 W CurrentTemp: 3679.6365
09-20 13:08:02.062 17694 17738 W CCT_dump: [1.014496, 0.0, 0.0, 0.0, 0.9990217, 0.0, 0.0, 0.0, 0.9864822]
09-20 13:08:02.212 17694 17694 D ViewRootImplExtImpl: the up motion event handled by client, just return
09-20 13:08:02.227 17694 17738 W pkr     : CaptureResult is present COLOR_CORRECTION_GAINS NEUTRAL.
09-20 13:08:02.230 17694 17738 W CurrentTemp: 3677.218
09-20 13:08:02.230 17694 17738 W CCT_dump: [1.0145249, 0.0, 0.0, 0.0, 0.9990198, 0.0, 0.0, 0.0, 0.98645526]
09-20 13:08:02.234 17694 17738 W CurrentTemp: 3677.218
09-20 13:08:02.235 17694 17738 W CCT_dump: [1.0145249, 0.0, 0.0, 0.0, 0.9990198, 0.0, 0.0, 0.0, 0.98645526]
09-20 13:08:02.238 17694 17738 W CurrentTemp: 3677.218
09-20 13:08:02.239 17694 17738 W CCT_dump: [1.0145249, 0.0, 0.0, 0.0, 0.9990198, 0.0, 0.0, 0.0, 0.98645526]
09-20 13:08:02.241 17694 17738 W CurrentTemp: 3677.218
09-20 13:08:02.242 17694 17738 W CCT_dump: [1.0145249, 0.0, 0.0, 0.0, 0.9990198, 0.0, 0.0, 0.0, 0.98645526]
09-20 13:08:02.431 17694 17738 W pkr     : CaptureResult is present COLOR_CORRECTION_GAINS NEUTRAL.
09-20 13:08:02.435 17694 17738 W CurrentTemp: 3687.5574
09-20 13:08:02.437 17694 17738 W CCT_dump: [1.0144019, 0.0, 0.0, 0.0, 0.9990281, 0.0, 0.0, 0.0, 0.98657]
09-20 13:08:02.440 17694 17738 W CurrentTemp: 3687.5574
09-20 13:08:02.441 17694 17738 W CCT_dump: [1.0144019, 0.0, 0.0, 0.0, 0.9990281, 0.0, 0.0, 0.0, 0.98657]
09-20 13:08:02.443 17694 17738 W CurrentTemp: 3687.5574
09-20 13:08:02.444 17694 17738 W CCT_dump: [1.0144019, 0.0, 0.0, 0.0, 0.9990281, 0.0, 0.0, 0.0, 0.98657]
09-20 13:08:02.445 17694 17738 W CurrentTemp: 3687.5574
09-20 13:08:02.446 17694 17738 W CCT_dump: [1.0144019, 0.0, 0.0, 0.0, 0.9990281, 0.0, 0.0, 0.0, 0.98657]
09-20 13:08:02.630 17694 17738 W pkr     : CaptureResult is present COLOR_CORRECTION_GAINS NEUTRAL.
09-20 13:08:02.636 17694 17738 W CurrentTemp: 3673.429
09-20 13:08:02.637 17694 17738 W CCT_dump: [1.0145704, 0.0, 0.0, 0.0, 0.9990167, 0.0, 0.0, 0.0, 0.9864129]
09-20 13:08:02.639 17694 17738 W CurrentTemp: 3673.429
09-20 13:08:02.640 17694 17738 W CCT_dump: [1.0145704, 0.0, 0.0, 0.0, 0.9990167, 0.0, 0.0, 0.0, 0.9864129]
09-20 13:08:02.642 17694 17738 W CurrentTemp: 3673.429
09-20 13:08:02.642 17694 17738 W CCT_dump: [1.0145704, 0.0, 0.0, 0.0, 0.9990167, 0.0, 0.0, 0.0, 0.9864129]
09-20 13:08:02.644 17694 17738 W CurrentTemp: 3673.429
09-20 13:08:02.644 17694 17738 W CCT_dump: [1.0145704, 0.0, 0.0, 0.0, 0.9990167, 0.0, 0.0, 0.0, 0.9864129]
09-20 13:08:02.844 17694 17753 W pkr     : CaptureResult is present COLOR_CORRECTION_GAINS NEUTRAL.
09-20 13:08:02.858 17694 17753 W CurrentTemp: 3672.0645
09-20 13:08:02.859 17694 17753 W CCT_dump: [1.0145868, 0.0, 0.0, 0.0, 0.9990156, 0.0, 0.0, 0.0, 0.9863977]
09-20 13:08:02.863 17694 17753 W CurrentTemp: 3672.0645
09-20 13:08:02.864 17694 17753 W CCT_dump: [1.0145868, 0.0, 0.0, 0.0, 0.9990156, 0.0, 0.0, 0.0, 0.9863977]
09-20 13:08:02.865 17694 17753 W CurrentTemp: 3672.0645
09-20 13:08:02.866 17694 17753 W CCT_dump: [1.0145868, 0.0, 0.0, 0.0, 0.9990156, 0.0, 0.0, 0.0, 0.9863977]
09-20 13:08:02.867 17694 17753 W CurrentTemp: 3672.0645
09-20 13:08:02.868 17694 17753 W CCT_dump: [1.0145868, 0.0, 0.0, 0.0, 0.9990156, 0.0, 0.0, 0.0, 0.9863977]
09-20 13:08:03.024 17694 17753 W pkr     : CaptureResult is present COLOR_CORRECTION_GAINS NEUTRAL.
09-20 13:08:03.027 17694 17753 W CurrentTemp: 3677.218
09-20 13:08:03.028 17694 17753 W CCT_dump: [1.0145249, 0.0, 0.0, 0.0, 0.9990198, 0.0, 0.0, 0.0, 0.98645526]
09-20 13:08:03.030 17694 17753 W CurrentTemp: 3677.218
09-20 13:08:03.030 17694 17753 W CCT_dump: [1.0145249, 0.0, 0.0, 0.0, 0.9990198, 0.0, 0.0, 0.0, 0.98645526]
09-20 13:08:03.033 17694 17753 W CurrentTemp: 3677.218
09-20 13:08:03.034 17694 17753 W CCT_dump: [1.0145249, 0.0, 0.0, 0.0, 0.9990198, 0.0, 0.0, 0.0, 0.98645526]
09-20 13:08:03.036 17694 17753 W CurrentTemp: 3677.218
09-20 13:08:03.037 17694 17753 W CCT_dump: [1.0145249, 0.0, 0.0, 0.0, 0.9990198, 0.0, 0.0, 0.0, 0.98645526]
09-20 13:08:03.231 17694 17753 W pkr     : CaptureResult is present COLOR_CORRECTION_GAINS NEUTRAL.
09-20 13:08:03.233 17694 17753 W CurrentTemp: 3692.743
09-20 13:08:03.234 17694 17753 W CCT_dump: [1.0142527, 0.0, 0.0, 0.0, 0.9989442, 0.0, 0.0, 0.0, 0.98680305]
09-20 13:08:03.236 17694 17753 W CurrentTemp: 3692.743
09-20 13:08:03.236 17694 17753 W CCT_dump: [1.0142527, 0.0, 0.0, 0.0, 0.9989442, 0.0, 0.0, 0.0, 0.98680305]
09-20 13:08:03.241 17694 17753 W CurrentTemp: 3692.743
09-20 13:08:03.241 17694 17753 W CCT_dump: [1.0142527, 0.0, 0.0, 0.0, 0.9989442, 0.0, 0.0, 0.0, 0.98680305]
09-20 13:08:03.243 17694 17753 W CurrentTemp: 3692.743
09-20 13:08:03.243 17694 17753 W CCT_dump: [1.0142527, 0.0, 0.0, 0.0, 0.9989442, 0.0, 0.0, 0.0, 0.98680305]
09-20 13:08:03.428 17694 17738 W pkr     : CaptureResult is present COLOR_CORRECTION_GAINS NEUTRAL.
09-20 13:08:03.431 17694 17738 W CurrentTemp: 3693.0962
09-20 13:08:03.431 17694 17738 W CCT_dump: [1.0142485, 0.0, 0.0, 0.0, 0.9989446, 0.0, 0.0, 0.0, 0.9868069]
09-20 13:08:03.438 17694 17738 W CurrentTemp: 3693.0962
09-20 13:08:03.439 17694 17738 W CCT_dump: [1.0142485, 0.0, 0.0, 0.0, 0.9989446, 0.0, 0.0, 0.0, 0.9868069]
09-20 13:08:03.442 17694 17738 W CurrentTemp: 3693.0962
09-20 13:08:03.443 17694 17738 W CCT_dump: [1.0142485, 0.0, 0.0, 0.0, 0.9989446, 0.0, 0.0, 0.0, 0.9868069]
09-20 13:08:03.444 17694 17738 W CurrentTemp: 3693.0962
09-20 13:08:03.444 17694 17738 W CCT_dump: [1.0142485, 0.0, 0.0, 0.0, 0.9989446, 0.0, 0.0, 0.0, 0.9868069]
09-20 13:08:03.626 17694 17738 W pkr     : CaptureResult is present COLOR_CORRECTION_GAINS NEUTRAL.
09-20 13:08:03.628 17694 17738 W CurrentTemp: 3661.29
09-20 13:08:03.629 17694 17738 W CCT_dump: [1.0148072, 0.0, 0.0, 0.0, 0.99909717, 0.0, 0.0, 0.0, 0.9860957]
09-20 13:08:03.631 17694 17738 W CurrentTemp: 3661.29
09-20 13:08:03.632 17694 17738 W CCT_dump: [1.0148072, 0.0, 0.0, 0.0, 0.99909717, 0.0, 0.0, 0.0, 0.9860957]
09-20 13:08:03.634 17694 17738 W CurrentTemp: 3661.29
09-20 13:08:03.635 17694 17738 W CCT_dump: [1.0148072, 0.0, 0.0, 0.0, 0.99909717, 0.0, 0.0, 0.0, 0.9860957]
09-20 13:08:03.638 17694 17738 W CurrentTemp: 3661.29
09-20 13:08:03.639 17694 17738 W CCT_dump: [1.0148072, 0.0, 0.0, 0.0, 0.99909717, 0.0, 0.0, 0.0, 0.9860957]
09-20 13:08:03.826 17694 17753 W pkr     : CaptureResult is present COLOR_CORRECTION_GAINS NEUTRAL.
09-20 13:08:03.829 17694 17753 W CurrentTemp: 3580.414
09-20 13:08:03.829 17694 17753 W CCT_dump: [1.0165107, 0.0, 0.0, 0.0, 0.99884135, 0.0, 0.0, 0.0, 0.9846479]
09-20 13:08:03.834 17694 17753 W CurrentTemp: 3580.414
09-20 13:08:03.836 17694 17753 W CCT_dump: [1.0165107, 0.0, 0.0, 0.0, 0.99884135, 0.0, 0.0, 0.0, 0.9846479]
09-20 13:08:03.839 17694 17753 W CurrentTemp: 3580.414
09-20 13:08:03.841 17694 17753 W CCT_dump: [1.0165107, 0.0, 0.0, 0.0, 0.99884135, 0.0, 0.0, 0.0, 0.9846479]
09-20 13:08:03.843 17694 17753 W CurrentTemp: 3580.414
09-20 13:08:03.844 17694 17753 W CCT_dump: [1.0165107, 0.0, 0.0, 0.0, 0.99884135, 0.0, 0.0, 0.0, 0.9846479]
09-20 13:08:04.020 17694 17753 W pkr     : CaptureResult is present COLOR_CORRECTION_GAINS NEUTRAL.
09-20 13:08:04.021 17694 17753 W CurrentTemp: 3624.3586
09-20 13:08:04.022 17694 17753 W CCT_dump: [1.0155457, 0.0, 0.0, 0.0, 0.99906915, 0.0, 0.0, 0.0, 0.9853851]
09-20 13:08:04.025 17694 17753 W CurrentTemp: 3624.3586
09-20 13:08:04.025 17694 17753 W CCT_dump: [1.0155457, 0.0, 0.0, 0.0, 0.99906915, 0.0, 0.0, 0.0, 0.9853851]
09-20 13:08:04.027 17694 17753 W CurrentTemp: 3624.3586
09-20 13:08:04.028 17694 17753 W CCT_dump: [1.0155457, 0.0, 0.0, 0.0, 0.99906915, 0.0, 0.0, 0.0, 0.9853851]
09-20 13:08:04.030 17694 17753 W CurrentTemp: 3624.3586
09-20 13:08:04.030 17694 17753 W CCT_dump: [1.0155457, 0.0, 0.0, 0.0, 0.99906915, 0.0, 0.0, 0.0, 0.9853851]
09-20 13:08:04.227 17694 17738 W pkr     : CaptureResult is present COLOR_CORRECTION_GAINS NEUTRAL.
09-20 13:08:04.229 17694 17738 W CurrentTemp: 3635.6538
09-20 13:08:04.230 17694 17738 W CCT_dump: [1.0153087, 0.0, 0.0, 0.0, 0.9989855, 0.0, 0.0, 0.0, 0.9857057]
09-20 13:08:04.234 17694 17738 W CurrentTemp: 3635.6538
09-20 13:08:04.235 17694 17738 W CCT_dump: [1.0153087, 0.0, 0.0, 0.0, 0.9989855, 0.0, 0.0, 0.0, 0.9857057]
09-20 13:08:04.240 17694 17738 W CurrentTemp: 3635.6538
09-20 13:08:04.240 17694 17738 W CCT_dump: [1.0153087, 0.0, 0.0, 0.0, 0.9989855, 0.0, 0.0, 0.0, 0.9857057]
09-20 13:08:04.245 17694 17738 W CurrentTemp: 3635.6538
09-20 13:08:04.246 17694 17738 W CCT_dump: [1.0153087, 0.0, 0.0, 0.0, 0.9989855, 0.0, 0.0, 0.0, 0.9857057]
09-20 13:08:04.422 17694 17738 W pkr     : CaptureResult is present COLOR_CORRECTION_GAINS NEUTRAL.
09-20 13:08:04.424 17694 17738 W CurrentTemp: 3594.1833
09-20 13:08:04.425 17694 17738 W CCT_dump: [1.0162269, 0.0, 0.0, 0.0, 0.99904543, 0.0, 0.0, 0.0, 0.9847276]
09-20 13:08:04.427 17694 17738 W CurrentTemp: 3594.1833
09-20 13:08:04.428 17694 17738 W CCT_dump: [1.0162269, 0.0, 0.0, 0.0, 0.99904543, 0.0, 0.0, 0.0, 0.9847276]
09-20 13:08:04.430 17694 17738 W CurrentTemp: 3594.1833
09-20 13:08:04.431 17694 17738 W CCT_dump: [1.0162269, 0.0, 0.0, 0.0, 0.99904543, 0.0, 0.0, 0.0, 0.9847276]
09-20 13:08:04.433 17694 17738 W CurrentTemp: 3594.1833
09-20 13:08:04.434 17694 17738 W CCT_dump: [1.0162269, 0.0, 0.0, 0.0, 0.99904543, 0.0, 0.0, 0.0, 0.9847276]
09-20 13:08:04.627 17694 17753 W pkr     : CaptureResult is present COLOR_CORRECTION_GAINS NEUTRAL.
09-20 13:08:04.629 17694 17753 W CurrentTemp: 3584.1406
09-20 13:08:04.630 17694 17753 W CCT_dump: [1.0164595, 0.0, 0.0, 0.0, 0.9988449, 0.0, 0.0, 0.0, 0.98469555]
09-20 13:08:04.635 17694 17753 W CurrentTemp: 3584.1406
09-20 13:08:04.636 17694 17753 W CCT_dump: [1.0164595, 0.0, 0.0, 0.0, 0.9988449, 0.0, 0.0, 0.0, 0.98469555]
09-20 13:08:04.640 17694 17753 W CurrentTemp: 3584.1406
09-20 13:08:04.641 17694 17753 W CCT_dump: [1.0164595, 0.0, 0.0, 0.0, 0.9988449, 0.0, 0.0, 0.0, 0.98469555]
09-20 13:08:04.643 17694 17753 W CurrentTemp: 3584.1406
09-20 13:08:04.644 17694 17753 W CCT_dump: [1.0164595, 0.0, 0.0, 0.0, 0.9988449, 0.0, 0.0, 0.0, 0.98469555]
09-20 13:08:04.822 17694 17738 W pkr     : CaptureResult is present COLOR_CORRECTION_GAINS NEUTRAL.
09-20 13:08:04.825 17694 17738 W CurrentTemp: 3619.2783
09-20 13:08:04.826 17694 17738 W CCT_dump: [1.0157049, 0.0, 0.0, 0.0, 0.9988782, 0.0, 0.0, 0.0, 0.9854168]
09-20 13:08:04.830 17694 17738 W CurrentTemp: 3619.2783
09-20 13:08:04.831 17694 17738 W CCT_dump: [1.0157049, 0.0, 0.0, 0.0, 0.9988782, 0.0, 0.0, 0.0, 0.9854168]
09-20 13:08:04.837 17694 17738 W CurrentTemp: 3619.2783
09-20 13:08:04.839 17694 17738 W CCT_dump: [1.0157049, 0.0, 0.0, 0.0, 0.9988782, 0.0, 0.0, 0.0, 0.9854168]
09-20 13:08:04.843 17694 17738 W CurrentTemp: 3619.2783
09-20 13:08:04.843 17694 17738 W CCT_dump: [1.0157049, 0.0, 0.0, 0.0, 0.9988782, 0.0, 0.0, 0.0, 0.9854168]
09-20 13:08:05.016 17694 17738 W pkr     : CaptureResult is present COLOR_CORRECTION_GAINS NEUTRAL.
09-20 13:08:05.018 17694 17738 W CurrentTemp: 3621.7175
09-20 13:08:05.018 17694 17738 W CCT_dump: [1.0156732, 0.0, 0.0, 0.0, 0.9988805, 0.0, 0.0, 0.0, 0.98544633]
09-20 13:08:05.020 17694 17738 W CurrentTemp: 3621.7175
09-20 13:08:05.020 17694 17738 W CCT_dump: [1.0156732, 0.0, 0.0, 0.0, 0.9988805, 0.0, 0.0, 0.0, 0.98544633]
09-20 13:08:05.021 17694 17738 W CurrentTemp: 3621.7175
09-20 13:08:05.022 17694 17738 W CCT_dump: [1.0156732, 0.0, 0.0, 0.0, 0.9988805, 0.0, 0.0, 0.0, 0.98544633]
09-20 13:08:05.024 17694 17738 W CurrentTemp: 3621.7175
09-20 13:08:05.025 17694 17738 W CCT_dump: [1.0156732, 0.0, 0.0, 0.0, 0.9988805, 0.0, 0.0, 0.0, 0.98544633]
09-20 13:08:05.227 17694 17753 W pkr     : CaptureResult is present COLOR_CORRECTION_GAINS NEUTRAL.
09-20 13:08:05.229 17694 17753 W CurrentTemp: 3640.7598
09-20 13:08:05.231 17694 17753 W CCT_dump: [1.0152441, 0.0, 0.0, 0.0, 0.9989899, 0.0, 0.0, 0.0, 0.985766]
09-20 13:08:05.234 17694 17753 W CurrentTemp: 3640.7598
09-20 13:08:05.235 17694 17753 W CCT_dump: [1.0152441, 0.0, 0.0, 0.0, 0.9989899, 0.0, 0.0, 0.0, 0.985766]
09-20 13:08:05.239 17694 17753 W CurrentTemp: 3640.7598
09-20 13:08:05.240 17694 17753 W CCT_dump: [1.0152441, 0.0, 0.0, 0.0, 0.9989899, 0.0, 0.0, 0.0, 0.985766]
09-20 13:08:05.244 17694 17753 W CurrentTemp: 3640.7598
09-20 13:08:05.245 17694 17753 W CCT_dump: [1.0152441, 0.0, 0.0, 0.0, 0.9989899, 0.0, 0.0, 0.0, 0.985766]
09-20 13:08:05.417 17694 17753 W pkr     : CaptureResult is present COLOR_CORRECTION_GAINS NEUTRAL.
09-20 13:08:05.420 17694 17753 W CurrentTemp: 3631.6655
09-20 13:08:05.420 17694 17753 W CCT_dump: [1.0154519, 0.0, 0.0, 0.0, 0.99907476, 0.0, 0.0, 0.0, 0.98547333]
09-20 13:08:05.423 17694 17753 W CurrentTemp: 3631.6655
09-20 13:08:05.423 17694 17753 W CCT_dump: [1.0154519, 0.0, 0.0, 0.0, 0.99907476, 0.0, 0.0, 0.0, 0.98547333]
09-20 13:08:05.425 17694 17753 W CurrentTemp: 3631.6655
09-20 13:08:05.425 17694 17753 W CCT_dump: [1.0154519, 0.0, 0.0, 0.0, 0.99907476, 0.0, 0.0, 0.0, 0.98547333]
09-20 13:08:05.426 17694 17753 W CurrentTemp: 3631.6655
09-20 13:08:05.427 17694 17753 W CCT_dump: [1.0154519, 0.0, 0.0, 0.0, 0.99907476, 0.0, 0.0, 0.0, 0.98547333]
09-20 13:08:05.618 17694 17753 W pkr     : CaptureResult is present COLOR_CORRECTION_GAINS NEUTRAL.
09-20 13:08:05.623 17694 17753 W CurrentTemp: 3649.3953
09-20 13:08:05.623 17694 17753 W CCT_dump: [1.0151356, 0.0, 0.0, 0.0, 0.99899703, 0.0, 0.0, 0.0, 0.98586726]
09-20 13:08:05.626 17694 17753 W CurrentTemp: 3649.3953
09-20 13:08:05.627 17694 17753 W CCT_dump: [1.0151356, 0.0, 0.0, 0.0, 0.99899703, 0.0, 0.0, 0.0, 0.98586726]
09-20 13:08:05.631 17694 17753 W CurrentTemp: 3649.3953
09-20 13:08:05.632 17694 17753 W CCT_dump: [1.0151356, 0.0, 0.0, 0.0, 0.99899703, 0.0, 0.0, 0.0, 0.98586726]
09-20 13:08:05.637 17694 17753 W CurrentTemp: 3649.3953
09-20 13:08:05.637 17694 17753 W CCT_dump: [1.0151356, 0.0, 0.0, 0.0, 0.99899703, 0.0, 0.0, 0.0, 0.98586726]
09-20 13:08:05.816 17694 17738 W pkr     : CaptureResult is present COLOR_CORRECTION_GAINS NEUTRAL.
09-20 13:08:05.820 17694 17738 W CurrentTemp: 3650.7402
09-20 13:08:05.821 17694 17738 W CCT_dump: [1.0151188, 0.0, 0.0, 0.0, 0.9989981, 0.0, 0.0, 0.0, 0.98588294]
09-20 13:08:05.825 17694 17738 W CurrentTemp: 3650.7402
09-20 13:08:05.826 17694 17738 W CCT_dump: [1.0151188, 0.0, 0.0, 0.0, 0.9989981, 0.0, 0.0, 0.0, 0.98588294]
09-20 13:08:05.828 17694 17738 W CurrentTemp: 3650.7402
09-20 13:08:05.829 17694 17738 W CCT_dump: [1.0151188, 0.0, 0.0, 0.0, 0.9989981, 0.0, 0.0, 0.0, 0.98588294]
09-20 13:08:05.833 17694 17738 W CurrentTemp: 3650.7402
09-20 13:08:05.834 17694 17738 W CCT_dump: [1.0151188, 0.0, 0.0, 0.0, 0.9989981, 0.0, 0.0, 0.0, 0.98588294]
09-20 13:08:06.017 17694 17738 W pkr     : CaptureResult is present COLOR_CORRECTION_GAINS NEUTRAL.
09-20 13:08:06.020 17694 17738 W CurrentTemp: 3641.8542
09-20 13:08:06.020 17694 17738 W CCT_dump: [1.0152303, 0.0, 0.0, 0.0, 0.9989908, 0.0, 0.0, 0.0, 0.98577887]
09-20 13:08:06.023 17694 17738 W CurrentTemp: 3641.8542
09-20 13:08:06.024 17694 17738 W CCT_dump: [1.0152303, 0.0, 0.0, 0.0, 0.9989908, 0.0, 0.0, 0.0, 0.98577887]
09-20 13:08:06.026 17694 17738 W CurrentTemp: 3641.8542
09-20 13:08:06.027 17694 17738 W CCT_dump: [1.0152303, 0.0, 0.0, 0.0, 0.9989908, 0.0, 0.0, 0.0, 0.98577887]
09-20 13:08:06.029 17694 17738 W CurrentTemp: 3641.8542
09-20 13:08:06.031 17694 17738 W CCT_dump: [1.0152303, 0.0, 0.0, 0.0, 0.9989908, 0.0, 0.0, 0.0, 0.98577887]
09-20 13:08:06.215 17694 17738 W pkr     : CaptureResult is present COLOR_CORRECTION_GAINS NEUTRAL.
09-20 13:08:06.217 17694 17738 W CurrentTemp: 3641.8542
09-20 13:08:06.218 17694 17738 W CCT_dump: [1.0152303, 0.0, 0.0, 0.0, 0.9989908, 0.0, 0.0, 0.0, 0.98577887]
09-20 13:08:06.223 17694 17738 W CurrentTemp: 3641.8542
09-20 13:08:06.227 17694 17738 W CCT_dump: [1.0152303, 0.0, 0.0, 0.0, 0.9989908, 0.0, 0.0, 0.0, 0.98577887]
09-20 13:08:06.232 17694 17738 W CurrentTemp: 3641.8542
09-20 13:08:06.233 17694 17738 W CCT_dump: [1.0152303, 0.0, 0.0, 0.0, 0.9989908, 0.0, 0.0, 0.0, 0.98577887]
09-20 13:08:06.237 17694 17738 W CurrentTemp: 3641.8542
09-20 13:08:06.240 17694 17738 W CCT_dump: [1.0152303, 0.0, 0.0, 0.0, 0.9989908, 0.0, 0.0, 0.0, 0.98577887]
09-20 13:08:06.419 17694 17753 W pkr     : CaptureResult is present COLOR_CORRECTION_GAINS NEUTRAL.
09-20 13:08:06.422 17694 17753 W CurrentTemp: 3640.5195
09-20 13:08:06.423 17694 17753 W CCT_dump: [1.0152472, 0.0, 0.0, 0.0, 0.99898964, 0.0, 0.0, 0.0, 0.98576313]
09-20 13:08:06.426 17694 17753 W CurrentTemp: 3640.5195
09-20 13:08:06.427 17694 17753 W CCT_dump: [1.0152472, 0.0, 0.0, 0.0, 0.99898964, 0.0, 0.0, 0.0, 0.98576313]
09-20 13:08:06.431 17694 17753 W CurrentTemp: 3640.5195
09-20 13:08:06.432 17694 17753 W CCT_dump: [1.0152472, 0.0, 0.0, 0.0, 0.99898964, 0.0, 0.0, 0.0, 0.98576313]
09-20 13:08:06.435 17694 17753 W CurrentTemp: 3640.5195
09-20 13:08:06.436 17694 17753 W CCT_dump: [1.0152472, 0.0, 0.0, 0.0, 0.99898964, 0.0, 0.0, 0.0, 0.98576313]
09-20 13:08:06.611 17694 17753 W pkr     : CaptureResult is present COLOR_CORRECTION_GAINS NEUTRAL.
09-20 13:08:06.615 17694 17753 W CurrentTemp: 3636.755
09-20 13:08:06.615 17694 17753 W CCT_dump: [1.0152948, 0.0, 0.0, 0.0, 0.9989865, 0.0, 0.0, 0.0, 0.9857187]
09-20 13:08:06.617 17694 17753 W CurrentTemp: 3636.755
09-20 13:08:06.617 17694 17753 W CCT_dump: [1.0152948, 0.0, 0.0, 0.0, 0.9989865, 0.0, 0.0, 0.0, 0.9857187]
09-20 13:08:06.619 17694 17753 W CurrentTemp: 3636.755
09-20 13:08:06.619 17694 17753 W CCT_dump: [1.0152948, 0.0, 0.0, 0.0, 0.9989865, 0.0, 0.0, 0.0, 0.9857187]
09-20 13:08:06.621 17694 17753 W CurrentTemp: 3636.755
09-20 13:08:06.621 17694 17753 W CCT_dump: [1.0152948, 0.0, 0.0, 0.0, 0.9989865, 0.0, 0.0, 0.0, 0.9857187]
09-20 13:08:06.823 17694 17738 W pkr     : CaptureResult is present COLOR_CORRECTION_GAINS NEUTRAL.
09-20 13:08:06.828 17694 17738 W CurrentTemp: 3636.755
09-20 13:08:06.829 17694 17738 W CCT_dump: [1.0152948, 0.0, 0.0, 0.0, 0.9989865, 0.0, 0.0, 0.0, 0.9857187]
09-20 13:08:06.834 17694 17738 W CurrentTemp: 3636.755
09-20 13:08:06.835 17694 17738 W CCT_dump: [1.0152948, 0.0, 0.0, 0.0, 0.9989865, 0.0, 0.0, 0.0, 0.9857187]
09-20 13:08:06.839 17694 17738 W CurrentTemp: 3636.755
09-20 13:08:06.840 17694 17738 W CCT_dump: [1.0152948, 0.0, 0.0, 0.0, 0.9989865, 0.0, 0.0, 0.0, 0.9857187]
09-20 13:08:06.844 17694 17738 W CurrentTemp: 3636.755
09-20 13:08:06.845 17694 17738 W CCT_dump: [1.0152948, 0.0, 0.0, 0.0, 0.9989865, 0.0, 0.0, 0.0, 0.9857187]
09-20 13:08:07.019 17694 17738 W pkr     : CaptureResult is present COLOR_CORRECTION_GAINS NEUTRAL.
09-20 13:08:07.022 17694 17738 W CurrentTemp: 3662.0757
09-20 13:08:07.023 17694 17738 W CCT_dump: [1.0147976, 0.0, 0.0, 0.0, 0.99909776, 0.0, 0.0, 0.0, 0.9861047]
09-20 13:08:07.026 17694 17738 W CurrentTemp: 3662.0757
09-20 13:08:07.026 17694 17738 W CCT_dump: [1.0147976, 0.0, 0.0, 0.0, 0.99909776, 0.0, 0.0, 0.0, 0.9861047]
09-20 13:08:07.028 17694 17738 W CurrentTemp: 3662.0757
09-20 13:08:07.029 17694 17738 W CCT_dump: [1.0147976, 0.0, 0.0, 0.0, 0.99909776, 0.0, 0.0, 0.0, 0.9861047]
09-20 13:08:07.032 17694 17738 W CurrentTemp: 3662.0757
09-20 13:08:07.033 17694 17738 W CCT_dump: [1.0147976, 0.0, 0.0, 0.0, 0.99909776, 0.0, 0.0, 0.0, 0.9861047]
09-20 13:08:07.219 17694 17753 W pkr     : CaptureResult is present COLOR_CORRECTION_GAINS NEUTRAL.
09-20 13:08:07.223 17694 17753 W CurrentTemp: 3692.743
09-20 13:08:07.224 17694 17753 W CCT_dump: [1.0142527, 0.0, 0.0, 0.0, 0.9989442, 0.0, 0.0, 0.0, 0.98680305]
09-20 13:08:07.227 17694 17753 W CurrentTemp: 3692.743
09-20 13:08:07.228 17694 17753 W CCT_dump: [1.0142527, 0.0, 0.0, 0.0, 0.9989442, 0.0, 0.0, 0.0, 0.98680305]
09-20 13:08:07.231 17694 17753 W CurrentTemp: 3692.743
09-20 13:08:07.233 17694 17753 W CCT_dump: [1.0142527, 0.0, 0.0, 0.0, 0.9989442, 0.0, 0.0, 0.0, 0.98680305]
09-20 13:08:07.237 17694 17753 W CurrentTemp: 3692.743
09-20 13:08:07.238 17694 17753 W CCT_dump: [1.0142527, 0.0, 0.0, 0.0, 0.9989442, 0.0, 0.0, 0.0, 0.98680305]
09-20 13:08:07.419 17694 17753 W pkr     : CaptureResult is present COLOR_CORRECTION_GAINS NEUTRAL.
09-20 13:08:07.424 17694 17753 W CurrentTemp: 3687.5574
09-20 13:08:07.425 17694 17753 W CCT_dump: [1.0144019, 0.0, 0.0, 0.0, 0.9990281, 0.0, 0.0, 0.0, 0.98657]
09-20 13:08:07.428 17694 17753 W CurrentTemp: 3687.5574
09-20 13:08:07.428 17694 17753 W CCT_dump: [1.0144019, 0.0, 0.0, 0.0, 0.9990281, 0.0, 0.0, 0.0, 0.98657]
09-20 13:08:07.430 17694 17753 W CurrentTemp: 3687.5574
09-20 13:08:07.430 17694 17753 W CCT_dump: [1.0144019, 0.0, 0.0, 0.0, 0.9990281, 0.0, 0.0, 0.0, 0.98657]
09-20 13:08:07.432 17694 17753 W CurrentTemp: 3687.5574
09-20 13:08:07.432 17694 17753 W CCT_dump: [1.0144019, 0.0, 0.0, 0.0, 0.9990281, 0.0, 0.0, 0.0, 0.98657]
09-20 13:08:07.617 17694 17738 W pkr     : CaptureResult is present COLOR_CORRECTION_GAINS NEUTRAL.
09-20 13:08:07.623 17694 17738 W CurrentTemp: 3678.5884
09-20 13:08:07.625 17694 17738 W CCT_dump: [1.0145086, 0.0, 0.0, 0.0, 0.9990209, 0.0, 0.0, 0.0, 0.9864705]
09-20 13:08:07.629 17694 17738 W CurrentTemp: 3678.5884
09-20 13:08:07.630 17694 17738 W CCT_dump: [1.0145086, 0.0, 0.0, 0.0, 0.9990209, 0.0, 0.0, 0.0, 0.9864705]
09-20 13:08:07.635 17694 17738 W CurrentTemp: 3678.5884
09-20 13:08:07.636 17694 17738 W CCT_dump: [1.0145086, 0.0, 0.0, 0.0, 0.9990209, 0.0, 0.0, 0.0, 0.9864705]
09-20 13:08:07.642 17694 17738 W CurrentTemp: 3678.5884
09-20 13:08:07.643 17694 17738 W CCT_dump: [1.0145086, 0.0, 0.0, 0.0, 0.9990209, 0.0, 0.0, 0.0, 0.9864705]
09-20 13:08:07.811 17694 17738 W pkr     : CaptureResult is present COLOR_CORRECTION_GAINS NEUTRAL.
09-20 13:08:07.813 17694 17738 W CurrentTemp: 3688.9382
09-20 13:08:07.813 17694 17738 W CCT_dump: [1.0143856, 0.0, 0.0, 0.0, 0.99902916, 0.0, 0.0, 0.0, 0.9865852]
09-20 13:08:07.815 17694 17738 W CurrentTemp: 3688.9382
09-20 13:08:07.816 17694 17738 W CCT_dump: [1.0143856, 0.0, 0.0, 0.0, 0.99902916, 0.0, 0.0, 0.0, 0.9865852]
09-20 13:08:07.819 17694 17738 W CurrentTemp: 3688.9382
09-20 13:08:07.819 17694 17738 W CCT_dump: [1.0143856, 0.0, 0.0, 0.0, 0.99902916, 0.0, 0.0, 0.0, 0.9865852]
09-20 13:08:07.823 17694 17738 W CurrentTemp: 3688.9382
09-20 13:08:07.823 17694 17738 W CCT_dump: [1.0143856, 0.0, 0.0, 0.0, 0.99902916, 0.0, 0.0, 0.0, 0.9865852]
09-20 13:08:08.017 17694 17753 W pkr     : CaptureResult is present COLOR_CORRECTION_GAINS NEUTRAL.
09-20 13:08:08.027 17694 17753 W CurrentTemp: 3688.9382
09-20 13:08:08.028 17694 17753 W CCT_dump: [1.0143856, 0.0, 0.0, 0.0, 0.99902916, 0.0, 0.0, 0.0, 0.9865852]
09-20 13:08:08.031 17694 17753 W CurrentTemp: 3688.9382
09-20 13:08:08.032 17694 17753 W CCT_dump: [1.0143856, 0.0, 0.0, 0.0, 0.99902916, 0.0, 0.0, 0.0, 0.9865852]
09-20 13:08:08.038 17694 17753 W CurrentTemp: 3688.9382
09-20 13:08:08.040 17694 17753 W CCT_dump: [1.0143856, 0.0, 0.0, 0.0, 0.99902916, 0.0, 0.0, 0.0, 0.9865852]
09-20 13:08:08.042 17694 17753 W CurrentTemp: 3688.9382
09-20 13:08:08.043 17694 17753 W CCT_dump: [1.0143856, 0.0, 0.0, 0.0, 0.99902916, 0.0, 0.0, 0.0, 0.9865852]
09-20 13:08:08.215 17694 17738 W pkr     : CaptureResult is present COLOR_CORRECTION_GAINS NEUTRAL.
09-20 13:08:08.217 17694 17738 W CurrentTemp: 3688.9382
09-20 13:08:08.218 17694 17738 W CCT_dump: [1.0143856, 0.0, 0.0, 0.0, 0.99902916, 0.0, 0.0, 0.0, 0.9865852]
09-20 13:08:08.225 17694 17738 W CurrentTemp: 3688.9382
09-20 13:08:08.226 17694 17738 W CCT_dump: [1.0143856, 0.0, 0.0, 0.0, 0.99902916, 0.0, 0.0, 0.0, 0.9865852]
09-20 13:08:08.229 17694 17738 W CurrentTemp: 3688.9382
09-20 13:08:08.230 17694 17738 W CCT_dump: [1.0143856, 0.0, 0.0, 0.0, 0.99902916, 0.0, 0.0, 0.0, 0.9865852]
09-20 13:08:08.232 17694 17738 W CurrentTemp: 3688.9382
09-20 13:08:08.233 17694 17738 W CCT_dump: [1.0143856, 0.0, 0.0, 0.0, 0.99902916, 0.0, 0.0, 0.0, 0.9865852]
09-20 13:08:08.419 17694 17753 W pkr     : CaptureResult is present COLOR_CORRECTION_GAINS NEUTRAL.
09-20 13:08:08.425 17694 17753 W CurrentTemp: 3679.9612
09-20 13:08:08.426 17694 17753 W CCT_dump: [1.0144922, 0.0, 0.0, 0.0, 0.999022, 0.0, 0.0, 0.0, 0.98648584]
09-20 13:08:08.430 17694 17753 W CurrentTemp: 3679.9612
09-20 13:08:08.431 17694 17753 W CCT_dump: [1.0144922, 0.0, 0.0, 0.0, 0.999022, 0.0, 0.0, 0.0, 0.98648584]
09-20 13:08:08.436 17694 17753 W CurrentTemp: 3679.9612
09-20 13:08:08.440 17694 17753 W CCT_dump: [1.0144922, 0.0, 0.0, 0.0, 0.999022, 0.0, 0.0, 0.0, 0.98648584]
09-20 13:08:08.442 17694 17753 W CurrentTemp: 3679.9612
09-20 13:08:08.443 17694 17753 W CCT_dump: [1.0144922, 0.0, 0.0, 0.0, 0.999022, 0.0, 0.0, 0.0, 0.98648584]
09-20 13:08:08.617 17694 17738 W pkr     : CaptureResult is present COLOR_CORRECTION_GAINS NEUTRAL.
09-20 13:08:08.624 17694 17738 W CurrentTemp: 3687.5574
09-20 13:08:08.624 17694 17738 W CCT_dump: [1.0144019, 0.0, 0.0, 0.0, 0.9990281, 0.0, 0.0, 0.0, 0.98657]
09-20 13:08:08.627 17694 17738 W CurrentTemp: 3687.5574
09-20 13:08:08.628 17694 17738 W CCT_dump: [1.0144019, 0.0, 0.0, 0.0, 0.9990281, 0.0, 0.0, 0.0, 0.98657]
09-20 13:08:08.631 17694 17738 W CurrentTemp: 3687.5574
09-20 13:08:08.632 17694 17738 W CCT_dump: [1.0144019, 0.0, 0.0, 0.0, 0.9990281, 0.0, 0.0, 0.0, 0.98657]
09-20 13:08:08.635 17694 17738 W CurrentTemp: 3687.5574
09-20 13:08:08.636 17694 17738 W CCT_dump: [1.0144019, 0.0, 0.0, 0.0, 0.9990281, 0.0, 0.0, 0.0, 0.98657]
09-20 13:08:08.818 17694 17753 W pkr     : CaptureResult is present COLOR_CORRECTION_GAINS NEUTRAL.
09-20 13:08:08.826 17694 17753 W CurrentTemp: 3687.5574
09-20 13:08:08.827 17694 17753 W CCT_dump: [1.0144019, 0.0, 0.0, 0.0, 0.9990281, 0.0, 0.0, 0.0, 0.98657]
09-20 13:08:08.831 17694 17753 W CurrentTemp: 3687.5574
09-20 13:08:08.832 17694 17753 W CCT_dump: [1.0144019, 0.0, 0.0, 0.0, 0.9990281, 0.0, 0.0, 0.0, 0.98657]
09-20 13:08:08.835 17694 17753 W CurrentTemp: 3687.5574
09-20 13:08:08.837 17694 17753 W CCT_dump: [1.0144019, 0.0, 0.0, 0.0, 0.9990281, 0.0, 0.0, 0.0, 0.98657]
09-20 13:08:08.842 17694 17753 W CurrentTemp: 3687.5574
09-20 13:08:08.843 17694 17753 W CCT_dump: [1.0144019, 0.0, 0.0, 0.0, 0.9990281, 0.0, 0.0, 0.0, 0.98657]
09-20 13:08:09.010 17694 17753 W pkr     : CaptureResult is present COLOR_CORRECTION_GAINS NEUTRAL.
09-20 13:08:09.013 17694 17753 W CurrentTemp: 3683.7578
09-20 13:08:09.013 17694 17753 W CCT_dump: [1.014447, 0.0, 0.0, 0.0, 0.99902505, 0.0, 0.0, 0.0, 0.986528]
09-20 13:08:09.016 17694 17753 W CurrentTemp: 3683.7578
09-20 13:08:09.017 17694 17753 W CCT_dump: [1.014447, 0.0, 0.0, 0.0, 0.99902505, 0.0, 0.0, 0.0, 0.986528]
09-20 13:08:09.019 17694 17753 W CurrentTemp: 3683.7578
09-20 13:08:09.020 17694 17753 W CCT_dump: [1.014447, 0.0, 0.0, 0.0, 0.99902505, 0.0, 0.0, 0.0, 0.986528]
09-20 13:08:09.023 17694 17753 W CurrentTemp: 3683.7578
09-20 13:08:09.023 17694 17753 W CCT_dump: [1.014447, 0.0, 0.0, 0.0, 0.99902505, 0.0, 0.0, 0.0, 0.986528]
09-20 13:08:09.211 17694 17753 W pkr     : CaptureResult is present COLOR_CORRECTION_GAINS NEUTRAL.
09-20 13:08:09.213 17694 17753 W CurrentTemp: 3703.1472
09-20 13:08:09.214 17694 17753 W CCT_dump: [1.0140442, 0.0, 0.0, 0.0, 0.9991276, 0.0, 0.0, 0.0, 0.986828]
09-20 13:08:09.216 17694 17753 W CurrentTemp: 3703.1472
09-20 13:08:09.217 17694 17753 W CCT_dump: [1.0140442, 0.0, 0.0, 0.0, 0.9991276, 0.0, 0.0, 0.0, 0.986828]
09-20 13:08:09.220 17694 17753 W CurrentTemp: 3703.1472
09-20 13:08:09.221 17694 17753 W CCT_dump: [1.0140442, 0.0, 0.0, 0.0, 0.9991276, 0.0, 0.0, 0.0, 0.986828]
09-20 13:08:09.223 17694 17753 W CurrentTemp: 3703.1472
09-20 13:08:09.223 17694 17753 W CCT_dump: [1.0140442, 0.0, 0.0, 0.0, 0.9991276, 0.0, 0.0, 0.0, 0.986828]
09-20 13:08:09.422 17694 17738 W pkr     : CaptureResult is present COLOR_CORRECTION_GAINS NEUTRAL.
09-20 13:08:09.427 17694 17738 W CurrentTemp: 3694.1301
09-20 13:08:09.427 17694 17738 W CCT_dump: [1.0142365, 0.0, 0.0, 0.0, 0.9989455, 0.0, 0.0, 0.0, 0.98681813]
09-20 13:08:09.431 17694 17738 W CurrentTemp: 3694.1301
09-20 13:08:09.431 17694 17738 W CCT_dump: [1.0142365, 0.0, 0.0, 0.0, 0.9989455, 0.0, 0.0, 0.0, 0.98681813]
09-20 13:08:09.434 17694 17738 W CurrentTemp: 3694.1301
09-20 13:08:09.435 17694 17738 W CCT_dump: [1.0142365, 0.0, 0.0, 0.0, 0.9989455, 0.0, 0.0, 0.0, 0.98681813]
09-20 13:08:09.439 17694 17738 W CurrentTemp: 3694.1301
09-20 13:08:09.441 17694 17738 W CCT_dump: [1.0142365, 0.0, 0.0, 0.0, 0.9989455, 0.0, 0.0, 0.0, 0.98681813]
09-20 13:08:09.617 17694 17753 W pkr     : CaptureResult is present COLOR_CORRECTION_GAINS NEUTRAL.
09-20 13:08:09.621 17694 17753 W CurrentTemp: 3703.1472
09-20 13:08:09.621 17694 17753 W CCT_dump: [1.0140442, 0.0, 0.0, 0.0, 0.9991276, 0.0, 0.0, 0.0, 0.986828]
09-20 13:08:09.626 17694 17753 W CurrentTemp: 3703.1472
09-20 13:08:09.627 17694 17753 W CCT_dump: [1.0140442, 0.0, 0.0, 0.0, 0.9991276, 0.0, 0.0, 0.0, 0.986828]
09-20 13:08:09.630 17694 17753 W CurrentTemp: 3703.1472
09-20 13:08:09.631 17694 17753 W CCT_dump: [1.0140442, 0.0, 0.0, 0.0, 0.9991276, 0.0, 0.0, 0.0, 0.986828]
09-20 13:08:09.635 17694 17753 W CurrentTemp: 3703.1472
09-20 13:08:09.636 17694 17753 W CCT_dump: [1.0140442, 0.0, 0.0, 0.0, 0.9991276, 0.0, 0.0, 0.0, 0.986828]
09-20 13:08:09.815 17694 17738 W pkr     : CaptureResult is present COLOR_CORRECTION_GAINS NEUTRAL.
09-20 13:08:09.820 17694 17738 W CurrentTemp: 3708.366
09-20 13:08:09.820 17694 17738 W CCT_dump: [1.0139842, 0.0, 0.0, 0.0, 0.99913144, 0.0, 0.0, 0.0, 0.9868844]
09-20 13:08:09.824 17694 17738 W CurrentTemp: 3708.366
09-20 13:08:09.824 17694 17738 W CCT_dump: [1.0139842, 0.0, 0.0, 0.0, 0.99913144, 0.0, 0.0, 0.0, 0.9868844]
09-20 13:08:09.825 17694 17738 W CurrentTemp: 3708.366
09-20 13:08:09.826 17694 17738 W CCT_dump: [1.0139842, 0.0, 0.0, 0.0, 0.99913144, 0.0, 0.0, 0.0, 0.9868844]
09-20 13:08:09.827 17694 17738 W CurrentTemp: 3708.366
09-20 13:08:09.827 17694 17738 W CCT_dump: [1.0139842, 0.0, 0.0, 0.0, 0.99913144, 0.0, 0.0, 0.0, 0.9868844]
09-20 13:08:10.013 17694 17753 W pkr     : CaptureResult is present COLOR_CORRECTION_GAINS NEUTRAL.
09-20 13:08:10.019 17694 17753 W CurrentTemp: 3690.323
09-20 13:08:10.020 17694 17753 W CCT_dump: [1.0143691, 0.0, 0.0, 0.0, 0.9990303, 0.0, 0.0, 0.0, 0.9866005]
09-20 13:08:10.024 17694 17753 W CurrentTemp: 3690.323
09-20 13:08:10.025 17694 17753 W CCT_dump: [1.0143691, 0.0, 0.0, 0.0, 0.9990303, 0.0, 0.0, 0.0, 0.9866005]
09-20 13:08:10.026 17694 17753 W CurrentTemp: 3690.323
09-20 13:08:10.027 17694 17753 W CCT_dump: [1.0143691, 0.0, 0.0, 0.0, 0.9990303, 0.0, 0.0, 0.0, 0.9866005]
09-20 13:08:10.029 17694 17753 W CurrentTemp: 3690.323
09-20 13:08:10.030 17694 17753 W CCT_dump: [1.0143691, 0.0, 0.0, 0.0, 0.9990303, 0.0, 0.0, 0.0, 0.9866005]
09-20 13:08:10.207 17694 17753 W pkr     : CaptureResult is present COLOR_CORRECTION_GAINS NEUTRAL.
09-20 13:08:10.211 17694 17753 W CurrentTemp: 3687.5574
09-20 13:08:10.211 17694 17753 W CCT_dump: [1.0144019, 0.0, 0.0, 0.0, 0.9990281, 0.0, 0.0, 0.0, 0.98657]
09-20 13:08:10.214 17694 17753 W CurrentTemp: 3687.5574
09-20 13:08:10.215 17694 17753 W CCT_dump: [1.0144019, 0.0, 0.0, 0.0, 0.9990281, 0.0, 0.0, 0.0, 0.98657]
09-20 13:08:10.217 17694 17753 W CurrentTemp: 3687.5574
09-20 13:08:10.218 17694 17753 W CCT_dump: [1.0144019, 0.0, 0.0, 0.0, 0.9990281, 0.0, 0.0, 0.0, 0.98657]
09-20 13:08:10.221 17694 17753 W CurrentTemp: 3687.5574
09-20 13:08:10.222 17694 17753 W CCT_dump: [1.0144019, 0.0, 0.0, 0.0, 0.9990281, 0.0, 0.0, 0.0, 0.98657]
09-20 13:08:10.415 17694 17738 W pkr     : CaptureResult is present COLOR_CORRECTION_GAINS NEUTRAL.
09-20 13:08:10.418 17694 17738 W CurrentTemp: 3678.5884
09-20 13:08:10.419 17694 17738 W CCT_dump: [1.0145086, 0.0, 0.0, 0.0, 0.9990209, 0.0, 0.0, 0.0, 0.9864705]
09-20 13:08:10.423 17694 17738 W CurrentTemp: 3678.5884
09-20 13:08:10.423 17694 17738 W CCT_dump: [1.0145086, 0.0, 0.0, 0.0, 0.9990209, 0.0, 0.0, 0.0, 0.9864705]
09-20 13:08:10.425 17694 17738 W CurrentTemp: 3678.5884
09-20 13:08:10.425 17694 17738 W CCT_dump: [1.0145086, 0.0, 0.0, 0.0, 0.9990209, 0.0, 0.0, 0.0, 0.9864705]
09-20 13:08:10.429 17694 17738 W CurrentTemp: 3678.5884
09-20 13:08:10.430 17694 17738 W CCT_dump: [1.0145086, 0.0, 0.0, 0.0, 0.9990209, 0.0, 0.0, 0.0, 0.9864705]
09-20 13:08:10.612 17694 17738 W pkr     : CaptureResult is present COLOR_CORRECTION_GAINS NEUTRAL.
09-20 13:08:10.614 17694 17738 W CurrentTemp: 3678.5884
09-20 13:08:10.615 17694 17738 W CCT_dump: [1.0145086, 0.0, 0.0, 0.0, 0.9990209, 0.0, 0.0, 0.0, 0.9864705]
09-20 13:08:10.617 17694 17738 W CurrentTemp: 3678.5884
09-20 13:08:10.618 17694 17738 W CCT_dump: [1.0145086, 0.0, 0.0, 0.0, 0.9990209, 0.0, 0.0, 0.0, 0.9864705]
09-20 13:08:10.621 17694 17738 W CurrentTemp: 3678.5884
09-20 13:08:10.621 17694 17738 W CCT_dump: [1.0145086, 0.0, 0.0, 0.0, 0.9990209, 0.0, 0.0, 0.0, 0.9864705]
09-20 13:08:10.623 17694 17738 W CurrentTemp: 3678.5884
09-20 13:08:10.624 17694 17738 W CCT_dump: [1.0145086, 0.0, 0.0, 0.0, 0.9990209, 0.0, 0.0, 0.0, 0.9864705]
09-20 13:08:10.805 17694 17738 W pkr     : CaptureResult is present COLOR_CORRECTION_GAINS NEUTRAL.
09-20 13:08:10.808 17694 17738 W CurrentTemp: 3678.5884
09-20 13:08:10.809 17694 17738 W CCT_dump: [1.0145086, 0.0, 0.0, 0.0, 0.9990209, 0.0, 0.0, 0.0, 0.9864705]
09-20 13:08:10.812 17694 17738 W CurrentTemp: 3678.5884
09-20 13:08:10.812 17694 17738 W CCT_dump: [1.0145086, 0.0, 0.0, 0.0, 0.9990209, 0.0, 0.0, 0.0, 0.9864705]
09-20 13:08:10.815 17694 17738 W CurrentTemp: 3678.5884
09-20 13:08:10.817 17694 17738 W CCT_dump: [1.0145086, 0.0, 0.0, 0.0, 0.9990209, 0.0, 0.0, 0.0, 0.9864705]
09-20 13:08:10.823 17694 17738 W CurrentTemp: 3678.5884
09-20 13:08:10.823 17694 17738 W CCT_dump: [1.0145086, 0.0, 0.0, 0.0, 0.9990209, 0.0, 0.0, 0.0, 0.9864705]
09-20 13:08:11.006 17694 17753 W pkr     : CaptureResult is present COLOR_CORRECTION_GAINS NEUTRAL.
09-20 13:08:11.011 17694 17753 W CurrentTemp: 3694.1301
09-20 13:08:11.012 17694 17753 W CCT_dump: [1.0142365, 0.0, 0.0, 0.0, 0.9989455, 0.0, 0.0, 0.0, 0.98681813]
09-20 13:08:11.015 17694 17753 W CurrentTemp: 3694.1301
09-20 13:08:11.016 17694 17753 W CCT_dump: [1.0142365, 0.0, 0.0, 0.0, 0.9989455, 0.0, 0.0, 0.0, 0.98681813]
09-20 13:08:11.019 17694 17753 W CurrentTemp: 3694.1301
09-20 13:08:11.021 17694 17753 W CCT_dump: [1.0142365, 0.0, 0.0, 0.0, 0.9989455, 0.0, 0.0, 0.0, 0.98681813]
09-20 13:08:11.024 17694 17753 W CurrentTemp: 3694.1301
09-20 13:08:11.025 17694 17753 W CCT_dump: [1.0142365, 0.0, 0.0, 0.0, 0.9989455, 0.0, 0.0, 0.0, 0.98681813]
09-20 13:08:11.203 17694 17738 W pkr     : CaptureResult is present COLOR_CORRECTION_GAINS NEUTRAL.
09-20 13:08:11.205 17694 17738 W CurrentTemp: 3700.3582
09-20 13:08:11.206 17694 17738 W CCT_dump: [1.0140764, 0.0, 0.0, 0.0, 0.9991257, 0.0, 0.0, 0.0, 0.986798]
